Component: ARM Compiler 5.06 update 6 (build 750) Tool: armlink [4d35ed]

==============================================================================

Section Cross References

    main.o(i.main) refers to delay.o(i.delay_init) for delay_init
    main.o(i.main) refers to usart.o(i.uart_init) for uart_init
    main.o(i.main) refers to lcd.o(i.LCD_Init) for LCD_Init
    main.o(i.main) refers to lcd.o(i.LCD_Clear) for LCD_Clear
    main.o(i.main) refers to test.o(i.main_test) for main_test
    main.o(i.main) refers to test.o(i.Test_Color) for Test_Color
    main.o(i.main) refers to test.o(i.Test_FillRec) for Test_FillRec
    main.o(i.main) refers to test.o(i.Test_Circle) for Test_Circle
    main.o(i.main) refers to test.o(i.English_Font_test) for English_Font_test
    main.o(i.main) refers to test.o(i.Chinese_Font_test) for Chinese_Font_test
    main.o(i.main) refers to test.o(i.Pic_test) for Pic_test
    main.o(i.main) refers to test.o(i.Touch_Test) for Touch_Test
    system_stm32f10x.o(i.SetSysClock) refers to system_stm32f10x.o(i.SetSysClockTo72) for SetSysClockTo72
    system_stm32f10x.o(i.SystemCoreClockUpdate) refers to system_stm32f10x.o(.data) for SystemCoreClock
    system_stm32f10x.o(i.SystemInit) refers to system_stm32f10x.o(i.SetSysClock) for SetSysClock
    test.o(i.Chinese_Font_test) refers to test.o(i.DrawTestPage) for DrawTestPage
    test.o(i.Chinese_Font_test) refers to gui.o(i.Show_Str) for Show_Str
    test.o(i.Chinese_Font_test) refers to delay.o(i.delay_ms) for delay_ms
    test.o(i.DrawTestPage) refers to lcd.o(i.LCD_Fill) for LCD_Fill
    test.o(i.DrawTestPage) refers to gui.o(i.Gui_StrCenter) for Gui_StrCenter
    test.o(i.DrawTestPage) refers to lcd.o(.data) for lcddev
    test.o(i.English_Font_test) refers to test.o(i.DrawTestPage) for DrawTestPage
    test.o(i.English_Font_test) refers to gui.o(i.Show_Str) for Show_Str
    test.o(i.English_Font_test) refers to delay.o(i.delay_ms) for delay_ms
    test.o(i.Pic_test) refers to test.o(i.DrawTestPage) for DrawTestPage
    test.o(i.Pic_test) refers to lcd.o(i.LCD_Fill) for LCD_Fill
    test.o(i.Pic_test) refers to lcd.o(i.LCD_ShowPicture) for LCD_ShowPicture
    test.o(i.Pic_test) refers to gui.o(i.Show_Str) for Show_Str
    test.o(i.Pic_test) refers to delay.o(i.delay_ms) for delay_ms
    test.o(i.Pic_test) refers to lcd.o(.data) for lcddev
    test.o(i.Pic_test) refers to test.o(.constdata) for gImage_1
    test.o(i.Test_Circle) refers to test.o(i.DrawTestPage) for DrawTestPage
    test.o(i.Test_Circle) refers to lcd.o(i.LCD_Fill) for LCD_Fill
    test.o(i.Test_Circle) refers to gui.o(i.gui_circle) for gui_circle
    test.o(i.Test_Circle) refers to delay.o(i.delay_ms) for delay_ms
    test.o(i.Test_Circle) refers to lcd.o(.data) for lcddev
    test.o(i.Test_Circle) refers to test.o(.data) for ColorTab
    test.o(i.Test_Color) refers to test.o(i.DrawTestPage) for DrawTestPage
    test.o(i.Test_Color) refers to lcd.o(i.LCD_Fill) for LCD_Fill
    test.o(i.Test_Color) refers to gui.o(i.Show_Str) for Show_Str
    test.o(i.Test_Color) refers to delay.o(i.delay_ms) for delay_ms
    test.o(i.Test_Color) refers to lcd.o(.data) for lcddev
    test.o(i.Test_FillRec) refers to test.o(i.DrawTestPage) for DrawTestPage
    test.o(i.Test_FillRec) refers to lcd.o(i.LCD_Fill) for LCD_Fill
    test.o(i.Test_FillRec) refers to lcd.o(i.LCD_DrawRectangle) for LCD_DrawRectangle
    test.o(i.Test_FillRec) refers to delay.o(i.delay_ms) for delay_ms
    test.o(i.Test_FillRec) refers to lcd.o(.data) for lcddev
    test.o(i.Test_FillRec) refers to test.o(.data) for ColorTab
    test.o(i.Touch_Test) refers to touch.o(i.TP_Init) for TP_Init
    test.o(i.Touch_Test) refers to lcd.o(i.LCD_Clear) for LCD_Clear
    test.o(i.Touch_Test) refers to test.o(i.DrawTestPage) for DrawTestPage
    test.o(i.Touch_Test) refers to delay.o(i.delay_ms) for delay_ms
    test.o(i.Touch_Test) refers to touch.o(i.LCD_DrawRoughLine) for LCD_DrawRoughLine
    test.o(i.Touch_Test) refers to lcd.o(i.LCD_ShowString) for LCD_ShowString
    test.o(i.Touch_Test) refers to lcd.o(i.LCD_ShowIntNum) for LCD_ShowIntNum
    test.o(i.Touch_Test) refers to touch.o(.data) for tp_dev
    test.o(i.Touch_Test) refers to lcd.o(.data) for lcddev
    test.o(i.main_test) refers to test.o(i.DrawTestPage) for DrawTestPage
    test.o(i.main_test) refers to gui.o(i.Gui_StrCenter) for Gui_StrCenter
    test.o(i.main_test) refers to delay.o(i.delay_ms) for delay_ms
    gui.o(i.GUI_DrawPoint) refers to lcd.o(i.LCD_Address_Set) for LCD_Address_Set
    gui.o(i.GUI_DrawPoint) refers to lcd.o(i.LCD_WR_DATA) for LCD_WR_DATA
    gui.o(i.Gui_StrCenter) refers to strlen.o(.text) for strlen
    gui.o(i.Gui_StrCenter) refers to gui.o(i.Show_Str) for Show_Str
    gui.o(i.Gui_StrCenter) refers to lcd.o(.data) for lcddev
    gui.o(i.Show_Str) refers to lcd.o(i.LCD_ShowChar) for LCD_ShowChar
[...]
    Removing stm32f10x_usart.o(i.USART_ClockInit), (34 bytes).
    Removing stm32f10x_usart.o(i.USART_ClockStructInit), (12 bytes).
    Removing stm32f10x_usart.o(i.USART_DMACmd), (18 bytes).
    Removing stm32f10x_usart.o(i.USART_DeInit), (156 bytes).
    Removing stm32f10x_usart.o(i.USART_GetFlagStatus), (26 bytes).
    Removing stm32f10x_usart.o(i.USART_HalfDuplexCmd), (24 bytes).
    Removing stm32f10x_usart.o(i.USART_IrDACmd), (24 bytes).
    Removing stm32f10x_usart.o(i.USART_IrDAConfig), (18 bytes).
    Removing stm32f10x_usart.o(i.USART_LINBreakDetectLengthConfig), (18 bytes).
    Removing stm32f10x_usart.o(i.USART_LINCmd), (24 bytes).
    Removing stm32f10x_usart.o(i.USART_OneBitMethodCmd), (24 bytes).
    Removing stm32f10x_usart.o(i.USART_OverSampling8Cmd), (22 bytes).
    Removing stm32f10x_usart.o(i.USART_ReceiverWakeUpCmd), (24 bytes).
    Removing stm32f10x_usart.o(i.USART_SendBreak), (10 bytes).
    Removing stm32f10x_usart.o(i.USART_SendData), (8 bytes).
    Removing stm32f10x_usart.o(i.USART_SetAddress), (18 bytes).
    Removing stm32f10x_usart.o(i.USART_SetGuardTime), (16 bytes).
    Removing stm32f10x_usart.o(i.USART_SetPrescaler), (16 bytes).
    Removing stm32f10x_usart.o(i.USART_SmartCardCmd), (24 bytes).
    Removing stm32f10x_usart.o(i.USART_SmartCardNACKCmd), (24 bytes).
    Removing stm32f10x_usart.o(i.USART_StructInit), (24 bytes).
    Removing stm32f10x_usart.o(i.USART_WakeUpConfig), (18 bytes).
    Removing stm32f10x_wwdg.o(i.WWDG_ClearFlag), (12 bytes).
    Removing stm32f10x_wwdg.o(i.WWDG_DeInit), (22 bytes).
    Removing stm32f10x_wwdg.o(i.WWDG_Enable), (16 bytes).
    Removing stm32f10x_wwdg.o(i.WWDG_EnableIT), (12 bytes).
    Removing stm32f10x_wwdg.o(i.WWDG_GetFlagStatus), (12 bytes).
    Removing stm32f10x_wwdg.o(i.WWDG_SetCounter), (16 bytes).
    Removing stm32f10x_wwdg.o(i.WWDG_SetPrescaler), (24 bytes).
    Removing stm32f10x_wwdg.o(i.WWDG_SetWindowValue), (40 bytes).

471 unused section(s) (total 18586 bytes) removed from the image.

==============================================================================

Image Symbol Table

    Local Symbols

    Symbol Name                              Value     Ov Type        Size  Object(Section)

    ../clib/angel/boardlib.s                 0x00000000   Number         0  boardshut.o ABSOLUTE
    ../clib/angel/boardlib.s                 0x00000000   Number         0  boardinit1.o ABSOLUTE
    ../clib/angel/boardlib.s                 0x00000000   Number         0  boardinit2.o ABSOLUTE
    ../clib/angel/boardlib.s                 0x00000000   Number         0  boardinit3.o ABSOLUTE
    ../clib/angel/handlers.s                 0x00000000   Number         0  __scatter_zi.o ABSOLUTE
    ../clib/angel/handlers.s                 0x00000000   Number         0  __scatter_copy.o ABSOLUTE
    ../clib/angel/kernel.s                   0x00000000   Number         0  rtexit.o ABSOLUTE
    ../clib/angel/kernel.s                   0x00000000   Number         0  rtexit2.o ABSOLUTE
    ../clib/angel/kernel.s                   0x00000000   Number         0  __rtentry.o ABSOLUTE
    ../clib/angel/kernel.s                   0x00000000   Number         0  __rtentry2.o ABSOLUTE
    ../clib/angel/kernel.s                   0x00000000   Number         0  __rtentry4.o ABSOLUTE
    ../clib/angel/rt.s                       0x00000000   Number         0  rt_errno_addr_intlibspace.o ABSOLUTE
    ../clib/angel/rt.s                       0x00000000   Number         0  rt_raise.o ABSOLUTE
    ../clib/angel/rt.s                       0x00000000   Number         0  rt_errno_addr.o ABSOLUTE
    ../clib/angel/scatter.s                  0x00000000   Number         0  __scatter.o ABSOLUTE
    ../clib/angel/startup.s                  0x00000000   Number         0  __main.o ABSOLUTE
    ../clib/angel/sys.s                      0x00000000   Number         0  sys_stackheap_outer.o ABSOLUTE
    ../clib/angel/sys.s                      0x00000000   Number         0  use_no_semi_2.o ABSOLUTE
    ../clib/angel/sys.s                      0x00000000   Number         0  use_no_semi.o ABSOLUTE
    ../clib/angel/sys.s                      0x00000000   Number         0  indicate_semi.o ABSOLUTE
    ../clib/angel/sys.s                      0x00000000   Number         0  libspace.o ABSOLUTE
    ../clib/angel/sysapp.c                   0x00000000   Number         0  sys_wrch.o ABSOLUTE
    ../clib/angel/sysapp.c                   0x00000000   Number         0  sys_command.o ABSOLUTE
    ../clib/armsys.c                         0x00000000   Number         0  _get_argv_nomalloc.o ABSOLUTE
    ../clib/armsys.c                         0x00000000   Number         0  argv_veneer.o ABSOLUTE
    ../clib/armsys.c                         0x00000000   Number         0  argv_veneer.o ABSOLUTE
    ../clib/armsys.c                         0x00000000   Number         0  no_argv.o ABSOLUTE
    ../clib/fenv.c                           0x00000000   Number         0  _rserrno.o ABSOLUTE
    ../clib/heapalloc.c                      0x00000000   Number         0  hrguard.o ABSOLUTE
    ../clib/heapaux.c                        0x00000000   Number         0  heapauxi.o ABSOLUTE
    ../clib/libinit.s                        0x00000000   Number         0  libinit.o ABSOLUTE
    ../clib/libinit.s                        0x00000000   Number         0  libinit2.o ABSOLUTE
    ../clib/libinit.s                        0x00000000   Number         0  libshutdown.o ABSOLUTE
    ../clib/libinit.s                        0x00000000   Number         0  libshutdown2.o ABSOLUTE
    ../clib/signal.c                         0x00000000   Number         0  defsig_pvfn_inner.o ABSOLUTE
    ../clib/signal.c                         0x00000000   Number         0  defsig_other.o ABSOLUTE
    ../clib/signal.c                         0x00000000   Number         0  defsig_segv_inner.o ABSOLUTE
    ../clib/signal.c                         0x00000000   Number         0  defsig_cppl_inner.o ABSOLUTE
    ../clib/signal.c                         0x00000000   Number         0  defsig_stak_inner.o ABSOLUTE
    ../clib/signal.c                         0x00000000   Number         0  defsig_rtred_inner.o ABSOLUTE
    ../clib/signal.c                         0x00000000   Number         0  defsig_fpe_inner.o ABSOLUTE
    ../clib/signal.c                         0x00000000   Number         0  defsig_abrt_inner.o ABSOLUTE
    ../clib/signal.c                         0x00000000   Number         0  __raise.o ABSOLUTE
    ../clib/signal.c                         0x00000000   Number         0  defsig_exit.o ABSOLUTE
    ../clib/signal.c                         0x00000000   Number         0  defsig_rtmem_outer.o ABSOLUTE
    ../clib/signal.c                         0x00000000   Number         0  defsig_rtmem_formal.o ABSOLUTE
    ../clib/signal.c                         0x00000000   Number         0  defsig_rtmem_inner.o ABSOLUTE
    ../clib/signal.c                         0x00000000   Number         0  defsig_general.o ABSOLUTE
    ../clib/signal.s                         0x00000000   Number         0  defsig.o ABSOLUTE
    ../clib/stdlib.c                         0x00000000   Number         0  exit.o ABSOLUTE
    ../clib/string.c                         0x00000000   Number         0  strlen.o ABSOLUTE
    ../fplib/dcmpi.s                         0x00000000   Number         0  dcmpi.o ABSOLUTE
    ../fplib/dfixu.s                         0x00000000   Number         0  dfixu.o ABSOLUTE
    ../fplib/dflt.s                          0x00000000   Number         0  dflt_clz.o ABSOLUTE
    ../fplib/dleqf.s                         0x00000000   Number         0  dleqf.o ABSOLUTE
    ../fplib/dnaninf.s                       0x00000000   Number         0  dnaninf.o ABSOLUTE
    ../fplib/dretinf.s                       0x00000000   Number         0  dretinf.o ABSOLUTE
    ../fplib/drleqf.s                        0x00000000   Number         0  drleqf.o ABSOLUTE
    ../fplib/dsqrt.s                         0x00000000   Number         0  dsqrt_noumaal.o ABSOLUTE
    ../fplib/f2d.s                           0x00000000   Number         0  f2d.o ABSOLUTE
    ../fplib/faddsub.s                       0x00000000   Number         0  faddsub_clz.o ABSOLUTE
    ../fplib/fdiv.s                          0x00000000   Number         0  fdiv.o ABSOLUTE
    ../fplib/ffix.s                          0x00000000   Number         0  ffix.o ABSOLUTE
    ../fplib/ffixu.s                         0x00000000   Number         0  ffixu.o ABSOLUTE
    ../fplib/fflt.s                          0x00000000   Number         0  fflt_clz.o ABSOLUTE
    ../fplib/fmul.s                          0x00000000   Number         0  fmul.o ABSOLUTE
    ../fplib/fnaninf.s                       0x00000000   Number         0  fnaninf.o ABSOLUTE
    ../fplib/fpinit.s                        0x00000000   Number         0  fpinit.o ABSOLUTE
    ../fplib/fretinf.s                       0x00000000   Number         0  fretinf.o ABSOLUTE
    ../fplib/usenofp.s                       0x00000000   Number         0  usenofp.o ABSOLUTE
    ../mathlib/sqrt.c                        0x00000000   Number         0  sqrt_x.o ABSOLUTE
    ../mathlib/sqrt.c                        0x00000000   Number         0  sqrt.o ABSOLUTE
    ..\CORE\core_cm3.c                       0x00000000   Number         0  core_cm3.o ABSOLUTE
    ..\CORE\startup_stm32f10x_hd.s           0x00000000   Number         0  startup_stm32f10x_hd.o ABSOLUTE
    ..\HANDWARE\24CXX\24cxx.c                0x00000000   Number         0  24cxx.o ABSOLUTE
    ..\HANDWARE\IIC\myiic.c                  0x00000000   Number         0  myiic.o ABSOLUTE
    ..\HANDWARE\LCD\lcd.c                    0x00000000   Number         0  lcd.o ABSOLUTE
    ..\HANDWARE\TOUCH\touch.c                0x00000000   Number         0  touch.o ABSOLUTE
    ..\STM32F10x_FWLib\src\misc.c            0x00000000   Number         0  misc.o ABSOLUTE
    ..\STM32F10x_FWLib\src\stm32f10x_adc.c   0x00000000   Number         0  stm32f10x_adc.o ABSOLUTE
    ..\STM32F10x_FWLib\src\stm32f10x_bkp.c   0x00000000   Number         0  stm32f10x_bkp.o ABSOLUTE
    ..\STM32F10x_FWLib\src\stm32f10x_can.c   0x00000000   Number         0  stm32f10x_can.o ABSOLUTE
    ..\STM32F10x_FWLib\src\stm32f10x_cec.c   0x00000000   Number         0  stm32f10x_cec.o ABSOLUTE
    ..\STM32F10x_FWLib\src\stm32f10x_crc.c   0x00000000   Number         0  stm32f10x_crc.o ABSOLUTE
    ..\STM32F10x_FWLib\src\stm32f10x_dac.c   0x00000000   Number         0  stm32f10x_dac.o ABSOLUTE
    ..\STM32F10x_FWLib\src\stm32f10x_dbgmcu.c 0x00000000   Number         0  stm32f10x_dbgmcu.o ABSOLUTE
    ..\STM32F10x_FWLib\src\stm32f10x_dma.c   0x00000000   Number         0  stm32f10x_dma.o ABSOLUTE
    ..\STM32F10x_FWLib\src\stm32f10x_exti.c  0x00000000   Number         0  stm32f10x_exti.o ABSOLUTE
    ..\STM32F10x_FWLib\src\stm32f10x_flash.c 0x00000000   Number         0  stm32f10x_flash.o ABSOLUTE
    ..\STM32F10x_FWLib\src\stm32f10x_fsmc.c  0x00000000   Number         0  stm32f10x_fsmc.o ABSOLUTE
    ..\STM32F10x_FWLib\src\stm32f10x_gpio.c  0x00000000   Number         0  stm32f10x_gpio.o ABSOLUTE
    ..\STM32F10x_FWLib\src\stm32f10x_i2c.c   0x00000000   Number         0  stm32f10x_i2c.o ABSOLUTE
    ..\STM32F10x_FWLib\src\stm32f10x_iwdg.c  0x00000000   Number         0  stm32f10x_iwdg.o ABSOLUTE
    ..\STM32F10x_FWLib\src\stm32f10x_pwr.c   0x00000000   Number         0  stm32f10x_pwr.o ABSOLUTE
    ..\STM32F10x_FWLib\src\stm32f10x_rcc.c   0x00000000   Number         0  stm32f10x_rcc.o ABSOLUTE
    ..\STM32F10x_FWLib\src\stm32f10x_rtc.c   0x00000000   Number         0  stm32f10x_rtc.o ABSOLUTE
    ..\STM32F10x_FWLib\src\stm32f10x_sdio.c  0x00000000   Number         0  stm32f10x_sdio.o ABSOLUTE
    ..\STM32F10x_FWLib\src\stm32f10x_spi.c   0x00000000   Number         0  stm32f10x_spi.o ABSOLUTE
    ..\STM32F10x_FWLib\src\stm32f10x_tim.c   0x00000000   Number         0  stm32f10x_tim.o ABSOLUTE
    ..\STM32F10x_FWLib\src\stm32f10x_usart.c 0x00000000   Number         0  stm32f10x_usart.o ABSOLUTE
    ..\STM32F10x_FWLib\src\stm32f10x_wwdg.c  0x00000000   Number         0  stm32f10x_wwdg.o ABSOLUTE
    ..\SYSTEM\delay\delay.c                  0x00000000   Number         0  delay.o ABSOLUTE
    ..\SYSTEM\sys\sys.c                      0x00000000   Number         0  sys.o ABSOLUTE
    ..\SYSTEM\usart\usart.c                  0x00000000   Number         0  usart.o ABSOLUTE
    ..\\CORE\\core_cm3.c                     0x00000000   Number         0  core_cm3.o ABSOLUTE
    dc.s                                     0x00000000   Number         0  dc.o ABSOLUTE
    gui.c                                    0x00000000   Number         0  gui.o ABSOLUTE
    main.c                                   0x00000000   Number         0  main.o ABSOLUTE
    stm32f10x_it.c                           0x00000000   Number         0  stm32f10x_it.o ABSOLUTE
    system_stm32f10x.c                       0x00000000   Number         0  system_stm32f10x.o ABSOLUTE
    test.c                                   0x00000000   Number         0  test.o ABSOLUTE
    RESET                                    0x08000000   Section      304  startup_stm32f10x_hd.o(RESET)
    !!!main                                  0x08000130   Section        8  __main.o(!!!main)
    !!!scatter                               0x08000138   Section       52  __scatter.o(!!!scatter)
    !!handler_copy                           0x0800016c   Section       26  __scatter_copy.o(!!handler_copy)
    !!handler_zi                             0x08000188   Section       28  __scatter_zi.o(!!handler_zi)
    .ARM.Collect$$libinit$$00000000          0x080001a4   Section        2  libinit.o(.ARM.Collect$$libinit$$00000000)
    .ARM.Collect$$libinit$$00000002          0x080001a6   Section        0  libinit2.o(.ARM.Collect$$libinit$$00000002)
    .ARM.Collect$$libinit$$00000004          0x080001a6   Section        0  libinit2.o(.ARM.Collect$$libinit$$00000004)
    .ARM.Collect$$libinit$$0000000A          0x080001a6   Section        0  libinit2.o(.ARM.Collect$$libinit$$0000000A)
    .ARM.Collect$$libinit$$0000000C          0x080001a6   Section        0  libinit2.o(.ARM.Collect$$libinit$$0000000C)
    .ARM.Collect$$libinit$$0000000E          0x080001a6   Section        0  libinit2.o(.ARM.Collect$$libinit$$0000000E)
    .ARM.Collect$$libinit$$00000011          0x080001a6   Section        0  libinit2.o(.ARM.Collect$$libinit$$00000011)
    .ARM.Collect$$libinit$$00000013          0x080001a6   Section        0  libinit2.o(.ARM.Collect$$libinit$$00000013)
    .ARM.Collect$$libinit$$00000015          0x080001a6   Section        0  libinit2.o(.ARM.Collect$$libinit$$00000015)
    .ARM.Collect$$libinit$$00000017          0x080001a6   Section        0  libinit2.o(.ARM.Collect$$libinit$$00000017)
    .ARM.Collect$$libinit$$00000019          0x080001a6   Section        0  libinit2.o(.ARM.Collect$$libinit$$00000019)
    .ARM.Collect$$libinit$$0000001B          0x080001a6   Section        0  libinit2.o(.ARM.Collect$$libinit$$0000001B)
    .ARM.Collect$$libinit$$0000001D          0x080001a6   Section        0  libinit2.o(.ARM.Collect$$libinit$$0000001D)
    .ARM.Collect$$libinit$$0000001F          0x080001a6   Section        0  libinit2.o(.ARM.Collect$$libinit$$0000001F)
    .ARM.Collect$$libinit$$00000021          0x080001a6   Section        0  libinit2.o(.ARM.Collect$$libinit$$00000021)
    .ARM.Collect$$libinit$$00000023          0x080001a6   Section        0  libinit2.o(.ARM.Collect$$libinit$$00000023)
    .ARM.Collect$$libinit$$00000025          0x080001a6   Section        0  libinit2.o(.ARM.Collect$$libinit$$00000025)
    .ARM.Collect$$libinit$$0000002C          0x080001a6   Section        0  libinit2.o(.ARM.Collect$$libinit$$0000002C)
    .ARM.Collect$$libinit$$0000002E          0x080001a6   Section        0  libinit2.o(.ARM.Collect$$libinit$$0000002E)
    .ARM.Collect$$libinit$$00000030          0x080001a6   Section        0  libinit2.o(.ARM.Collect$$libinit$$00000030)
    .ARM.Collect$$libinit$$00000032          0x080001a6   Section        0  libinit2.o(.ARM.Collect$$libinit$$00000032)
    .ARM.Collect$$libinit$$00000033          0x080001a6   Section        2  libinit2.o(.ARM.Collect$$libinit$$00000033)
    .ARM.Collect$$libshutdown$$00000000      0x080001a8   Section        2  libshutdown.o(.ARM.Collect$$libshutdown$$00000000)
    .ARM.Collect$$libshutdown$$00000002      0x080001aa   Section        0  libshutdown2.o(.ARM.Collect$$libshutdown$$00000002)
    .ARM.Collect$$libshutdown$$00000004      0x080001aa   Section        0  libshutdown2.o(.ARM.Collect$$libshutdown$$00000004)
    .ARM.Collect$$libshutdown$$00000007      0x080001aa   Section        0  libshutdown2.o(.ARM.Collect$$libshutdown$$00000007)
    .ARM.Collect$$libshutdown$$0000000A      0x080001aa   Section        0  libshutdown2.o(.ARM.Collect$$libshutdown$$0000000A)
    .ARM.Collect$$libshutdown$$0000000C      0x080001aa   Section        0  libshutdown2.o(.ARM.Collect$$libshutdown$$0000000C)
    .ARM.Collect$$libshutdown$$0000000F      0x080001aa   Section        0  libshutdown2.o(.ARM.Collect$$libshutdown$$0000000F)
    .ARM.Collect$$libshutdown$$00000010      0x080001aa   Section        2  libshutdown2.o(.ARM.Collect$$libshutdown$$00000010)
    .ARM.Collect$$rtentry$$00000000          0x080001ac   Section        0  __rtentry.o(.ARM.Collect$$rtentry$$00000000)
    .ARM.Collect$$rtentry$$00000002          0x080001ac   Section        0  __rtentry2.o(.ARM.Collect$$rtentry$$00000002)
    .ARM.Collect$$rtentry$$00000004          0x080001ac   Section        6  __rtentry4.o(.ARM.Collect$$rtentry$$00000004)
    .ARM.Collect$$rtentry$$00000009          0x080001b2   Section        0  __rtentry2.o(.ARM.Collect$$rtentry$$00000009)
    .ARM.Collect$$rtentry$$0000000A          0x080001b2   Section        4  __rtentry2.o(.ARM.Collect$$rtentry$$0000000A)
    .ARM.Collect$$rtentry$$0000000C          0x080001b6   Section        0  __rtentry2.o(.ARM.Collect$$rtentry$$0000000C)
    .ARM.Collect$$rtentry$$0000000D          0x080001b6   Section        8  __rtentry2.o(.ARM.Collect$$rtentry$$0000000D)
    .ARM.Collect$$rtexit$$00000000           0x080001be   Section        2  rtexit.o(.ARM.Collect$$rtexit$$00000000)
    .ARM.Collect$$rtexit$$00000002           0x080001c0   Section        0  rtexit2.o(.ARM.Collect$$rtexit$$00000002)
    .ARM.Collect$$rtexit$$00000003           0x080001c0   Section        4  rtexit2.o(.ARM.Collect$$rtexit$$00000003)
    .ARM.Collect$$rtexit$$00000004           0x080001c4   Section        6  rtexit2.o(.ARM.Collect$$rtexit$$00000004)
    .text                                    0x080001cc   Section       64  startup_stm32f10x_hd.o(.text)
    .text                                    0x0800020c   Section        2  use_no_semi_2.o(.text)
    .text                                    0x0800020e   Section        0  strlen.o(.text)
    .text                                    0x0800024c   Section        0  heapauxi.o(.text)
    .text                                    0x08000252   Section        2  use_no_semi.o(.text)
    .text                                    0x08000254   Section        0  _rserrno.o(.text)
    .text                                    0x0800026c   Section        8  rt_errno_addr_intlibspace.o(.text)
    .text                                    0x08000274   Section        8  libspace.o(.text)
    .text                                    0x0800027c   Section       74  sys_stackheap_outer.o(.text)
    .text                                    0x080002c6   Section        0  exit.o(.text)
    i.AT24CXX_Init                           0x080002d8   Section        0  24cxx.o(i.AT24CXX_Init)
    i.AT24CXX_Read                           0x080002e0   Section        0  24cxx.o(i.AT24CXX_Read)
    i.AT24CXX_ReadOneByte                    0x08000302   Section        0  24cxx.o(i.AT24CXX_ReadOneByte)
    i.AT24CXX_Write                          0x0800035a   Section        0  24cxx.o(i.AT24CXX_Write)
    i.AT24CXX_WriteOneByte                   0x0800037e   Section        0  24cxx.o(i.AT24CXX_WriteOneByte)
    i.BusFault_Handler                       0x080003ce   Section        0  stm32f10x_it.o(i.BusFault_Handler)
    i.Chinese_Font_test                      0x080003d4   Section        0  test.o(i.Chinese_Font_test)
    i.DebugMon_Handler                       0x080004c4   Section        0  stm32f10x_it.o(i.DebugMon_Handler)
    i.DrawTestPage                           0x080004c8   Section        0  test.o(i.DrawTestPage)
    i.Draw_Circle                            0x0800055c   Section        0  lcd.o(i.Draw_Circle)
    i.English_Font_test                      0x080005fc   Section        0  test.o(i.English_Font_test)
    i.FSMC_NORSRAMCmd                        0x080006e4   Section        0  stm32f10x_fsmc.o(i.FSMC_NORSRAMCmd)
    i.FSMC_NORSRAMInit                       0x08000718   Section        0  stm32f10x_fsmc.o(i.FSMC_NORSRAMInit)
    i.GPIO_Init                              0x080007fe   Section        0  stm32f10x_gpio.o(i.GPIO_Init)
    i.GPIO_SetBits                           0x08000914   Section        0  stm32f10x_gpio.o(i.GPIO_SetBits)
    i.GUI_DrawPoint                          0x08000918   Section        0  gui.o(i.GUI_DrawPoint)
    i.Gui_StrCenter                          0x08000934   Section        0  gui.o(i.Gui_StrCenter)
    i.HardFault_Handler                      0x08000980   Section        0  stm32f10x_it.o(i.HardFault_Handler)
    i.IIC_Ack                                0x08000984   Section        0  myiic.o(i.IIC_Ack)
    i.IIC_Init                               0x080009d4   Section        0  myiic.o(i.IIC_Init)
    i.IIC_NAck                               0x08000a08   Section        0  myiic.o(i.IIC_NAck)
    i.IIC_Read_Byte                          0x08000a58   Section        0  myiic.o(i.IIC_Read_Byte)
    i.IIC_Send_Byte                          0x08000ac8   Section        0  myiic.o(i.IIC_Send_Byte)
    i.IIC_Start                              0x08000b3c   Section        0  myiic.o(i.IIC_Start)
    i.IIC_Stop                               0x08000b88   Section        0  myiic.o(i.IIC_Stop)
    i.IIC_Wait_Ack                           0x08000bd4   Section        0  myiic.o(i.IIC_Wait_Ack)
    i.LCD_Address_Set                        0x08000c38   Section        0  lcd.o(i.LCD_Address_Set)
    i.LCD_Clear                              0x08000c84   Section        0  lcd.o(i.LCD_Clear)
    i.LCD_DrawLine                           0x08000ccc   Section        0  lcd.o(i.LCD_DrawLine)
    i.LCD_DrawPoint                          0x08000d78   Section        0  lcd.o(i.LCD_DrawPoint)
    i.LCD_DrawRectangle                      0x08000d94   Section        0  lcd.o(i.LCD_DrawRectangle)
    i.LCD_DrawRoughLine                      0x08000dde   Section        0  touch.o(i.LCD_DrawRoughLine)
    i.LCD_Fill                               0x08000e8a   Section        0  lcd.o(i.LCD_Fill)
    i.LCD_Init                               0x08000ed4   Section        0  lcd.o(i.LCD_Init)
    i.LCD_RD_DATA                            0x08001258   Section        0  lcd.o(i.LCD_RD_DATA)
    i.LCD_ShowChar                           0x0800126c   Section        0  lcd.o(i.LCD_ShowChar)
    i.LCD_ShowChinese12x12                   0x080013c4   Section        0  lcd.o(i.LCD_ShowChinese12x12)
    i.LCD_ShowChinese16x16                   0x0800150c   Section        0  lcd.o(i.LCD_ShowChinese16x16)
    i.LCD_ShowChinese24x24                   0x08001644   Section        0  lcd.o(i.LCD_ShowChinese24x24)
    i.LCD_ShowChinese32x32                   0x0800178c   Section        0  lcd.o(i.LCD_ShowChinese32x32)
    i.LCD_ShowIntNum                         0x080018c4   Section        0  lcd.o(i.LCD_ShowIntNum)
    i.LCD_ShowPicture                        0x0800195a   Section        0  lcd.o(i.LCD_ShowPicture)
    i.LCD_ShowString                         0x080019c8   Section        0  lcd.o(i.LCD_ShowString)
    i.LCD_WR_DATA                            0x08001a0c   Section        0  lcd.o(i.LCD_WR_DATA)
    i.LCD_WR_REG                             0x08001a18   Section        0  lcd.o(i.LCD_WR_REG)
    i.MemManage_Handler                      0x08001a24   Section        0  stm32f10x_it.o(i.MemManage_Handler)
    i.NMI_Handler                            0x08001a28   Section        0  stm32f10x_it.o(i.NMI_Handler)
    i.NVIC_Init                              0x08001a2c   Section        0  misc.o(i.NVIC_Init)
    i.PendSV_Handler                         0x08001a9c   Section        0  stm32f10x_it.o(i.PendSV_Handler)
    i.Pic_test                               0x08001aa0   Section        0  test.o(i.Pic_test)
    i.RCC_AHBPeriphClockCmd                  0x08001b6c   Section        0  stm32f10x_rcc.o(i.RCC_AHBPeriphClockCmd)
    i.RCC_APB2PeriphClockCmd                 0x08001b8c   Section        0  stm32f10x_rcc.o(i.RCC_APB2PeriphClockCmd)
    i.RCC_GetClocksFreq                      0x08001bac   Section        0  stm32f10x_rcc.o(i.RCC_GetClocksFreq)
    i.SVC_Handler                            0x08001c80   Section        0  stm32f10x_it.o(i.SVC_Handler)
    i.SetSysClock                            0x08001c82   Section        0  system_stm32f10x.o(i.SetSysClock)
    SetSysClock                              0x08001c83   Thumb Code     8  system_stm32f10x.o(i.SetSysClock)
    i.SetSysClockTo72                        0x08001c8c   Section        0  system_stm32f10x.o(i.SetSysClockTo72)
    SetSysClockTo72                          0x08001c8d   Thumb Code   214  system_stm32f10x.o(i.SetSysClockTo72)
    i.Set_Dir                                0x08001d6c   Section        0  lcd.o(i.Set_Dir)
    i.Show_Str                               0x08001da0   Section        0  gui.o(i.Show_Str)
    i.SysTick_CLKSourceConfig                0x08001eac   Section        0  misc.o(i.SysTick_CLKSourceConfig)
    i.SysTick_Handler                        0x08001ed4   Section        0  stm32f10x_it.o(i.SysTick_Handler)
    i.SystemInit                             0x08001ed8   Section        0  system_stm32f10x.o(i.SystemInit)
    i.TP_Adjust                              0x08001f38   Section        0  touch.o(i.TP_Adjust)
    i.TP_Draw_Big_Point                      0x08002728   Section        0  touch.o(i.TP_Draw_Big_Point)
    i.TP_Drow_Touch_Point                    0x08002762   Section        0  touch.o(i.TP_Drow_Touch_Point)
    i.TP_Get_Adjdata                         0x080027d8   Section        0  touch.o(i.TP_Get_Adjdata)
    i.TP_Init                                0x080027fc   Section        0  touch.o(i.TP_Init)
    i.TP_Read_AD                             0x080028bc   Section        0  touch.o(i.TP_Read_AD)
    i.TP_Read_XOY                            0x08002950   Section        0  touch.o(i.TP_Read_XOY)
    i.TP_Read_XY                             0x080029c8   Section        0  touch.o(i.TP_Read_XY)
    i.TP_Read_XY2                            0x080029f8   Section        0  touch.o(i.TP_Read_XY2)
    i.TP_Save_Adjdata                        0x08002ab8   Section        0  touch.o(i.TP_Save_Adjdata)
    i.TP_Scan                                0x08002ad4   Section        0  touch.o(i.TP_Scan)
    i.TP_Write_Byte                          0x08002be4   Section        0  touch.o(i.TP_Write_Byte)
    i.Test_Circle                            0x08002c30   Section        0  test.o(i.Test_Circle)
    i.Test_Color                             0x08002d30   Section        0  test.o(i.Test_Color)
    i.Test_FillRec                           0x08002ebc   Section        0  test.o(i.Test_FillRec)
    i.Touch_Test                             0x08003060   Section        0  test.o(i.Touch_Test)
    i.USART1_IRQHandler                      0x08003198   Section        0  usart.o(i.USART1_IRQHandler)
    i.USART_Cmd                              0x08003220   Section        0  stm32f10x_usart.o(i.USART_Cmd)
    i.USART_GetITStatus                      0x08003238   Section        0  stm32f10x_usart.o(i.USART_GetITStatus)
    i.USART_ITConfig                         0x0800328c   Section        0  stm32f10x_usart.o(i.USART_ITConfig)
    i.USART_Init                             0x080032d8   Section        0  stm32f10x_usart.o(i.USART_Init)
    i.USART_ReceiveData                      0x080033b0   Section        0  stm32f10x_usart.o(i.USART_ReceiveData)
    i.UsageFault_Handler                     0x080033ba   Section        0  stm32f10x_it.o(i.UsageFault_Handler)
    i._draw_circle_8                         0x080033be   Section        0  gui.o(i._draw_circle_8)
    i._sys_exit                              0x08003442   Section        0  usart.o(i._sys_exit)
    i.delay_init                             0x08003448   Section        0  delay.o(i.delay_init)
    i.delay_ms                               0x0800348c   Section        0  delay.o(i.delay_ms)
    i.delay_us                               0x080034d8   Section        0  delay.o(i.delay_us)
    i.gui_circle                             0x08003524   Section        0  gui.o(i.gui_circle)
    i.main                                   0x080035be   Section        0  main.o(i.main)
    i.main_test                              0x080035fc   Section        0  test.o(i.main_test)
    i.mypow                                  0x080036d4   Section        0  lcd.o(i.mypow)
    i.sqrt                                   0x080036ea   Section        0  sqrt.o(i.sqrt)
    i.uart_init                              0x08003738   Section        0  usart.o(i.uart_init)
    x$fpl$dcmpinf                            0x080037d8   Section       24  dcmpi.o(x$fpl$dcmpinf)
    x$fpl$dfixu                              0x080037f0   Section       90  dfixu.o(x$fpl$dfixu)
    x$fpl$dfltu                              0x0800384a   Section       38  dflt_clz.o(x$fpl$dfltu)
    x$fpl$dleqf                              0x08003870   Section      120  dleqf.o(x$fpl$dleqf)
    x$fpl$dnaninf                            0x080038e8   Section      156  dnaninf.o(x$fpl$dnaninf)
    x$fpl$dretinf                            0x08003984   Section       12  dretinf.o(x$fpl$dretinf)
    x$fpl$drleqf                             0x08003990   Section      108  drleqf.o(x$fpl$drleqf)
    x$fpl$dsqrt                              0x080039fc   Section      460  dsqrt_noumaal.o(x$fpl$dsqrt)
    x$fpl$f2d                                0x08003bc8   Section       86  f2d.o(x$fpl$f2d)
    x$fpl$fadd                               0x08003c20   Section      196  faddsub_clz.o(x$fpl$fadd)
    _fadd1                                   0x08003c2f   Thumb Code     0  faddsub_clz.o(x$fpl$fadd)
    x$fpl$fdiv                               0x08003ce4   Section      388  fdiv.o(x$fpl$fdiv)
    _fdiv1                                   0x08003ce5   Thumb Code     0  fdiv.o(x$fpl$fdiv)
    x$fpl$ffix                               0x08003e68   Section       54  ffix.o(x$fpl$ffix)
    x$fpl$ffixu                              0x08003ea0   Section       62  ffixu.o(x$fpl$ffixu)
    x$fpl$fflt                               0x08003ee0   Section       48  fflt_clz.o(x$fpl$fflt)
    x$fpl$ffltu                              0x08003f10   Section       38  fflt_clz.o(x$fpl$ffltu)
    x$fpl$fmul                               0x08003f38   Section      258  fmul.o(x$fpl$fmul)
    x$fpl$fnaninf                            0x0800403a   Section      140  fnaninf.o(x$fpl$fnaninf)
    x$fpl$fretinf                            0x080040c6   Section       10  fretinf.o(x$fpl$fretinf)
    x$fpl$fsub                               0x080040d0   Section      234  faddsub_clz.o(x$fpl$fsub)
    _fsub1                                   0x080040df   Thumb Code     0  faddsub_clz.o(x$fpl$fsub)
    .constdata                               0x080041ba   Section     3200  test.o(.constdata)
    x$fpl$usenofp                            0x080041ba   Section        0  usenofp.o(x$fpl$usenofp)
    .constdata                               0x08004e3a   Section    15912  lcd.o(.constdata)
    .data                                    0x20000000   Section       20  system_stm32f10x.o(.data)
    .data                                    0x20000014   Section       10  test.o(.data)
    .data                                    0x2000001e   Section        6  lcd.o(.data)
    .data                                    0x20000024   Section       54  touch.o(.data)
    .data                                    0x2000005a   Section        4  delay.o(.data)
    fac_us                                   0x2000005a   Data           1  delay.o(.data)
    fac_ms                                   0x2000005c   Data           2  delay.o(.data)
    .data                                    0x20000060   Section        6  usart.o(.data)
    .data                                    0x20000066   Section       20  stm32f10x_rcc.o(.data)
    APBAHBPrescTable                         0x20000066   Data          16  stm32f10x_rcc.o(.data)
    ADCPrescTable                            0x20000076   Data           4  stm32f10x_rcc.o(.data)
    .bss                                     0x2000007c   Section      200  usart.o(.bss)
    .bss                                     0x20000144   Section       96  libspace.o(.bss)
    HEAP                                     0x200001a8   Section      512  startup_stm32f10x_hd.o(HEAP)
    Heap_Mem                                 0x200001a8   Data         512  startup_stm32f10x_hd.o(HEAP)
    STACK                                    0x200003a8   Section     1024  startup_stm32f10x_hd.o(STACK)
    Stack_Mem                                0x200003a8   Data        1024  startup_stm32f10x_hd.o(STACK)
    __initial_sp                             0x200007a8   Data           0  startup_stm32f10x_hd.o(STACK)

    Global Symbols

    Symbol Name                              Value     Ov Type        Size  Object(Section)

    BuildAttributes$$THM_ISAv4$P$D$K$B$S$PE$A:L22UL41UL21$X:L11$S22US41US21$IEEE1$IW$USESV6$~STKCKD$USESV7$~SHL$OTIME$ROPI$IEEEJ$EBA8$UX$STANDARDLIB$REQ8$PRES8$EABIv2 0x00000000   Number         0  anon$$obj.o ABSOLUTE
    __ARM_use_no_argv                        0x00000000   Number         0  main.o ABSOLUTE
    __ARM_exceptions_init                     - Undefined Weak Reference
    __alloca_initialize                       - Undefined Weak Reference
    __arm_preinit_                            - Undefined Weak Reference
    __cpp_initialize__aeabi_                  - Undefined Weak Reference
    __cxa_finalize                            - Undefined Weak Reference
    __rt_locale                               - Undefined Weak Reference
    __sigvec_lookup                           - Undefined Weak Reference
    _atexit_init                              - Undefined Weak Reference
    _call_atexit_fns                          - Undefined Weak Reference
    _clock_init                               - Undefined Weak Reference
    _fp_trap_init                             - Undefined Weak Reference
    _fp_trap_shutdown                         - Undefined Weak Reference
    _get_lc_collate                           - Undefined Weak Reference
    _get_lc_ctype                             - Undefined Weak Reference
    _get_lc_monetary                          - Undefined Weak Reference
    _get_lc_numeric                           - Undefined Weak Reference
    _get_lc_time                              - Undefined Weak Reference
    _getenv_init                              - Undefined Weak Reference
    _handle_redirection                       - Undefined Weak Reference
    _init_alloc                               - Undefined Weak Reference
    _init_user_alloc                          - Undefined Weak Reference
    _initio                                   - Undefined Weak Reference
    _rand_init                                - Undefined Weak Reference
    _signal_finish                            - Undefined Weak Reference
    _signal_init                              - Undefined Weak Reference
    _terminate_alloc                          - Undefined Weak Reference
    _terminate_user_alloc                     - Undefined Weak Reference
    _terminateio                              - Undefined Weak Reference
    __Vectors_Size                           0x00000130   Number         0  startup_stm32f10x_hd.o ABSOLUTE
    __Vectors                                0x08000000   Data           4  startup_stm32f10x_hd.o(RESET)
    __Vectors_End                            0x08000130   Data           0  startup_stm32f10x_hd.o(RESET)
    __main                                   0x08000131   Thumb Code     8  __main.o(!!!main)
    __scatterload                            0x08000139   Thumb Code     0  __scatter.o(!!!scatter)
    __scatterload_rt2                        0x08000139   Thumb Code    44  __scatter.o(!!!scatter)
    __scatterload_rt2_thumb_only             0x08000139   Thumb Code     0  __scatter.o(!!!scatter)
    __scatterload_null                       0x08000147   Thumb Code     0  __scatter.o(!!!scatter)
    __scatterload_copy                       0x0800016d   Thumb Code    26  __scatter_copy.o(!!handler_copy)
    __scatterload_zeroinit                   0x08000189   Thumb Code    28  __scatter_zi.o(!!handler_zi)
    __rt_lib_init                            0x080001a5   Thumb Code     0  libinit.o(.ARM.Collect$$libinit$$00000000)
    __rt_lib_init_alloca_1                   0x080001a7   Thumb Code     0  libinit2.o(.ARM.Collect$$libinit$$0000002E)
    __rt_lib_init_argv_1                     0x080001a7   Thumb Code     0  libinit2.o(.ARM.Collect$$libinit$$0000002C)
    __rt_lib_init_atexit_1                   0x080001a7   Thumb Code     0  libinit2.o(.ARM.Collect$$libinit$$0000001B)
    __rt_lib_init_clock_1                    0x080001a7   Thumb Code     0  libinit2.o(.ARM.Collect$$libinit$$00000021)
    __rt_lib_init_cpp_1                      0x080001a7   Thumb Code     0  libinit2.o(.ARM.Collect$$libinit$$00000032)
    __rt_lib_init_exceptions_1               0x080001a7   Thumb Code     0  libinit2.o(.ARM.Collect$$libinit$$00000030)
    __rt_lib_init_fp_1                       0x080001a7   Thumb Code     0  libinit2.o(.ARM.Collect$$libinit$$00000002)
    __rt_lib_init_fp_trap_1                  0x080001a7   Thumb Code     0  libinit2.o(.ARM.Collect$$libinit$$0000001F)
    __rt_lib_init_getenv_1                   0x080001a7   Thumb Code     0  libinit2.o(.ARM.Collect$$libinit$$00000023)
    __rt_lib_init_heap_1                     0x080001a7   Thumb Code     0  libinit2.o(.ARM.Collect$$libinit$$0000000A)
    __rt_lib_init_lc_collate_1               0x080001a7   Thumb Code     0  libinit2.o(.ARM.Collect$$libinit$$00000011)
    __rt_lib_init_lc_ctype_1                 0x080001a7   Thumb Code     0  libinit2.o(.ARM.Collect$$libinit$$00000013)
    __rt_lib_init_lc_monetary_1              0x080001a7   Thumb Code     0  libinit2.o(.ARM.Collect$$libinit$$00000015)
    __rt_lib_init_lc_numeric_1               0x080001a7   Thumb Code     0  libinit2.o(.ARM.Collect$$libinit$$00000017)
    __rt_lib_init_lc_time_1                  0x080001a7   Thumb Code     0  libinit2.o(.ARM.Collect$$libinit$$00000019)
    __rt_lib_init_preinit_1                  0x080001a7   Thumb Code     0  libinit2.o(.ARM.Collect$$libinit$$00000004)
    __rt_lib_init_rand_1                     0x080001a7   Thumb Code     0  libinit2.o(.ARM.Collect$$libinit$$0000000E)
    __rt_lib_init_return                     0x080001a7   Thumb Code     0  libinit2.o(.ARM.Collect$$libinit$$00000033)
    __rt_lib_init_signal_1                   0x080001a7   Thumb Code     0  libinit2.o(.ARM.Collect$$libinit$$0000001D)
    __rt_lib_init_stdio_1                    0x080001a7   Thumb Code     0  libinit2.o(.ARM.Collect$$libinit$$00000025)
    __rt_lib_init_user_alloc_1               0x080001a7   Thumb Code     0  libinit2.o(.ARM.Collect$$libinit$$0000000C)
    __rt_lib_shutdown                        0x080001a9   Thumb Code     0  libshutdown.o(.ARM.Collect$$libshutdown$$00000000)
    __rt_lib_shutdown_cpp_1                  0x080001ab   Thumb Code     0  libshutdown2.o(.ARM.Collect$$libshutdown$$00000002)
    __rt_lib_shutdown_fp_trap_1              0x080001ab   Thumb Code     0  libshutdown2.o(.ARM.Collect$$libshutdown$$00000007)
    __rt_lib_shutdown_heap_1                 0x080001ab   Thumb Code     0  libshutdown2.o(.ARM.Collect$$libshutdown$$0000000F)
    __rt_lib_shutdown_return                 0x080001ab   Thumb Code     0  libshutdown2.o(.ARM.Collect$$libshutdown$$00000010)
    __rt_lib_shutdown_signal_1               0x080001ab   Thumb Code     0  libshutdown2.o(.ARM.Collect$$libshutdown$$0000000A)
    __rt_lib_shutdown_stdio_1                0x080001ab   Thumb Code     0  libshutdown2.o(.ARM.Collect$$libshutdown$$00000004)
    __rt_lib_shutdown_user_alloc_1           0x080001ab   Thumb Code     0  libshutdown2.o(.ARM.Collect$$libshutdown$$0000000C)
    __rt_entry                               0x080001ad   Thumb Code     0  __rtentry.o(.ARM.Collect$$rtentry$$00000000)
    __rt_entry_presh_1                       0x080001ad   Thumb Code     0  __rtentry2.o(.ARM.Collect$$rtentry$$00000002)
    __rt_entry_sh                            0x080001ad   Thumb Code     0  __rtentry4.o(.ARM.Collect$$rtentry$$00000004)
    __rt_entry_li                            0x080001b3   Thumb Code     0  __rtentry2.o(.ARM.Collect$$rtentry$$0000000A)
    __rt_entry_postsh_1                      0x080001b3   Thumb Code     0  __rtentry2.o(.ARM.Collect$$rtentry$$00000009)
    __rt_entry_main                          0x080001b7   Thumb Code     0  __rtentry2.o(.ARM.Collect$$rtentry$$0000000D)
    __rt_entry_postli_1                      0x080001b7   Thumb Code     0  __rtentry2.o(.ARM.Collect$$rtentry$$0000000C)
    __rt_exit                                0x080001bf   Thumb Code     0  rtexit.o(.ARM.Collect$$rtexit$$00000000)
    __rt_exit_ls                             0x080001c1   Thumb Code     0  rtexit2.o(.ARM.Collect$$rtexit$$00000003)
    __rt_exit_prels_1                        0x080001c1   Thumb Code     0  rtexit2.o(.ARM.Collect$$rtexit$$00000002)
    __rt_exit_exit                           0x080001c5   Thumb Code     0  rtexit2.o(.ARM.Collect$$rtexit$$00000004)
    Reset_Handler                            0x080001cd   Thumb Code     8  startup_stm32f10x_hd.o(.text)
    ADC1_2_IRQHandler                        0x080001e7   Thumb Code     0  startup_stm32f10x_hd.o(.text)
    ADC3_IRQHandler                          0x080001e7   Thumb Code     0  startup_stm32f10x_hd.o(.text)
    CAN1_RX1_IRQHandler                      0x080001e7   Thumb Code     0  startup_stm32f10x_hd.o(.text)
    CAN1_SCE_IRQHandler                      0x080001e7   Thumb Code     0  startup_stm32f10x_hd.o(.text)
    DMA1_Channel1_IRQHandler                 0x080001e7   Thumb Code     0  startup_stm32f10x_hd.o(.text)
    DMA1_Channel2_IRQHandler                 0x080001e7   Thumb Code     0  startup_stm32f10x_hd.o(.text)
    DMA1_Channel3_IRQHandler                 0x080001e7   Thumb Code     0  startup_stm32f10x_hd.o(.text)
    DMA1_Channel4_IRQHandler                 0x080001e7   Thumb Code     0  startup_stm32f10x_hd.o(.text)
    DMA1_Channel5_IRQHandler                 0x080001e7   Thumb Code     0  startup_stm32f10x_hd.o(.text)
    DMA1_Channel6_IRQHandler                 0x080001e7   Thumb Code     0  startup_stm32f10x_hd.o(.text)
    DMA1_Channel7_IRQHandler                 0x080001e7   Thumb Code     0  startup_stm32f10x_hd.o(.text)
    DMA2_Channel1_IRQHandler                 0x080001e7   Thumb Code     0  startup_stm32f10x_hd.o(.text)
    DMA2_Channel2_IRQHandler                 0x080001e7   Thumb Code     0  startup_stm32f10x_hd.o(.text)
    DMA2_Channel3_IRQHandler                 0x080001e7   Thumb Code     0  startup_stm32f10x_hd.o(.text)
    DMA2_Channel4_5_IRQHandler               0x080001e7   Thumb Code     0  startup_stm32f10x_hd.o(.text)
    EXTI0_IRQHandler                         0x080001e7   Thumb Code     0  startup_stm32f10x_hd.o(.text)
    EXTI15_10_IRQHandler                     0x080001e7   Thumb Code     0  startup_stm32f10x_hd.o(.text)
    EXTI1_IRQHandler                         0x080001e7   Thumb Code     0  startup_stm32f10x_hd.o(.text)
    EXTI2_IRQHandler                         0x080001e7   Thumb Code     0  startup_stm32f10x_hd.o(.text)
    EXTI3_IRQHandler                         0x080001e7   Thumb Code     0  startup_stm32f10x_hd.o(.text)
    EXTI4_IRQHandler                         0x080001e7   Thumb Code     0  startup_stm32f10x_hd.o(.text)
    EXTI9_5_IRQHandler                       0x080001e7   Thumb Code     0  startup_stm32f10x_hd.o(.text)
    FLASH_IRQHandler                         0x080001e7   Thumb Code     0  startup_stm32f10x_hd.o(.text)
    FSMC_IRQHandler                          0x080001e7   Thumb Code     0  startup_stm32f10x_hd.o(.text)
    I2C1_ER_IRQHandler                       0x080001e7   Thumb Code     0  startup_stm32f10x_hd.o(.text)
    I2C1_EV_IRQHandler                       0x080001e7   Thumb Code     0  startup_stm32f10x_hd.o(.text)
    I2C2_ER_IRQHandler                       0x080001e7   Thumb Code     0  startup_stm32f10x_hd.o(.text)
    I2C2_EV_IRQHandler                       0x080001e7   Thumb Code     0  startup_stm32f10x_hd.o(.text)
    PVD_IRQHandler                           0x080001e7   Thumb Code     0  startup_stm32f10x_hd.o(.text)
    RCC_IRQHandler                           0x080001e7   Thumb Code     0  startup_stm32f10x_hd.o(.text)
    RTCAlarm_IRQHandler                      0x080001e7   Thumb Code     0  startup_stm32f10x_hd.o(.text)
    RTC_IRQHandler                           0x080001e7   Thumb Code     0  startup_stm32f10x_hd.o(.text)
    SDIO_IRQHandler                          0x080001e7   Thumb Code     0  startup_stm32f10x_hd.o(.text)
    SPI1_IRQHandler                          0x080001e7   Thumb Code     0  startup_stm32f10x_hd.o(.text)
    SPI2_IRQHandler                          0x080001e7   Thumb Code     0  startup_stm32f10x_hd.o(.text)
    SPI3_IRQHandler                          0x080001e7   Thumb Code     0  startup_stm32f10x_hd.o(.text)
    TAMPER_IRQHandler                        0x080001e7   Thumb Code     0  startup_stm32f10x_hd.o(.text)
    TIM1_BRK_IRQHandler                      0x080001e7   Thumb Code     0  startup_stm32f10x_hd.o(.text)
    TIM1_CC_IRQHandler                       0x080001e7   Thumb Code     0  startup_stm32f10x_hd.o(.text)
    TIM1_TRG_COM_IRQHandler                  0x080001e7   Thumb Code     0  startup_stm32f10x_hd.o(.text)
    TIM1_UP_IRQHandler                       0x080001e7   Thumb Code     0  startup_stm32f10x_hd.o(.text)
    TIM2_IRQHandler                          0x080001e7   Thumb Code     0  startup_stm32f10x_hd.o(.text)
    TIM3_IRQHandler                          0x080001e7   Thumb Code     0  startup_stm32f10x_hd.o(.text)
    TIM4_IRQHandler                          0x080001e7   Thumb Code     0  startup_stm32f10x_hd.o(.text)
    TIM5_IRQHandler                          0x080001e7   Thumb Code     0  startup_stm32f10x_hd.o(.text)
    TIM6_IRQHandler                          0x080001e7   Thumb Code     0  startup_stm32f10x_hd.o(.text)
    TIM7_IRQHandler                          0x080001e7   Thumb Code     0  startup_stm32f10x_hd.o(.text)
    TIM8_BRK_IRQHandler                      0x080001e7   Thumb Code     0  startup_stm32f10x_hd.o(.text)
    TIM8_CC_IRQHandler                       0x080001e7   Thumb Code     0  startup_stm32f10x_hd.o(.text)
    TIM8_TRG_COM_IRQHandler                  0x080001e7   Thumb Code     0  startup_stm32f10x_hd.o(.text)
    TIM8_UP_IRQHandler                       0x080001e7   Thumb Code     0  startup_stm32f10x_hd.o(.text)
    UART4_IRQHandler                         0x080001e7   Thumb Code     0  startup_stm32f10x_hd.o(.text)
    UART5_IRQHandler                         0x080001e7   Thumb Code     0  startup_stm32f10x_hd.o(.text)
    USART2_IRQHandler                        0x080001e7   Thumb Code     0  startup_stm32f10x_hd.o(.text)
    USART3_IRQHandler                        0x080001e7   Thumb Code     0  startup_stm32f10x_hd.o(.text)
    USBWakeUp_IRQHandler                     0x080001e7   Thumb Code     0  startup_stm32f10x_hd.o(.text)
    USB_HP_CAN1_TX_IRQHandler                0x080001e7   Thumb Code     0  startup_stm32f10x_hd.o(.text)
    USB_LP_CAN1_RX0_IRQHandler               0x080001e7   Thumb Code     0  startup_stm32f10x_hd.o(.text)
    WWDG_IRQHandler                          0x080001e7   Thumb Code     0  startup_stm32f10x_hd.o(.text)
    __user_initial_stackheap                 0x080001e9   Thumb Code     0  startup_stm32f10x_hd.o(.text)
    __use_no_semihosting                     0x0800020d   Thumb Code     2  use_no_semi_2.o(.text)
    strlen                                   0x0800020f   Thumb Code    62  strlen.o(.text)
    __use_two_region_memory                  0x0800024d   Thumb Code     2  heapauxi.o(.text)
    __rt_heap_escrow$2region                 0x0800024f   Thumb Code     2  heapauxi.o(.text)
    __rt_heap_expand$2region                 0x08000251   Thumb Code     2  heapauxi.o(.text)
    __I$use$semihosting                      0x08000253   Thumb Code     0  use_no_semi.o(.text)
    __use_no_semihosting_swi                 0x08000253   Thumb Code     2  use_no_semi.o(.text)
    __read_errno                             0x08000255   Thumb Code    10  _rserrno.o(.text)
    __set_errno                              0x0800025f   Thumb Code    12  _rserrno.o(.text)
    __aeabi_errno_addr                       0x0800026d   Thumb Code     8  rt_errno_addr_intlibspace.o(.text)
    __errno$intlibspace                      0x0800026d   Thumb Code     0  rt_errno_addr_intlibspace.o(.text)
    __rt_errno_addr$intlibspace              0x0800026d   Thumb Code     0  rt_errno_addr_intlibspace.o(.text)
    __user_libspace                          0x08000275   Thumb Code     8  libspace.o(.text)
    __user_perproc_libspace                  0x08000275   Thumb Code     0  libspace.o(.text)
    __user_perthread_libspace                0x08000275   Thumb Code     0  libspace.o(.text)
    __user_setup_stackheap                   0x0800027d   Thumb Code    74  sys_stackheap_outer.o(.text)
    exit                                     0x080002c7   Thumb Code    18  exit.o(.text)
    AT24CXX_Init                             0x080002d9   Thumb Code     8  24cxx.o(i.AT24CXX_Init)
    AT24CXX_Read                             0x080002e1   Thumb Code    34  24cxx.o(i.AT24CXX_Read)
    AT24CXX_ReadOneByte                      0x08000303   Thumb Code    88  24cxx.o(i.AT24CXX_ReadOneByte)
    AT24CXX_Write                            0x0800035b   Thumb Code    36  24cxx.o(i.AT24CXX_Write)
    AT24CXX_WriteOneByte                     0x0800037f   Thumb Code    80  24cxx.o(i.AT24CXX_WriteOneByte)
    BusFault_Handler                         0x080003cf   Thumb Code     4  stm32f10x_it.o(i.BusFault_Handler)
    Chinese_Font_test                        0x080003d5   Thumb Code   122  test.o(i.Chinese_Font_test)
    DebugMon_Handler                         0x080004c5   Thumb Code     2  stm32f10x_it.o(i.DebugMon_Handler)
    DrawTestPage                             0x080004c9   Thumb Code   128  test.o(i.DrawTestPage)
    Draw_Circle                              0x0800055d   Thumb Code   158  lcd.o(i.Draw_Circle)
    English_Font_test                        0x080005fd   Thumb Code    90  test.o(i.English_Font_test)
    FSMC_NORSRAMCmd                          0x080006e5   Thumb Code    46  stm32f10x_fsmc.o(i.FSMC_NORSRAMCmd)
    FSMC_NORSRAMInit                         0x08000719   Thumb Code   230  stm32f10x_fsmc.o(i.FSMC_NORSRAMInit)
    GPIO_Init                                0x080007ff   Thumb Code   278  stm32f10x_gpio.o(i.GPIO_Init)
    GPIO_SetBits                             0x08000915   Thumb Code     4  stm32f10x_gpio.o(i.GPIO_SetBits)
    GUI_DrawPoint                            0x08000919   Thumb Code    28  gui.o(i.GUI_DrawPoint)
    Gui_StrCenter                            0x08000935   Thumb Code    70  gui.o(i.Gui_StrCenter)
    HardFault_Handler                        0x08000981   Thumb Code     4  stm32f10x_it.o(i.HardFault_Handler)
    IIC_Ack                                  0x08000985   Thumb Code    66  myiic.o(i.IIC_Ack)
    IIC_Init                                 0x080009d5   Thumb Code    46  myiic.o(i.IIC_Init)
    IIC_NAck                                 0x08000a09   Thumb Code    66  myiic.o(i.IIC_NAck)
    IIC_Read_Byte                            0x08000a59   Thumb Code    98  myiic.o(i.IIC_Read_Byte)
    IIC_Send_Byte                            0x08000ac9   Thumb Code   104  myiic.o(i.IIC_Send_Byte)
    IIC_Start                                0x08000b3d   Thumb Code    64  myiic.o(i.IIC_Start)
    IIC_Stop                                 0x08000b89   Thumb Code    62  myiic.o(i.IIC_Stop)
    IIC_Wait_Ack                             0x08000bd5   Thumb Code    86  myiic.o(i.IIC_Wait_Ack)
    LCD_Address_Set                          0x08000c39   Thumb Code    74  lcd.o(i.LCD_Address_Set)
    LCD_Clear                                0x08000c85   Thumb Code    68  lcd.o(i.LCD_Clear)
    LCD_DrawLine                             0x08000ccd   Thumb Code   172  lcd.o(i.LCD_DrawLine)
    LCD_DrawPoint                            0x08000d79   Thumb Code    28  lcd.o(i.LCD_DrawPoint)
    LCD_DrawRectangle                        0x08000d95   Thumb Code    74  lcd.o(i.LCD_DrawRectangle)
    LCD_DrawRoughLine                        0x08000ddf   Thumb Code   172  touch.o(i.LCD_DrawRoughLine)
    LCD_Fill                                 0x08000e8b   Thumb Code    74  lcd.o(i.LCD_Fill)
    LCD_Init                                 0x08000ed5   Thumb Code   874  lcd.o(i.LCD_Init)
    LCD_RD_DATA                              0x08001259   Thumb Code    14  lcd.o(i.LCD_RD_DATA)
    LCD_ShowChar                             0x0800126d   Thumb Code   328  lcd.o(i.LCD_ShowChar)
    LCD_ShowChinese12x12                     0x080013c5   Thumb Code   322  lcd.o(i.LCD_ShowChinese12x12)
    LCD_ShowChinese16x16                     0x0800150d   Thumb Code   306  lcd.o(i.LCD_ShowChinese16x16)
    LCD_ShowChinese24x24                     0x08001645   Thumb Code   322  lcd.o(i.LCD_ShowChinese24x24)
    LCD_ShowChinese32x32                     0x0800178d   Thumb Code   306  lcd.o(i.LCD_ShowChinese32x32)
    LCD_ShowIntNum                           0x080018c5   Thumb Code   150  lcd.o(i.LCD_ShowIntNum)
    LCD_ShowPicture                          0x0800195b   Thumb Code   110  lcd.o(i.LCD_ShowPicture)
    LCD_ShowString                           0x080019c9   Thumb Code    66  lcd.o(i.LCD_ShowString)
    LCD_WR_DATA                              0x08001a0d   Thumb Code     6  lcd.o(i.LCD_WR_DATA)
    LCD_WR_REG                               0x08001a19   Thumb Code     6  lcd.o(i.LCD_WR_REG)
    MemManage_Handler                        0x08001a25   Thumb Code     4  stm32f10x_it.o(i.MemManage_Handler)
    NMI_Handler                              0x08001a29   Thumb Code     2  stm32f10x_it.o(i.NMI_Handler)
    NVIC_Init                                0x08001a2d   Thumb Code   100  misc.o(i.NVIC_Init)
    PendSV_Handler                           0x08001a9d   Thumb Code     2  stm32f10x_it.o(i.PendSV_Handler)
    Pic_test                                 0x08001aa1   Thumb Code   170  test.o(i.Pic_test)
    RCC_AHBPeriphClockCmd                    0x08001b6d   Thumb Code    26  stm32f10x_rcc.o(i.RCC_AHBPeriphClockCmd)
    RCC_APB2PeriphClockCmd                   0x08001b8d   Thumb Code    26  stm32f10x_rcc.o(i.RCC_APB2PeriphClockCmd)
    RCC_GetClocksFreq                        0x08001bad   Thumb Code   192  stm32f10x_rcc.o(i.RCC_GetClocksFreq)
    SVC_Handler                              0x08001c81   Thumb Code     2  stm32f10x_it.o(i.SVC_Handler)
    Set_Dir                                  0x08001d6d   Thumb Code    46  lcd.o(i.Set_Dir)
    Show_Str                                 0x08001da1   Thumb Code   262  gui.o(i.Show_Str)
    SysTick_CLKSourceConfig                  0x08001ead   Thumb Code    40  misc.o(i.SysTick_CLKSourceConfig)
    SysTick_Handler                          0x08001ed5   Thumb Code     2  stm32f10x_it.o(i.SysTick_Handler)
    SystemInit                               0x08001ed9   Thumb Code    78  system_stm32f10x.o(i.SystemInit)
    TP_Adjust                                0x08001f39   Thumb Code  1922  touch.o(i.TP_Adjust)
    TP_Draw_Big_Point                        0x08002729   Thumb Code    58  touch.o(i.TP_Draw_Big_Point)
    TP_Drow_Touch_Point                      0x08002763   Thumb Code   118  touch.o(i.TP_Drow_Touch_Point)
    TP_Get_Adjdata                           0x080027d9   Thumb Code    32  touch.o(i.TP_Get_Adjdata)
    TP_Init                                  0x080027fd   Thumb Code   178  touch.o(i.TP_Init)
    TP_Read_AD                               0x080028bd   Thumb Code   132  touch.o(i.TP_Read_AD)
    TP_Read_XOY                              0x08002951   Thumb Code   120  touch.o(i.TP_Read_XOY)
    TP_Read_XY                               0x080029c9   Thumb Code    38  touch.o(i.TP_Read_XY)
    TP_Read_XY2                              0x080029f9   Thumb Code   192  touch.o(i.TP_Read_XY2)
    TP_Save_Adjdata                          0x08002ab9   Thumb Code    22  touch.o(i.TP_Save_Adjdata)
    TP_Scan                                  0x08002ad5   Thumb Code   262  touch.o(i.TP_Scan)
    TP_Write_Byte                            0x08002be5   Thumb Code    64  touch.o(i.TP_Write_Byte)
    Test_Circle                              0x08002c31   Thumb Code   224  test.o(i.Test_Circle)
    Test_Color                               0x08002d31   Thumb Code   336  test.o(i.Test_Color)
    Test_FillRec                             0x08002ebd   Thumb Code   388  test.o(i.Test_FillRec)
    Touch_Test                               0x08003061   Thumb Code   280  test.o(i.Touch_Test)
    USART1_IRQHandler                        0x08003199   Thumb Code   122  usart.o(i.USART1_IRQHandler)
    USART_Cmd                                0x08003221   Thumb Code    24  stm32f10x_usart.o(i.USART_Cmd)
    USART_GetITStatus                        0x08003239   Thumb Code    84  stm32f10x_usart.o(i.USART_GetITStatus)
    USART_ITConfig                           0x0800328d   Thumb Code    74  stm32f10x_usart.o(i.USART_ITConfig)
    USART_Init                               0x080032d9   Thumb Code   210  stm32f10x_usart.o(i.USART_Init)
    USART_ReceiveData                        0x080033b1   Thumb Code    10  stm32f10x_usart.o(i.USART_ReceiveData)
    UsageFault_Handler                       0x080033bb   Thumb Code     4  stm32f10x_it.o(i.UsageFault_Handler)
    _draw_circle_8                           0x080033bf   Thumb Code   132  gui.o(i._draw_circle_8)
    _sys_exit                                0x08003443   Thumb Code     4  usart.o(i._sys_exit)
    delay_init                               0x08003449   Thumb Code    50  delay.o(i.delay_init)
    delay_ms                                 0x0800348d   Thumb Code    72  delay.o(i.delay_ms)
    delay_us                                 0x080034d9   Thumb Code    72  delay.o(i.delay_us)
    gui_circle                               0x08003525   Thumb Code   154  gui.o(i.gui_circle)
    main                                     0x080035bf   Thumb Code    60  main.o(i.main)
    main_test                                0x080035fd   Thumb Code   122  test.o(i.main_test)
    mypow                                    0x080036d5   Thumb Code    22  lcd.o(i.mypow)
    sqrt                                     0x080036eb   Thumb Code    76  sqrt.o(i.sqrt)
    uart_init                                0x08003739   Thumb Code   152  usart.o(i.uart_init)
    __fpl_dcmp_Inf                           0x080037d9   Thumb Code    24  dcmpi.o(x$fpl$dcmpinf)
    __aeabi_d2uiz                            0x080037f1   Thumb Code     0  dfixu.o(x$fpl$dfixu)
    _dfixu                                   0x080037f1   Thumb Code    90  dfixu.o(x$fpl$dfixu)
    __aeabi_ui2d                             0x0800384b   Thumb Code     0  dflt_clz.o(x$fpl$dfltu)
    _dfltu                                   0x0800384b   Thumb Code    38  dflt_clz.o(x$fpl$dfltu)
    __aeabi_cdcmple                          0x08003871   Thumb Code     0  dleqf.o(x$fpl$dleqf)
    _dcmple                                  0x08003871   Thumb Code   120  dleqf.o(x$fpl$dleqf)
    __fpl_dcmple_InfNaN                      0x080038d3   Thumb Code     0  dleqf.o(x$fpl$dleqf)
    __fpl_dnaninf                            0x080038e9   Thumb Code   156  dnaninf.o(x$fpl$dnaninf)
    __fpl_dretinf                            0x08003985   Thumb Code    12  dretinf.o(x$fpl$dretinf)
    __aeabi_cdrcmple                         0x08003991   Thumb Code     0  drleqf.o(x$fpl$drleqf)
    _drcmple                                 0x08003991   Thumb Code   108  drleqf.o(x$fpl$drleqf)
    _dsqrt                                   0x080039fd   Thumb Code   456  dsqrt_noumaal.o(x$fpl$dsqrt)
    __aeabi_f2d                              0x08003bc9   Thumb Code     0  f2d.o(x$fpl$f2d)
    _f2d                                     0x08003bc9   Thumb Code    86  f2d.o(x$fpl$f2d)
    __aeabi_fadd                             0x08003c21   Thumb Code     0  faddsub_clz.o(x$fpl$fadd)
    _fadd                                    0x08003c21   Thumb Code   196  faddsub_clz.o(x$fpl$fadd)
    __aeabi_fdiv                             0x08003ce5   Thumb Code     0  fdiv.o(x$fpl$fdiv)
    _fdiv                                    0x08003ce5   Thumb Code   384  fdiv.o(x$fpl$fdiv)
    __aeabi_f2iz                             0x08003e69   Thumb Code     0  ffix.o(x$fpl$ffix)
    _ffix                                    0x08003e69   Thumb Code    54  ffix.o(x$fpl$ffix)
    __aeabi_f2uiz                            0x08003ea1   Thumb Code     0  ffixu.o(x$fpl$ffixu)
    _ffixu                                   0x08003ea1   Thumb Code    62  ffixu.o(x$fpl$ffixu)
    __aeabi_i2f                              0x08003ee1   Thumb Code     0  fflt_clz.o(x$fpl$fflt)
    _fflt                                    0x08003ee1   Thumb Code    48  fflt_clz.o(x$fpl$fflt)
    __aeabi_ui2f                             0x08003f11   Thumb Code     0  fflt_clz.o(x$fpl$ffltu)
    _ffltu                                   0x08003f11   Thumb Code    38  fflt_clz.o(x$fpl$ffltu)
    __aeabi_fmul                             0x08003f39   Thumb Code     0  fmul.o(x$fpl$fmul)
    _fmul                                    0x08003f39   Thumb Code   258  fmul.o(x$fpl$fmul)
    __fpl_fnaninf                            0x0800403b   Thumb Code   140  fnaninf.o(x$fpl$fnaninf)
    __fpl_fretinf                            0x080040c7   Thumb Code    10  fretinf.o(x$fpl$fretinf)
    __aeabi_fsub                             0x080040d1   Thumb Code     0  faddsub_clz.o(x$fpl$fsub)
    _fsub                                    0x080040d1   Thumb Code   234  faddsub_clz.o(x$fpl$fsub)
    __I$use$fp                               0x080041ba   Number         0  usenofp.o(x$fpl$usenofp)
    gImage_1                                 0x080041ba   Data        3200  test.o(.constdata)
    ascii_1206                               0x08004e3a   Data        1140  lcd.o(.constdata)
    ascii_1608                               0x080052ae   Data        1520  lcd.o(.constdata)
    ascii_2412                               0x0800589e   Data        4560  lcd.o(.constdata)
    ascii_3216                               0x08006a6e   Data        6080  lcd.o(.constdata)
    tfont12                                  0x0800822e   Data         130  lcd.o(.constdata)
    tfont16                                  0x080082b0   Data        1462  lcd.o(.constdata)
    tfont24                                  0x08008866   Data         370  lcd.o(.constdata)
    tfont32                                  0x080089d8   Data         650  lcd.o(.constdata)
    Region$$Table$$Base                      0x08008c64   Number         0  anon$$obj.o(Region$$Table)
    Region$$Table$$Limit                     0x08008c84   Number         0  anon$$obj.o(Region$$Table)
    SystemCoreClock                          0x20000000   Data           4  system_stm32f10x.o(.data)
    AHBPrescTable                            0x20000004   Data          16  system_stm32f10x.o(.data)
    ColorTab                                 0x20000014   Data          10  test.o(.data)
    lcddev                                   0x2000001e   Data           6  lcd.o(.data)
    tp_dev                                   0x20000024   Data          52  touch.o(.data)
    CMD_RDX                                  0x20000058   Data           1  touch.o(.data)
    CMD_RDY                                  0x20000059   Data           1  touch.o(.data)
    __stdout                                 0x20000060   Data           4  usart.o(.data)
    USART_RX_STA                             0x20000064   Data           2  usart.o(.data)
    USART_RX_BUF                             0x2000007c   Data         200  usart.o(.bss)
    __libspace_start                         0x20000144   Data          96  libspace.o(.bss)
    __temporary_stack_top$libspace           0x200001a4   Data           0  libspace.o(.bss)



==============================================================================

Memory Map of the image

  Image Entry point : 0x080001cd

  Load Region LR_1 (Base: 0x08000000, Size: 0x00008d00, Max: 0xffffffff, ABSOLUTE)

    Execution Region ER_RO (Exec base: 0x08000000, Load base: 0x08000000, Size: 0x00008c84, Max: 0xffffffff, ABSOLUTE)

    Exec Addr    Load Addr    Size         Type   Attr      Idx    E Section Name        Object

    0x08000000   0x08000000   0x00000130   Data   RO          846    RESET               startup_stm32f10x_hd.o
    0x08000130   0x08000130   0x00000008   Code   RO         3826  * !!!main             c_w.l(__main.o)
    0x08000138   0x08000138   0x00000034   Code   RO         4051    !!!scatter          c_w.l(__scatter.o)
    0x0800016c   0x0800016c   0x0000001a   Code   RO         4053    !!handler_copy      c_w.l(__scatter_copy.o)
    0x08000186   0x08000186   0x00000002   PAD
    0x08000188   0x08000188   0x0000001c   Code   RO         4055    !!handler_zi        c_w.l(__scatter_zi.o)
    0x080001a4   0x080001a4   0x00000002   Code   RO         3928    .ARM.Collect$$libinit$$00000000  c_w.l(libinit.o)
    0x080001a6   0x080001a6   0x00000000   Code   RO         3932    .ARM.Collect$$libinit$$00000002  c_w.l(libinit2.o)
    0x080001a6   0x080001a6   0x00000000   Code   RO         3934    .ARM.Collect$$libinit$$00000004  c_w.l(libinit2.o)
    0x080001a6   0x080001a6   0x00000000   Code   RO         3937    .ARM.Collect$$libinit$$0000000A  c_w.l(libinit2.o)
    0x080001a6   0x080001a6   0x00000000   Code   RO         3939    .ARM.Collect$$libinit$$0000000C  c_w.l(libinit2.o)
    0x080001a6   0x080001a6   0x00000000   Code   RO         3941    .ARM.Collect$$libinit$$0000000E  c_w.l(libinit2.o)
    0x080001a6   0x080001a6   0x00000000   Code   RO         3944    .ARM.Collect$$libinit$$00000011  c_w.l(libinit2.o)
    0x080001a6   0x080001a6   0x00000000   Code   RO         3946    .ARM.Collect$$libinit$$00000013  c_w.l(libinit2.o)
    0x080001a6   0x080001a6   0x00000000   Code   RO         3948    .ARM.Collect$$libinit$$00000015  c_w.l(libinit2.o)
    0x080001a6   0x080001a6   0x00000000   Code   RO         3950    .ARM.Collect$$libinit$$00000017  c_w.l(libinit2.o)
    0x080001a6   0x080001a6   0x00000000   Code   RO         3952    .ARM.Collect$$libinit$$00000019  c_w.l(libinit2.o)
    0x080001a6   0x080001a6   0x00000000   Code   RO         3954    .ARM.Collect$$libinit$$0000001B  c_w.l(libinit2.o)
    0x080001a6   0x080001a6   0x00000000   Code   RO         3956    .ARM.Collect$$libinit$$0000001D  c_w.l(libinit2.o)
    0x080001a6   0x080001a6   0x00000000   Code   RO         3958    .ARM.Collect$$libinit$$0000001F  c_w.l(libinit2.o)
    0x080001a6   0x080001a6   0x00000000   Code   RO         3960    .ARM.Collect$$libinit$$00000021  c_w.l(libinit2.o)
    0x080001a6   0x080001a6   0x00000000   Code   RO         3962    .ARM.Collect$$libinit$$00000023  c_w.l(libinit2.o)
    0x080001a6   0x080001a6   0x00000000   Code   RO         3964    .ARM.Collect$$libinit$$00000025  c_w.l(libinit2.o)
    0x080001a6   0x080001a6   0x00000000   Code   RO         3968    .ARM.Collect$$libinit$$0000002C  c_w.l(libinit2.o)
    0x080001a6   0x080001a6   0x00000000   Code   RO         3970    .ARM.Collect$$libinit$$0000002E  c_w.l(libinit2.o)
    0x080001a6   0x080001a6   0x00000000   Code   RO         3972    .ARM.Collect$$libinit$$00000030  c_w.l(libinit2.o)
    0x080001a6   0x080001a6   0x00000000   Code   RO         3974    .ARM.Collect$$libinit$$00000032  c_w.l(libinit2.o)
    0x080001a6   0x080001a6   0x00000002   Code   RO         3975    .ARM.Collect$$libinit$$00000033  c_w.l(libinit2.o)
    0x080001a8   0x080001a8   0x00000002   Code   RO         3993    .ARM.Collect$$libshutdown$$00000000  c_w.l(libshutdown.o)
    0x080001aa   0x080001aa   0x00000000   Code   RO         4003    .ARM.Collect$$libshutdown$$00000002  c_w.l(libshutdown2.o)
    0x080001aa   0x080001aa   0x00000000   Code   RO         4005    .ARM.Collect$$libshutdown$$00000004  c_w.l(libshutdown2.o)
    0x080001aa   0x080001aa   0x00000000   Code   RO         4008    .ARM.Collect$$libshutdown$$00000007  c_w.l(libshutdown2.o)
    0x080001aa   0x080001aa   0x00000000   Code   RO         4011    .ARM.Collect$$libshutdown$$0000000A  c_w.l(libshutdown2.o)
    0x080001aa   0x080001aa   0x00000000   Code   RO         4013    .ARM.Collect$$libshutdown$$0000000C  c_w.l(libshutdown2.o)
    0x080001aa   0x080001aa   0x00000000   Code   RO         4016    .ARM.Collect$$libshutdown$$0000000F  c_w.l(libshutdown2.o)
    0x080001aa   0x080001aa   0x00000002   Code   RO         4017    .ARM.Collect$$libshutdown$$00000010  c_w.l(libshutdown2.o)
    0x080001ac   0x080001ac   0x00000000   Code   RO         3880    .ARM.Collect$$rtentry$$00000000  c_w.l(__rtentry.o)
    0x080001ac   0x080001ac   0x00000000   Code   RO         3897    .ARM.Collect$$rtentry$$00000002  c_w.l(__rtentry2.o)
    0x080001ac   0x080001ac   0x00000006   Code   RO         3909    .ARM.Collect$$rtentry$$00000004  c_w.l(__rtentry4.o)
    0x080001b2   0x080001b2   0x00000000   Code   RO         3899    .ARM.Collect$$rtentry$$00000009  c_w.l(__rtentry2.o)
    0x080001b2   0x080001b2   0x00000004   Code   RO         3900    .ARM.Collect$$rtentry$$0000000A  c_w.l(__rtentry2.o)
    0x080001b6   0x080001b6   0x00000000   Code   RO         3902    .ARM.Collect$$rtentry$$0000000C  c_w.l(__rtentry2.o)
    0x080001b6   0x080001b6   0x00000008   Code   RO         3903    .ARM.Collect$$rtentry$$0000000D  c_w.l(__rtentry2.o)
    0x080001be   0x080001be   0x00000002   Code   RO         3929    .ARM.Collect$$rtexit$$00000000  c_w.l(rtexit.o)
    0x080001c0   0x080001c0   0x00000000   Code   RO         3977    .ARM.Collect$$rtexit$$00000002  c_w.l(rtexit2.o)
    0x080001c0   0x080001c0   0x00000004   Code   RO         3978    .ARM.Collect$$rtexit$$00000003  c_w.l(rtexit2.o)
    0x080001c4   0x080001c4   0x00000006   Code   RO         3979    .ARM.Collect$$rtexit$$00000004  c_w.l(rtexit2.o)
    0x080001ca   0x080001ca   0x00000002   PAD
    0x080001cc   0x080001cc   0x00000040   Code   RO          847  * .text               startup_stm32f10x_hd.o
    0x0800020c   0x0800020c   0x00000002   Code   RO         3820    .text               c_w.l(use_no_semi_2.o)
    0x0800020e   0x0800020e   0x0000003e   Code   RO         3822    .text               c_w.l(strlen.o)
    0x0800024c   0x0800024c   0x00000006   Code   RO         3824    .text               c_w.l(heapauxi.o)
    0x08000252   0x08000252   0x00000002   Code   RO         3878    .text               c_w.l(use_no_semi.o)
    0x08000254   0x08000254   0x00000016   Code   RO         3881    .text               c_w.l(_rserrno.o)
    0x0800026a   0x0800026a   0x00000002   PAD
    0x0800026c   0x0800026c   0x00000008   Code   RO         3914    .text               c_w.l(rt_errno_addr_intlibspace.o)
    0x08000274   0x08000274   0x00000008   Code   RO         3916    .text               c_w.l(libspace.o)
    0x0800027c   0x0800027c   0x0000004a   Code   RO         3919    .text               c_w.l(sys_stackheap_outer.o)
    0x080002c6   0x080002c6   0x00000012   Code   RO         3921    .text               c_w.l(exit.o)
    0x080002d8   0x080002d8   0x00000008   Code   RO          607    i.AT24CXX_Init      24cxx.o
    0x080002e0   0x080002e0   0x00000022   Code   RO          608    i.AT24CXX_Read      24cxx.o
    0x08000302   0x08000302   0x00000058   Code   RO          610    i.AT24CXX_ReadOneByte  24cxx.o
    0x0800035a   0x0800035a   0x00000024   Code   RO          611    i.AT24CXX_Write     24cxx.o
    0x0800037e   0x0800037e   0x00000050   Code   RO          613    i.AT24CXX_WriteOneByte  24cxx.o
    0x080003ce   0x080003ce   0x00000004   Code   RO          135    i.BusFault_Handler  stm32f10x_it.o
    0x080003d2   0x080003d2   0x00000002   PAD
    0x080003d4   0x080003d4   0x000000f0   Code   RO          258    i.Chinese_Font_test  test.o
    0x080004c4   0x080004c4   0x00000002   Code   RO          136    i.DebugMon_Handler  stm32f10x_it.o
    0x080004c6   0x080004c6   0x00000002   PAD
    0x080004c8   0x080004c8   0x00000094   Code   RO          259    i.DrawTestPage      test.o
    0x0800055c   0x0800055c   0x0000009e   Code   RO          370    i.Draw_Circle       lcd.o
    0x080005fa   0x080005fa   0x00000002   PAD
    0x080005fc   0x080005fc   0x000000e8   Code   RO          260    i.English_Font_test  test.o
    0x080006e4   0x080006e4   0x00000034   Code   RO         1887    i.FSMC_NORSRAMCmd   stm32f10x_fsmc.o
    0x08000718   0x08000718   0x000000e6   Code   RO         1889    i.FSMC_NORSRAMInit  stm32f10x_fsmc.o
    0x080007fe   0x080007fe   0x00000116   Code   RO         2002    i.GPIO_Init         stm32f10x_gpio.o
    0x08000914   0x08000914   0x00000004   Code   RO         2010    i.GPIO_SetBits      stm32f10x_gpio.o
    0x08000918   0x08000918   0x0000001c   Code   RO          331    i.GUI_DrawPoint     gui.o
    0x08000934   0x08000934   0x0000004c   Code   RO          332    i.Gui_StrCenter     gui.o
    0x08000980   0x08000980   0x00000004   Code   RO          137    i.HardFault_Handler  stm32f10x_it.o
    0x08000984   0x08000984   0x00000050   Code   RO          552    i.IIC_Ack           myiic.o
    0x080009d4   0x080009d4   0x00000034   Code   RO          553    i.IIC_Init          myiic.o
    0x08000a08   0x08000a08   0x00000050   Code   RO          554    i.IIC_NAck          myiic.o
    0x08000a58   0x08000a58   0x00000070   Code   RO          555    i.IIC_Read_Byte     myiic.o
    0x08000ac8   0x08000ac8   0x00000074   Code   RO          556    i.IIC_Send_Byte     myiic.o
    0x08000b3c   0x08000b3c   0x0000004c   Code   RO          557    i.IIC_Start         myiic.o
    0x08000b88   0x08000b88   0x0000004c   Code   RO          558    i.IIC_Stop          myiic.o
    0x08000bd4   0x08000bd4   0x00000064   Code   RO          559    i.IIC_Wait_Ack      myiic.o
    0x08000c38   0x08000c38   0x0000004a   Code   RO          371    i.LCD_Address_Set   lcd.o
    0x08000c82   0x08000c82   0x00000002   PAD
    0x08000c84   0x08000c84   0x00000048   Code   RO          372    i.LCD_Clear         lcd.o
    0x08000ccc   0x08000ccc   0x000000ac   Code   RO          375    i.LCD_DrawLine      lcd.o
    0x08000d78   0x08000d78   0x0000001c   Code   RO          376    i.LCD_DrawPoint     lcd.o
    0x08000d94   0x08000d94   0x0000004a   Code   RO          377    i.LCD_DrawRectangle  lcd.o
    0x08000dde   0x08000dde   0x000000ac   Code   RO          660    i.LCD_DrawRoughLine  touch.o
    0x08000e8a   0x08000e8a   0x0000004a   Code   RO          378    i.LCD_Fill          lcd.o
    0x08000ed4   0x08000ed4   0x00000384   Code   RO          379    i.LCD_Init          lcd.o
    0x08001258   0x08001258   0x00000014   Code   RO          380    i.LCD_RD_DATA       lcd.o
    0x0800126c   0x0800126c   0x00000158   Code   RO          383    i.LCD_ShowChar      lcd.o
    0x080013c4   0x080013c4   0x00000148   Code   RO          385    i.LCD_ShowChinese12x12  lcd.o
    0x0800150c   0x0800150c   0x00000138   Code   RO          386    i.LCD_ShowChinese16x16  lcd.o
    0x08001644   0x08001644   0x00000148   Code   RO          387    i.LCD_ShowChinese24x24  lcd.o
    0x0800178c   0x0800178c   0x00000138   Code   RO          388    i.LCD_ShowChinese32x32  lcd.o
    0x080018c4   0x080018c4   0x00000096   Code   RO          390    i.LCD_ShowIntNum    lcd.o
    0x0800195a   0x0800195a   0x0000006e   Code   RO          391    i.LCD_ShowPicture   lcd.o
    0x080019c8   0x080019c8   0x00000042   Code   RO          392    i.LCD_ShowString    lcd.o
    0x08001a0a   0x08001a0a   0x00000002   PAD
    0x08001a0c   0x08001a0c   0x0000000c   Code   RO          393    i.LCD_WR_DATA       lcd.o
    0x08001a18   0x08001a18   0x0000000c   Code   RO          394    i.LCD_WR_REG        lcd.o
    0x08001a24   0x08001a24   0x00000004   Code   RO          138    i.MemManage_Handler  stm32f10x_it.o
    0x08001a28   0x08001a28   0x00000002   Code   RO          139    i.NMI_Handler       stm32f10x_it.o
    0x08001a2a   0x08001a2a   0x00000002   PAD
    0x08001a2c   0x08001a2c   0x00000070   Code   RO          851    i.NVIC_Init         misc.o
    0x08001a9c   0x08001a9c   0x00000002   Code   RO          140    i.PendSV_Handler    stm32f10x_it.o
    0x08001a9e   0x08001a9e   0x00000002   PAD
    0x08001aa0   0x08001aa0   0x000000cc   Code   RO          261    i.Pic_test          test.o
    0x08001b6c   0x08001b6c   0x00000020   Code   RO         2417    i.RCC_AHBPeriphClockCmd  stm32f10x_rcc.o
    0x08001b8c   0x08001b8c   0x00000020   Code   RO         2420    i.RCC_APB2PeriphClockCmd  stm32f10x_rcc.o
    0x08001bac   0x08001bac   0x000000d4   Code   RO         2428    i.RCC_GetClocksFreq  stm32f10x_rcc.o
    0x08001c80   0x08001c80   0x00000002   Code   RO          141    i.SVC_Handler       stm32f10x_it.o
    0x08001c82   0x08001c82   0x00000008   Code   RO          224    i.SetSysClock       system_stm32f10x.o
    0x08001c8a   0x08001c8a   0x00000002   PAD
    0x08001c8c   0x08001c8c   0x000000e0   Code   RO          225    i.SetSysClockTo72   system_stm32f10x.o
    0x08001d6c   0x08001d6c   0x00000034   Code   RO          395    i.Set_Dir           lcd.o
    0x08001da0   0x08001da0   0x0000010c   Code   RO          333    i.Show_Str          gui.o
    0x08001eac   0x08001eac   0x00000028   Code   RO          855    i.SysTick_CLKSourceConfig  misc.o
    0x08001ed4   0x08001ed4   0x00000002   Code   RO          142    i.SysTick_Handler   stm32f10x_it.o
    0x08001ed6   0x08001ed6   0x00000002   PAD
    0x08001ed8   0x08001ed8   0x00000060   Code   RO          227    i.SystemInit        system_stm32f10x.o
    0x08001f38   0x08001f38   0x000007f0   Code   RO          661    i.TP_Adjust         touch.o
    0x08002728   0x08002728   0x0000003a   Code   RO          662    i.TP_Draw_Big_Point  touch.o
    0x08002762   0x08002762   0x00000076   Code   RO          663    i.TP_Drow_Touch_Point  touch.o
    0x080027d8   0x080027d8   0x00000024   Code   RO          664    i.TP_Get_Adjdata    touch.o
    0x080027fc   0x080027fc   0x000000c0   Code   RO          665    i.TP_Init           touch.o
    0x080028bc   0x080028bc   0x00000094   Code   RO          666    i.TP_Read_AD        touch.o
    0x08002950   0x08002950   0x00000078   Code   RO          667    i.TP_Read_XOY       touch.o
    0x080029c8   0x080029c8   0x00000030   Code   RO          668    i.TP_Read_XY        touch.o
    0x080029f8   0x080029f8   0x000000c0   Code   RO          669    i.TP_Read_XY2       touch.o
    0x08002ab8   0x08002ab8   0x0000001c   Code   RO          670    i.TP_Save_Adjdata   touch.o
    0x08002ad4   0x08002ad4   0x00000110   Code   RO          671    i.TP_Scan           touch.o
    0x08002be4   0x08002be4   0x0000004c   Code   RO          672    i.TP_Write_Byte     touch.o
    0x08002c30   0x08002c30   0x00000100   Code   RO          262    i.Test_Circle       test.o
    0x08002d30   0x08002d30   0x0000018c   Code   RO          263    i.Test_Color        test.o
    0x08002ebc   0x08002ebc   0x000001a4   Code   RO          264    i.Test_FillRec      test.o
    0x08003060   0x08003060   0x00000138   Code   RO          265    i.Touch_Test        test.o
    0x08003198   0x08003198   0x00000088   Code   RO          792    i.USART1_IRQHandler  usart.o
    0x08003220   0x08003220   0x00000018   Code   RO         3588    i.USART_Cmd         stm32f10x_usart.o
    0x08003238   0x08003238   0x00000054   Code   RO         3592    i.USART_GetITStatus  stm32f10x_usart.o
    0x0800328c   0x0800328c   0x0000004a   Code   RO         3594    i.USART_ITConfig    stm32f10x_usart.o
    0x080032d6   0x080032d6   0x00000002   PAD
    0x080032d8   0x080032d8   0x000000d8   Code   RO         3595    i.USART_Init        stm32f10x_usart.o
    0x080033b0   0x080033b0   0x0000000a   Code   RO         3602    i.USART_ReceiveData  stm32f10x_usart.o
    0x080033ba   0x080033ba   0x00000004   Code   RO          143    i.UsageFault_Handler  stm32f10x_it.o
    0x080033be   0x080033be   0x00000084   Code   RO          334    i._draw_circle_8    gui.o
    0x08003442   0x08003442   0x00000004   Code   RO          793    i._sys_exit         usart.o
    0x08003446   0x08003446   0x00000002   PAD
    0x08003448   0x08003448   0x00000044   Code   RO          754    i.delay_init        delay.o
    0x0800348c   0x0800348c   0x0000004c   Code   RO          755    i.delay_ms          delay.o
    0x080034d8   0x080034d8   0x0000004c   Code   RO          756    i.delay_us          delay.o
    0x08003524   0x08003524   0x0000009a   Code   RO          335    i.gui_circle        gui.o
    0x080035be   0x080035be   0x0000003c   Code   RO            1    i.main              main.o
    0x080035fa   0x080035fa   0x00000002   PAD
    0x080035fc   0x080035fc   0x000000d8   Code   RO          266    i.main_test         test.o
    0x080036d4   0x080036d4   0x00000016   Code   RO          396    i.mypow             lcd.o
    0x080036ea   0x080036ea   0x0000004c   Code   RO         3871    i.sqrt              m_ws.l(sqrt.o)
    0x08003736   0x08003736   0x00000002   PAD
    0x08003738   0x08003738   0x000000a0   Code   RO          795    i.uart_init         usart.o
    0x080037d8   0x080037d8   0x00000018   Code   RO         3883    x$fpl$dcmpinf       fz_ws.l(dcmpi.o)
    0x080037f0   0x080037f0   0x0000005a   Code   RO         3828    x$fpl$dfixu         fz_ws.l(dfixu.o)
    0x0800384a   0x0800384a   0x00000026   Code   RO         3832    x$fpl$dfltu         fz_ws.l(dflt_clz.o)
    0x08003870   0x08003870   0x00000078   Code   RO         3838    x$fpl$dleqf         fz_ws.l(dleqf.o)
    0x080038e8   0x080038e8   0x0000009c   Code   RO         3885    x$fpl$dnaninf       fz_ws.l(dnaninf.o)
    0x08003984   0x08003984   0x0000000c   Code   RO         3887    x$fpl$dretinf       fz_ws.l(dretinf.o)
    0x08003990   0x08003990   0x0000006c   Code   RO         3840    x$fpl$drleqf        fz_ws.l(drleqf.o)
    0x080039fc   0x080039fc   0x000001cc   Code   RO         3889    x$fpl$dsqrt         fz_ws.l(dsqrt_noumaal.o)
    0x08003bc8   0x08003bc8   0x00000056   Code   RO         3842    x$fpl$f2d           fz_ws.l(f2d.o)
    0x08003c1e   0x08003c1e   0x00000002   PAD
    0x08003c20   0x08003c20   0x000000c4   Code   RO         3844    x$fpl$fadd          fz_ws.l(faddsub_clz.o)
    0x08003ce4   0x08003ce4   0x00000184   Code   RO         3851    x$fpl$fdiv          fz_ws.l(fdiv.o)
    0x08003e68   0x08003e68   0x00000036   Code   RO         3854    x$fpl$ffix          fz_ws.l(ffix.o)
    0x08003e9e   0x08003e9e   0x00000002   PAD
    0x08003ea0   0x08003ea0   0x0000003e   Code   RO         3858    x$fpl$ffixu         fz_ws.l(ffixu.o)
    0x08003ede   0x08003ede   0x00000002   PAD
    0x08003ee0   0x08003ee0   0x00000030   Code   RO         3863    x$fpl$fflt          fz_ws.l(fflt_clz.o)
    0x08003f10   0x08003f10   0x00000026   Code   RO         3862    x$fpl$ffltu         fz_ws.l(fflt_clz.o)
    0x08003f36   0x08003f36   0x00000002   PAD
    0x08003f38   0x08003f38   0x00000102   Code   RO         3868    x$fpl$fmul          fz_ws.l(fmul.o)
    0x0800403a   0x0800403a   0x0000008c   Code   RO         3891    x$fpl$fnaninf       fz_ws.l(fnaninf.o)
    0x080040c6   0x080040c6   0x0000000a   Code   RO         3893    x$fpl$fretinf       fz_ws.l(fretinf.o)
    0x080040d0   0x080040d0   0x000000ea   Code   RO         3846    x$fpl$fsub          fz_ws.l(faddsub_clz.o)
    0x080041ba   0x080041ba   0x00000000   Code   RO         3895    x$fpl$usenofp       fz_ws.l(usenofp.o)
    0x080041ba   0x080041ba   0x00000c80   Data   RO          267    .constdata          test.o
    0x08004e3a   0x08004e3a   0x00003e28   Data   RO          397    .constdata          lcd.o
    0x08008c62   0x08008c62   0x00000002   PAD
    0x08008c64   0x08008c64   0x00000020   Data   RO         4049    Region$$Table       anon$$obj.o


    Execution Region ER_RW (Exec base: 0x20000000, Load base: 0x08008c84, Size: 0x0000007c, Max: 0xffffffff, ABSOLUTE)

    Exec Addr    Load Addr    Size         Type   Attr      Idx    E Section Name        Object

    0x20000000   0x08008c84   0x00000014   Data   RW          228    .data               system_stm32f10x.o
    0x20000014   0x08008c98   0x0000000a   Data   RW          268    .data               test.o
    0x2000001e   0x08008ca2   0x00000006   Data   RW          398    .data               lcd.o
    0x20000024   0x08008ca8   0x00000036   Data   RW          673    .data               touch.o
    0x2000005a   0x08008cde   0x00000004   Data   RW          757    .data               delay.o
    0x2000005e   0x08008ce2   0x00000002   PAD
    0x20000060   0x08008ce4   0x00000006   Data   RW          797    .data               usart.o
    0x20000066   0x08008cea   0x00000014   Data   RW         2448    .data               stm32f10x_rcc.o


    Execution Region ER_ZI (Exec base: 0x2000007c, Load base: 0x08008d00, Size: 0x0000072c, Max: 0xffffffff, ABSOLUTE)

    Exec Addr    Load Addr    Size         Type   Attr      Idx    E Section Name        Object

    0x2000007c        -       0x000000c8   Zero   RW          796    .bss                usart.o
    0x20000144        -       0x00000060   Zero   RW         3917    .bss                c_w.l(libspace.o)
    0x200001a4   0x08008d00   0x00000004   PAD
    0x200001a8        -       0x00000200   Zero   RW          845    HEAP                startup_stm32f10x_hd.o
    0x200003a8        -       0x00000400   Zero   RW          844    STACK               startup_stm32f10x_hd.o


==============================================================================

Image component sizes


      Code (inc. data)   RO Data    RW Data    ZI Data      Debug   Object Name

       246          0          0          0          0       3979   24cxx.o
         0          0          0          0          0         32   core_cm3.o
       220         26          0          4          0       2175   delay.o
       658         12          0          0          0       4909   gui.o
      3620         94      15912          6          0      22060   lcd.o
        60          0          0          0          0     241639   main.o
       152         12          0          0          0       1886   misc.o
       692        100          0          0          0       5146   myiic.o
        64         26        304          0       1536        880   startup_stm32f10x_hd.o
       282          6          0          0          0       2157   stm32f10x_fsmc.o
       282          0          0          0          0       2839   stm32f10x_gpio.o
        26          0          0          0          0       4730   stm32f10x_it.o
       276         32          0         20          0       5005   stm32f10x_rcc.o
       408          6          0          0          0       5678   stm32f10x_usart.o
       328         28          0         20          0       2657   system_stm32f10x.o
      2424        564       3200         10          0       6585   test.o
      3492        298          0         54          0      12408   touch.o
       300         22          0          6        200       4168   usart.o

    ----------------------------------------------------------------------
     13554       1226      19450        124       1736     328933   Object Totals
         0          0         32          0          0          0   (incl. Generated)
        24          0          2          4          0          0   (incl. Padding)

    ----------------------------------------------------------------------

      Code (inc. data)   RO Data    RW Data    ZI Data      Debug   Library Member Name

         8          0          0          0          0         68   __main.o
         0          0          0          0          0          0   __rtentry.o
        12          0          0          0          0          0   __rtentry2.o
         6          0          0          0          0          0   __rtentry4.o
        52          8          0          0          0          0   __scatter.o
        26          0          0          0          0          0   __scatter_copy.o
        28          0          0          0          0          0   __scatter_zi.o
        22          0          0          0          0        100   _rserrno.o
        18          0          0          0          0         80   exit.o
         6          0          0          0          0        152   heapauxi.o
         2          0          0          0          0          0   libinit.o
         2          0          0          0          0          0   libinit2.o
         2          0          0          0          0          0   libshutdown.o
         2          0          0          0          0          0   libshutdown2.o
         8          4          0          0         96         68   libspace.o
         8          4          0          0          0         68   rt_errno_addr_intlibspace.o
         2          0          0          0          0          0   rtexit.o
        10          0          0          0          0          0   rtexit2.o
        62          0          0          0          0         76   strlen.o
        74          0          0          0          0         80   sys_stackheap_outer.o
         2          0          0          0          0         68   use_no_semi.o
         2          0          0          0          0         68   use_no_semi_2.o
        24          0          0          0          0         68   dcmpi.o
        90          4          0          0          0         92   dfixu.o
        38          0          0          0          0         68   dflt_clz.o
       120          4          0          0          0         92   dleqf.o
       156          4          0          0          0         92   dnaninf.o
        12          0          0          0          0         68   dretinf.o
       108          0          0          0          0         80   drleqf.o
       460         56          0          0          0        120   dsqrt_noumaal.o
        86          4          0          0          0         84   f2d.o
       430          8          0          0          0        168   faddsub_clz.o
       388         76          0          0          0         96   fdiv.o
        54          4          0          0          0         84   ffix.o
        62          4          0          0          0         84   ffixu.o
        86          0          0          0          0        136   fflt_clz.o
       258          4          0          0          0         84   fmul.o
       140          4          0          0          0         84   fnaninf.o
        10          0          0          0          0         68   fretinf.o
         0          0          0          0          0          0   usenofp.o
        76          0          0          0          0         84   sqrt.o

    ----------------------------------------------------------------------
      2968        188          0          0        100       2480   Library Totals
        16          0          0          0          4          0   (incl. Padding)

    ----------------------------------------------------------------------

      Code (inc. data)   RO Data    RW Data    ZI Data      Debug   Library Name

       354         16          0          0         96        828   c_w.l
      2522        172          0          0          0       1568   fz_ws.l
        76          0          0          0          0         84   m_ws.l

    ----------------------------------------------------------------------
      2968        188          0          0        100       2480   Library Totals

    ----------------------------------------------------------------------

==============================================================================


      Code (inc. data)   RO Data    RW Data    ZI Data      Debug   

     16522       1414      19450        124       1836     325481   Grand Totals
     16522       1414      19450        124       1836     325481   ELF Image Totals
     16522       1414      19450        124          0          0   ROM Totals

==============================================================================

    Total RO  Size (Code + RO Data)                35972 (  35.13kB)
    Total RW  Size (RW Data + ZI Data)              1960 (   1.91kB)
    Total ROM Size (Code + RO Data + RW Data)      36096 (  35.25kB)

==============================================================================

