Component: ARM Compiler 5.06 update 7 (build 960) Tool: armlink [4d3601]

==============================================================================

Section Cross References

    system_stm32f4xx.o(i.SystemCoreClockUpdate) refers to system_stm32f4xx.o(.data) for .data
    system_stm32f4xx.o(i.SystemCoreClockUpdate) refers to system_stm32f4xx.o(.constdata) for .constdata
    startup_stm32f407xx.o(RESET) refers to startup_stm32f407xx.o(STACK) for __initial_sp
    startup_stm32f407xx.o(RESET) refers to startup_stm32f407xx.o(.text) for Reset_Handler
    startup_stm32f407xx.o(RESET) refers to stm32f4xx_it.o(i.NMI_Handler) for NMI_Handler
    startup_stm32f407xx.o(RESET) refers to stm32f4xx_it.o(i.HardFault_Handler) for HardFault_Handler
    startup_stm32f407xx.o(RESET) refers to stm32f4xx_it.o(i.MemManage_Handler) for MemManage_Handler
    startup_stm32f407xx.o(RESET) refers to stm32f4xx_it.o(i.BusFault_Handler) for BusFault_Handler
    startup_stm32f407xx.o(RESET) refers to stm32f4xx_it.o(i.UsageFault_Handler) for UsageFault_Handler
    startup_stm32f407xx.o(RESET) refers to stm32f4xx_it.o(i.SVC_Handler) for SVC_Handler
    startup_stm32f407xx.o(RESET) refers to stm32f4xx_it.o(i.DebugMon_Handler) for DebugMon_Handler
    startup_stm32f407xx.o(RESET) refers to stm32f4xx_it.o(i.PendSV_Handler) for PendSV_Handler
    startup_stm32f407xx.o(RESET) refers to stm32f4xx_it.o(i.SysTick_Handler) for SysTick_Handler
    startup_stm32f407xx.o(RESET) refers to stm32f4xx_it.o(i.USART1_IRQHandler) for USART1_IRQHandler
    startup_stm32f407xx.o(RESET) refers to stm32f4xx_it.o(i.DMA2_Stream1_IRQHandler) for DMA2_Stream1_IRQHandler
    startup_stm32f407xx.o(RESET) refers to stm32f4xx_it.o(i.DMA2_Stream2_IRQHandler) for DMA2_Stream2_IRQHandler
    startup_stm32f407xx.o(RESET) refers to stm32f4xx_it.o(i.DMA2_Stream7_IRQHandler) for DMA2_Stream7_IRQHandler
    startup_stm32f407xx.o(RESET) refers to stm32f4xx_it.o(i.DCMI_IRQHandler) for DCMI_IRQHandler
    startup_stm32f407xx.o(.text) refers to system_stm32f4xx.o(i.SystemInit) for SystemInit
    startup_stm32f407xx.o(.text) refers to entry.o(.ARM.Collect$$$$00000000) for __main
    stm32f4xx_hal.o(i.HAL_DeInit) refers to stm32f4xx_hal.o(i.HAL_MspDeInit) for HAL_MspDeInit
    stm32f4xx_hal.o(i.HAL_Delay) refers to stm32f4xx_hal.o(i.HAL_GetTick) for HAL_GetTick
    stm32f4xx_hal.o(i.HAL_GetTick) refers to stm32f4xx_hal.o(.data) for .data
    stm32f4xx_hal.o(i.HAL_IncTick) refers to stm32f4xx_hal.o(.data) for .data
    stm32f4xx_hal.o(i.HAL_Init) refers to stm32f4xx_hal_cortex.o(i.HAL_NVIC_SetPriorityGrouping) for HAL_NVIC_SetPriorityGrouping
    stm32f4xx_hal.o(i.HAL_Init) refers to stm32f4xx_hal.o(i.HAL_InitTick) for HAL_InitTick
    stm32f4xx_hal.o(i.HAL_Init) refers to stm32f4xx_hal_msp.o(i.HAL_MspInit) for HAL_MspInit
    stm32f4xx_hal.o(i.HAL_InitTick) refers to stm32f4xx_hal_cortex.o(i.HAL_SYSTICK_Config) for HAL_SYSTICK_Config
    stm32f4xx_hal.o(i.HAL_InitTick) refers to stm32f4xx_hal_cortex.o(i.HAL_NVIC_SetPriority) for HAL_NVIC_SetPriority
    stm32f4xx_hal.o(i.HAL_InitTick) refers to system_stm32f4xx.o(.data) for SystemCoreClock
    stm32f4xx_hal_dcmi_ex.o(i.HAL_DCMI_Init) refers to dcmi.o(i.HAL_DCMI_MspInit) for HAL_DCMI_MspInit
    stm32f4xx_hal_pwr.o(i.HAL_PWR_PVD_IRQHandler) refers to stm32f4xx_hal_pwr.o(i.HAL_PWR_PVDCallback) for HAL_PWR_PVDCallback
    stm32f4xx_hal_pwr_ex.o(i.HAL_PWREx_ControlVoltageScaling) refers to stm32f4xx_hal.o(i.HAL_GetTick) for HAL_GetTick
    stm32f4xx_hal_pwr_ex.o(i.HAL_PWREx_DisableBkUpReg) refers to stm32f4xx_hal.o(i.HAL_GetTick) for HAL_GetTick
    stm32f4xx_hal_pwr_ex.o(i.HAL_PWREx_EnableBkUpReg) refers to stm32f4xx_hal.o(i.HAL_GetTick) for HAL_GetTick
    stm32f4xx_hal_uart.o(i.HAL_HalfDuplex_Init) refers to usart.o(i.HAL_UART_MspInit) for HAL_UART_MspInit
    stm32f4xx_hal_uart.o(i.HAL_HalfDuplex_Init) refers to stm32f4xx_hal_uart.o(i.UART_SetConfig) for UART_SetConfig
    stm32f4xx_hal_uart.o(i.HAL_LIN_Init) refers to usart.o(i.HAL_UART_MspInit) for HAL_UART_MspInit
    stm32f4xx_hal_uart.o(i.HAL_LIN_Init) refers to stm32f4xx_hal_uart.o(i.UART_SetConfig) for UART_SetConfig
    stm32f4xx_hal_uart.o(i.HAL_MultiProcessor_Init) refers to usart.o(i.HAL_UART_MspInit) for HAL_UART_MspInit
    stm32f4xx_hal_uart.o(i.HAL_MultiProcessor_Init) refers to stm32f4xx_hal_uart.o(i.UART_SetConfig) for UART_SetConfig
    stm32f4xx_hal_uart.o(i.HAL_UART_Abort) refers to stm32f4xx_hal_dma.o(i.HAL_DMA_Abort) for HAL_DMA_Abort
    stm32f4xx_hal_uart.o(i.HAL_UART_AbortReceive) refers to stm32f4xx_hal_dma.o(i.HAL_DMA_Abort) for HAL_DMA_Abort
    stm32f4xx_hal_uart.o(i.HAL_UART_AbortReceive_IT) refers to stm32f4xx_hal_dma.o(i.HAL_DMA_Abort_IT) for HAL_DMA_Abort_IT
    stm32f4xx_hal_uart.o(i.HAL_UART_AbortReceive_IT) refers to stm32f4xx_hal_uart.o(i.HAL_UART_AbortReceiveCpltCallback) for HAL_UART_AbortReceiveCpltCallback
[...]

324 unused section(s) (total 19522 bytes) removed from the image.

==============================================================================

Image Symbol Table

    Local Symbols

    Symbol Name                              Value     Ov Type        Size  Object(Section)

    ../Drivers/STM32F4xx_HAL_Driver/Src/stm32f4xx_hal.c 0x00000000   Number         0  stm32f4xx_hal.o ABSOLUTE
    ../Drivers/STM32F4xx_HAL_Driver/Src/stm32f4xx_hal_cortex.c 0x00000000   Number         0  stm32f4xx_hal_cortex.o ABSOLUTE
    ../Drivers/STM32F4xx_HAL_Driver/Src/stm32f4xx_hal_dcmi.c 0x00000000   Number         0  stm32f4xx_hal_dcmi.o ABSOLUTE
    ../Drivers/STM32F4xx_HAL_Driver/Src/stm32f4xx_hal_dcmi_ex.c 0x00000000   Number         0  stm32f4xx_hal_dcmi_ex.o ABSOLUTE
    ../Drivers/STM32F4xx_HAL_Driver/Src/stm32f4xx_hal_dma.c 0x00000000   Number         0  stm32f4xx_hal_dma.o ABSOLUTE
    ../Drivers/STM32F4xx_HAL_Driver/Src/stm32f4xx_hal_dma_ex.c 0x00000000   Number         0  stm32f4xx_hal_dma_ex.o ABSOLUTE
    ../Drivers/STM32F4xx_HAL_Driver/Src/stm32f4xx_hal_flash.c 0x00000000   Number         0  stm32f4xx_hal_flash.o ABSOLUTE
    ../Drivers/STM32F4xx_HAL_Driver/Src/stm32f4xx_hal_flash_ex.c 0x00000000   Number         0  stm32f4xx_hal_flash_ex.o ABSOLUTE
    ../Drivers/STM32F4xx_HAL_Driver/Src/stm32f4xx_hal_flash_ramfunc.c 0x00000000   Number         0  stm32f4xx_hal_flash_ramfunc.o ABSOLUTE
    ../Drivers/STM32F4xx_HAL_Driver/Src/stm32f4xx_hal_gpio.c 0x00000000   Number         0  stm32f4xx_hal_gpio.o ABSOLUTE
    ../Drivers/STM32F4xx_HAL_Driver/Src/stm32f4xx_hal_pwr.c 0x00000000   Number         0  stm32f4xx_hal_pwr.o ABSOLUTE
    ../Drivers/STM32F4xx_HAL_Driver/Src/stm32f4xx_hal_pwr_ex.c 0x00000000   Number         0  stm32f4xx_hal_pwr_ex.o ABSOLUTE
    ../Drivers/STM32F4xx_HAL_Driver/Src/stm32f4xx_hal_rcc.c 0x00000000   Number         0  stm32f4xx_hal_rcc.o ABSOLUTE
    ../Drivers/STM32F4xx_HAL_Driver/Src/stm32f4xx_hal_rcc_ex.c 0x00000000   Number         0  stm32f4xx_hal_rcc_ex.o ABSOLUTE
    ../Drivers/STM32F4xx_HAL_Driver/Src/stm32f4xx_hal_sram.c 0x00000000   Number         0  stm32f4xx_hal_sram.o ABSOLUTE
    ../Drivers/STM32F4xx_HAL_Driver/Src/stm32f4xx_hal_tim.c 0x00000000   Number         0  stm32f4xx_hal_tim.o ABSOLUTE
    ../Drivers/STM32F4xx_HAL_Driver/Src/stm32f4xx_hal_tim_ex.c 0x00000000   Number         0  stm32f4xx_hal_tim_ex.o ABSOLUTE
    ../Drivers/STM32F4xx_HAL_Driver/Src/stm32f4xx_hal_uart.c 0x00000000   Number         0  stm32f4xx_hal_uart.o ABSOLUTE
    ../Drivers/STM32F4xx_HAL_Driver/Src/stm32f4xx_ll_fsmc.c 0x00000000   Number         0  stm32f4xx_ll_fsmc.o ABSOLUTE
    ../Src/dcmi.c                            0x00000000   Number         0  dcmi.o ABSOLUTE
    ../Src/dma.c                             0x00000000   Number         0  dma.o ABSOLUTE
    ../Src/fsmc.c                            0x00000000   Number         0  fsmc.o ABSOLUTE
    ../Src/gpio.c                            0x00000000   Number         0  gpio.o ABSOLUTE
    ../Src/main.c                            0x00000000   Number         0  main.o ABSOLUTE
    ../Src/stm32f4xx_hal_msp.c               0x00000000   Number         0  stm32f4xx_hal_msp.o ABSOLUTE
    ../Src/stm32f4xx_it.c                    0x00000000   Number         0  stm32f4xx_it.o ABSOLUTE
    ../Src/system_stm32f4xx.c                0x00000000   Number         0  system_stm32f4xx.o ABSOLUTE
    ../Src/usart.c                           0x00000000   Number         0  usart.o ABSOLUTE
    ../clib/microlib/division.c              0x00000000   Number         0  uidiv.o ABSOLUTE
    ../clib/microlib/division.c              0x00000000   Number         0  uldiv.o ABSOLUTE
    ../clib/microlib/init/entry.s            0x00000000   Number         0  entry8a.o ABSOLUTE
    ../clib/microlib/init/entry.s            0x00000000   Number         0  entry8b.o ABSOLUTE
    ../clib/microlib/init/entry.s            0x00000000   Number         0  entry9a.o ABSOLUTE
    ../clib/microlib/init/entry.s            0x00000000   Number         0  entry12b.o ABSOLUTE
    ../clib/microlib/init/entry.s            0x00000000   Number         0  entry2.o ABSOLUTE
    ../clib/microlib/init/entry.s            0x00000000   Number         0  entry12a.o ABSOLUTE
    ../clib/microlib/init/entry.s            0x00000000   Number         0  entry10a.o ABSOLUTE
    ../clib/microlib/init/entry.s            0x00000000   Number         0  entry5.o ABSOLUTE
    ../clib/microlib/init/entry.s            0x00000000   Number         0  entry.o ABSOLUTE
    ../clib/microlib/init/entry.s            0x00000000   Number         0  entry10b.o ABSOLUTE
    ../clib/microlib/init/entry.s            0x00000000   Number         0  entry9b.o ABSOLUTE
    ../clib/microlib/init/entry.s            0x00000000   Number         0  entry7a.o ABSOLUTE
    ../clib/microlib/init/entry.s            0x00000000   Number         0  entry11b.o ABSOLUTE
    ../clib/microlib/init/entry.s            0x00000000   Number         0  entry7b.o ABSOLUTE
    ../clib/microlib/init/entry.s            0x00000000   Number         0  entry11a.o ABSOLUTE
    ../clib/microlib/longlong.c              0x00000000   Number         0  llushr.o ABSOLUTE
    ../clib/microlib/longlong.c              0x00000000   Number         0  llshl.o ABSOLUTE
    ../clib/microlib/longlong.c              0x00000000   Number         0  llsshr.o ABSOLUTE
    ../clib/microlib/printf/printf.c         0x00000000   Number         0  printf2.o ABSOLUTE
    ../clib/microlib/printf/printf.c         0x00000000   Number         0  printf1.o ABSOLUTE
    ../clib/microlib/printf/printf.c         0x00000000   Number         0  printf0.o ABSOLUTE
    ../clib/microlib/printf/printf.c         0x00000000   Number         0  printfb.o ABSOLUTE
    ../clib/microlib/printf/printf.c         0x00000000   Number         0  printf3.o ABSOLUTE
    ../clib/microlib/printf/printf.c         0x00000000   Number         0  printfa.o ABSOLUTE
    ../clib/microlib/printf/printf.c         0x00000000   Number         0  printf8.o ABSOLUTE
    ../clib/microlib/printf/printf.c         0x00000000   Number         0  printf7.o ABSOLUTE
    ../clib/microlib/printf/printf.c         0x00000000   Number         0  printf6.o ABSOLUTE
    ../clib/microlib/printf/printf.c         0x00000000   Number         0  printf5.o ABSOLUTE
    ../clib/microlib/printf/printf.c         0x00000000   Number         0  printf4.o ABSOLUTE
    ../clib/microlib/printf/stubs.s          0x00000000   Number         0  stubs.o ABSOLUTE
    ../clib/microlib/stdio/streams.c         0x00000000   Number         0  stdout.o ABSOLUTE
    ../clib/microlib/stubs.s                 0x00000000   Number         0  iusefp.o ABSOLUTE
    ../fplib/microlib/fpadd.c                0x00000000   Number         0  dadd.o ABSOLUTE
    ../fplib/microlib/fpdiv.c                0x00000000   Number         0  ddiv.o ABSOLUTE
    ../fplib/microlib/fpepilogue.c           0x00000000   Number         0  depilogue.o ABSOLUTE
    ../fplib/microlib/fpfix.c                0x00000000   Number         0  dfixul.o ABSOLUTE
    ../fplib/microlib/fpmul.c                0x00000000   Number         0  dmul.o ABSOLUTE
    ..\Drivers\STM32F4xx_HAL_Driver\Src\stm32f4xx_hal.c 0x00000000   Number         0  stm32f4xx_hal.o ABSOLUTE
    ..\Drivers\STM32F4xx_HAL_Driver\Src\stm32f4xx_hal_cortex.c 0x00000000   Number         0  stm32f4xx_hal_cortex.o ABSOLUTE
    ..\Drivers\STM32F4xx_HAL_Driver\Src\stm32f4xx_hal_dcmi.c 0x00000000   Number         0  stm32f4xx_hal_dcmi.o ABSOLUTE
    ..\Drivers\STM32F4xx_HAL_Driver\Src\stm32f4xx_hal_dcmi_ex.c 0x00000000   Number         0  stm32f4xx_hal_dcmi_ex.o ABSOLUTE
    ..\Drivers\STM32F4xx_HAL_Driver\Src\stm32f4xx_hal_dma.c 0x00000000   Number         0  stm32f4xx_hal_dma.o ABSOLUTE
    ..\Drivers\STM32F4xx_HAL_Driver\Src\stm32f4xx_hal_dma_ex.c 0x00000000   Number         0  stm32f4xx_hal_dma_ex.o ABSOLUTE
    ..\Drivers\STM32F4xx_HAL_Driver\Src\stm32f4xx_hal_flash.c 0x00000000   Number         0  stm32f4xx_hal_flash.o ABSOLUTE
    ..\Drivers\STM32F4xx_HAL_Driver\Src\stm32f4xx_hal_flash_ex.c 0x00000000   Number         0  stm32f4xx_hal_flash_ex.o ABSOLUTE
    ..\Drivers\STM32F4xx_HAL_Driver\Src\stm32f4xx_hal_flash_ramfunc.c 0x00000000   Number         0  stm32f4xx_hal_flash_ramfunc.o ABSOLUTE
    ..\Drivers\STM32F4xx_HAL_Driver\Src\stm32f4xx_hal_gpio.c 0x00000000   Number         0  stm32f4xx_hal_gpio.o ABSOLUTE
    ..\Drivers\STM32F4xx_HAL_Driver\Src\stm32f4xx_hal_pwr.c 0x00000000   Number         0  stm32f4xx_hal_pwr.o ABSOLUTE
    ..\Drivers\STM32F4xx_HAL_Driver\Src\stm32f4xx_hal_pwr_ex.c 0x00000000   Number         0  stm32f4xx_hal_pwr_ex.o ABSOLUTE
    ..\Drivers\STM32F4xx_HAL_Driver\Src\stm32f4xx_hal_rcc.c 0x00000000   Number         0  stm32f4xx_hal_rcc.o ABSOLUTE
    ..\Drivers\STM32F4xx_HAL_Driver\Src\stm32f4xx_hal_rcc_ex.c 0x00000000   Number         0  stm32f4xx_hal_rcc_ex.o ABSOLUTE
    ..\Drivers\STM32F4xx_HAL_Driver\Src\stm32f4xx_hal_sram.c 0x00000000   Number         0  stm32f4xx_hal_sram.o ABSOLUTE
    ..\Drivers\STM32F4xx_HAL_Driver\Src\stm32f4xx_hal_tim.c 0x00000000   Number         0  stm32f4xx_hal_tim.o ABSOLUTE
    ..\Drivers\STM32F4xx_HAL_Driver\Src\stm32f4xx_hal_tim_ex.c 0x00000000   Number         0  stm32f4xx_hal_tim_ex.o ABSOLUTE
    ..\Drivers\STM32F4xx_HAL_Driver\Src\stm32f4xx_hal_uart.c 0x00000000   Number         0  stm32f4xx_hal_uart.o ABSOLUTE
    ..\Drivers\STM32F4xx_HAL_Driver\Src\stm32f4xx_ll_fsmc.c 0x00000000   Number         0  stm32f4xx_ll_fsmc.o ABSOLUTE
    ..\MY_BSP\ili9325.c                      0x00000000   Number         0  ili9325.o ABSOLUTE
    ..\MY_BSP\openx07v_c_lcd.c               0x00000000   Number         0  openx07v_c_lcd.o ABSOLUTE
    ..\MY_BSP\ov5640.c                       0x00000000   Number         0  ov5640.o ABSOLUTE
    ..\MY_BSP\sccb.c                         0x00000000   Number         0  sccb.o ABSOLUTE
    ..\Src\dcmi.c                            0x00000000   Number         0  dcmi.o ABSOLUTE
    ..\Src\dma.c                             0x00000000   Number         0  dma.o ABSOLUTE
    ..\Src\fsmc.c                            0x00000000   Number         0  fsmc.o ABSOLUTE
    ..\Src\gpio.c                            0x00000000   Number         0  gpio.o ABSOLUTE
    ..\Src\main.c                            0x00000000   Number         0  main.o ABSOLUTE
    ..\Src\stm32f4xx_hal_msp.c               0x00000000   Number         0  stm32f4xx_hal_msp.o ABSOLUTE
    ..\Src\stm32f4xx_it.c                    0x00000000   Number         0  stm32f4xx_it.o ABSOLUTE
    ..\Src\system_stm32f4xx.c                0x00000000   Number         0  system_stm32f4xx.o ABSOLUTE
    ..\Src\usart.c                           0x00000000   Number         0  usart.o ABSOLUTE
    ..\\MY_BSP\\ili9325.c                    0x00000000   Number         0  ili9325.o ABSOLUTE
    ..\\MY_BSP\\openx07v_c_lcd.c             0x00000000   Number         0  openx07v_c_lcd.o ABSOLUTE
    ..\\MY_BSP\\ov5640.c                     0x00000000   Number         0  ov5640.o ABSOLUTE
    ..\\MY_BSP\\sccb.c                       0x00000000   Number         0  sccb.o ABSOLUTE
    cdrcmple.s                               0x00000000   Number         0  cdrcmple.o ABSOLUTE
    dc.s                                     0x00000000   Number         0  dc.o ABSOLUTE
    handlers.s                               0x00000000   Number         0  handlers.o ABSOLUTE
    init.s                                   0x00000000   Number         0  init.o ABSOLUTE
    startup_stm32f407xx.s                    0x00000000   Number         0  startup_stm32f407xx.o ABSOLUTE
    RESET                                    0x08000000   Section      392  startup_stm32f407xx.o(RESET)
    .ARM.Collect$$$$00000000                 0x08000188   Section        0  entry.o(.ARM.Collect$$$$00000000)
    .ARM.Collect$$$$00000001                 0x08000188   Section        4  entry2.o(.ARM.Collect$$$$00000001)
    .ARM.Collect$$$$00000004                 0x0800018c   Section        4  entry5.o(.ARM.Collect$$$$00000004)
    .ARM.Collect$$$$00000008                 0x08000190   Section        0  entry7b.o(.ARM.Collect$$$$00000008)
    .ARM.Collect$$$$0000000A                 0x08000190   Section        0  entry8b.o(.ARM.Collect$$$$0000000A)
    .ARM.Collect$$$$0000000B                 0x08000190   Section        8  entry9a.o(.ARM.Collect$$$$0000000B)
    .ARM.Collect$$$$0000000E                 0x08000198   Section        4  entry12b.o(.ARM.Collect$$$$0000000E)
    .ARM.Collect$$$$0000000F                 0x0800019c   Section        0  entry10a.o(.ARM.Collect$$$$0000000F)
    .ARM.Collect$$$$00000011                 0x0800019c   Section        0  entry11a.o(.ARM.Collect$$$$00000011)
    .ARM.Collect$$$$00002712                 0x0800019c   Section        4  entry2.o(.ARM.Collect$$$$00002712)
    __lit__00000000                          0x0800019c   Data           4  entry2.o(.ARM.Collect$$$$00002712)
    .text                                    0x080001a0   Section       36  startup_stm32f407xx.o(.text)
    $v0                                      0x080001a0   Number         0  startup_stm32f407xx.o(.text)
    .text                                    0x080001c4   Section        0  uldiv.o(.text)
    .text                                    0x08000226   Section        0  uidiv.o(.text)
    .text                                    0x08000252   Section        0  llshl.o(.text)
    .text                                    0x08000270   Section        0  llushr.o(.text)
    .text                                    0x08000290   Section       36  init.o(.text)
    i.BSP_LCD_Clear                          0x080002b4   Section        0  openx07v_c_lcd.o(i.BSP_LCD_Clear)
    i.BSP_LCD_DisplayChar                    0x080002e4   Section        0  openx07v_c_lcd.o(i.BSP_LCD_DisplayChar)
    i.BSP_LCD_DisplayStringAt                0x08000308   Section        0  openx07v_c_lcd.o(i.BSP_LCD_DisplayStringAt)
    i.BSP_LCD_DrawBitmap                     0x080003a4   Section        0  openx07v_c_lcd.o(i.BSP_LCD_DrawBitmap)
    i.BSP_LCD_DrawHLine                      0x080003f8   Section        0  openx07v_c_lcd.o(i.BSP_LCD_DrawHLine)
    i.BSP_LCD_GetXSize                       0x08000444   Section        0  openx07v_c_lcd.o(i.BSP_LCD_GetXSize)
    i.BSP_LCD_GetYSize                       0x08000450   Section        0  openx07v_c_lcd.o(i.BSP_LCD_GetYSize)
    i.BSP_LCD_Init                           0x0800045c   Section        0  openx07v_c_lcd.o(i.BSP_LCD_Init)
    i.BSP_LCD_SetFont                        0x080004ac   Section        0  openx07v_c_lcd.o(i.BSP_LCD_SetFont)
    i.BSP_LCD_SetTextColor                   0x080004b8   Section        0  openx07v_c_lcd.o(i.BSP_LCD_SetTextColor)
    i.BusFault_Handler                       0x080004c4   Section        0  stm32f4xx_it.o(i.BusFault_Handler)
    i.DCMI_DMAError                          0x080004c6   Section        0  stm32f4xx_hal_dcmi.o(i.DCMI_DMAError)
    DCMI_DMAError                            0x080004c7   Thumb Code    24  stm32f4xx_hal_dcmi.o(i.DCMI_DMAError)
    i.DCMI_DMAXferCplt                       0x080004de   Section        0  stm32f4xx_hal_dcmi.o(i.DCMI_DMAXferCplt)
    DCMI_DMAXferCplt                         0x080004df   Thumb Code   130  stm32f4xx_hal_dcmi.o(i.DCMI_DMAXferCplt)
    i.DCMI_IRQHandler                        0x08000560   Section        0  stm32f4xx_it.o(i.DCMI_IRQHandler)
    i.DMA2_Stream1_IRQHandler                0x0800056c   Section        0  stm32f4xx_it.o(i.DMA2_Stream1_IRQHandler)
    i.DMA2_Stream2_IRQHandler                0x08000578   Section        0  stm32f4xx_it.o(i.DMA2_Stream2_IRQHandler)
    i.DMA2_Stream7_IRQHandler                0x08000584   Section        0  stm32f4xx_it.o(i.DMA2_Stream7_IRQHandler)
    i.DMA_CalcBaseAndBitshift                0x08000590   Section        0  stm32f4xx_hal_dma.o(i.DMA_CalcBaseAndBitshift)
    DMA_CalcBaseAndBitshift                  0x08000591   Thumb Code    34  stm32f4xx_hal_dma.o(i.DMA_CalcBaseAndBitshift)
    i.DMA_CheckFifoParam                     0x080005b8   Section        0  stm32f4xx_hal_dma.o(i.DMA_CheckFifoParam)
    DMA_CheckFifoParam                       0x080005b9   Thumb Code    84  stm32f4xx_hal_dma.o(i.DMA_CheckFifoParam)
    i.DMA_MultiBufferSetConfig               0x0800060c   Section        0  stm32f4xx_hal_dma_ex.o(i.DMA_MultiBufferSetConfig)
    DMA_MultiBufferSetConfig                 0x0800060d   Thumb Code    30  stm32f4xx_hal_dma_ex.o(i.DMA_MultiBufferSetConfig)
    i.DMA_SetConfig                          0x0800062a   Section        0  stm32f4xx_hal_dma.o(i.DMA_SetConfig)
    DMA_SetConfig                            0x0800062b   Thumb Code    40  stm32f4xx_hal_dma.o(i.DMA_SetConfig)
    i.DebugMon_Handler                       0x08000652   Section        0  stm32f4xx_it.o(i.DebugMon_Handler)
    i.FSMC_NORSRAM_Extended_Timing_Init      0x08000654   Section        0  stm32f4xx_ll_fsmc.o(i.FSMC_NORSRAM_Extended_Timing_Init)
    i.FSMC_NORSRAM_Init                      0x08000694   Section        0  stm32f4xx_ll_fsmc.o(i.FSMC_NORSRAM_Init)
    i.FSMC_NORSRAM_Timing_Init               0x080006e8   Section        0  stm32f4xx_ll_fsmc.o(i.FSMC_NORSRAM_Timing_Init)
    i.HAL_DCMI_ErrorCallback                 0x0800072c   Section        0  stm32f4xx_hal_dcmi.o(i.HAL_DCMI_ErrorCallback)
    i.HAL_DCMI_FrameEventCallback            0x08000730   Section        0  ov5640.o(i.HAL_DCMI_FrameEventCallback)
    i.HAL_DCMI_IRQHandler                    0x08000758   Section        0  stm32f4xx_hal_dcmi.o(i.HAL_DCMI_IRQHandler)
    i.HAL_DCMI_Init                          0x080007f0   Section        0  stm32f4xx_hal_dcmi_ex.o(i.HAL_DCMI_Init)
    i.HAL_DCMI_LineEventCallback             0x0800086c   Section        0  stm32f4xx_hal_dcmi.o(i.HAL_DCMI_LineEventCallback)
    i.HAL_DCMI_MspInit                       0x08000870   Section        0  dcmi.o(i.HAL_DCMI_MspInit)
    i.HAL_DCMI_Start_DMA                     0x08000968   Section        0  stm32f4xx_hal_dcmi.o(i.HAL_DCMI_Start_DMA)
    i.HAL_DCMI_Stop                          0x08000a20   Section        0  stm32f4xx_hal_dcmi.o(i.HAL_DCMI_Stop)
    i.HAL_DCMI_VsyncEventCallback            0x08000a90   Section        0  stm32f4xx_hal_dcmi.o(i.HAL_DCMI_VsyncEventCallback)
    i.HAL_DMAEx_ChangeMemory                 0x08000a92   Section        0  stm32f4xx_hal_dma_ex.o(i.HAL_DMAEx_ChangeMemory)
    i.HAL_DMAEx_MultiBufferStart_IT          0x08000aa0   Section        0  stm32f4xx_hal_dma_ex.o(i.HAL_DMAEx_MultiBufferStart_IT)
    i.HAL_DMA_Abort                          0x08001420   Section        0  stm32f4xx_hal_dma.o(i.HAL_DMA_Abort)
    i.HAL_DMA_Abort_IT                       0x080014ae   Section        0  stm32f4xx_hal_dma.o(i.HAL_DMA_Abort_IT)
    i.HAL_DMA_DeInit                         0x080014d2   Section        0  stm32f4xx_hal_dma.o(i.HAL_DMA_DeInit)
    i.HAL_DMA_IRQHandler                     0x08001528   Section        0  stm32f4xx_hal_dma.o(i.HAL_DMA_IRQHandler)
    i.HAL_DMA_Init                           0x080016c8   Section        0  stm32f4xx_hal_dma.o(i.HAL_DMA_Init)
    i.HAL_DMA_Start_IT                       0x0800179c   Section        0  stm32f4xx_hal_dma.o(i.HAL_DMA_Start_IT)
    i.HAL_Delay                              0x08001814   Section        0  stm32f4xx_hal.o(i.HAL_Delay)
    i.HAL_FSMC_MspInit                       0x08001830   Section        0  fsmc.o(i.HAL_FSMC_MspInit)
    HAL_FSMC_MspInit                         0x08001831   Thumb Code    90  fsmc.o(i.HAL_FSMC_MspInit)
    i.HAL_GPIO_Init                          0x0800189c   Section        0  stm32f4xx_hal_gpio.o(i.HAL_GPIO_Init)
    i.HAL_GPIO_ReadPin                       0x08001a4c   Section        0  stm32f4xx_hal_gpio.o(i.HAL_GPIO_ReadPin)
    i.HAL_GPIO_WritePin                      0x08001a56   Section        0  stm32f4xx_hal_gpio.o(i.HAL_GPIO_WritePin)
    i.HAL_GetTick                            0x08001a60   Section        0  stm32f4xx_hal.o(i.HAL_GetTick)
    i.HAL_IncTick                            0x08001a6c   Section        0  stm32f4xx_hal.o(i.HAL_IncTick)
    i.HAL_Init                               0x08001a7c   Section        0  stm32f4xx_hal.o(i.HAL_Init)
    i.HAL_InitTick                           0x08001ab0   Section        0  stm32f4xx_hal.o(i.HAL_InitTick)
    i.HAL_MspInit                            0x08001ad8   Section        0  stm32f4xx_hal_msp.o(i.HAL_MspInit)
    i.HAL_NVIC_EnableIRQ                     0x08001b30   Section        0  stm32f4xx_hal_cortex.o(i.HAL_NVIC_EnableIRQ)
    i.HAL_NVIC_SetPriority                   0x08001b48   Section        0  stm32f4xx_hal_cortex.o(i.HAL_NVIC_SetPriority)
    i.HAL_NVIC_SetPriorityGrouping           0x08001b88   Section        0  stm32f4xx_hal_cortex.o(i.HAL_NVIC_SetPriorityGrouping)
    i.HAL_RCC_ClockConfig                    0x08001bac   Section        0  stm32f4xx_hal_rcc.o(i.HAL_RCC_ClockConfig)
    i.HAL_RCC_GetHCLKFreq                    0x08001cdc   Section        0  stm32f4xx_hal_rcc.o(i.HAL_RCC_GetHCLKFreq)
    i.HAL_RCC_GetPCLK1Freq                   0x08001ce8   Section        0  stm32f4xx_hal_rcc.o(i.HAL_RCC_GetPCLK1Freq)
    i.HAL_RCC_GetPCLK2Freq                   0x08001d08   Section        0  stm32f4xx_hal_rcc.o(i.HAL_RCC_GetPCLK2Freq)
    i.HAL_RCC_GetSysClockFreq                0x08001d28   Section        0  stm32f4xx_hal_rcc.o(i.HAL_RCC_GetSysClockFreq)
    i.HAL_RCC_MCOConfig                      0x08001d88   Section        0  stm32f4xx_hal_rcc.o(i.HAL_RCC_MCOConfig)
    i.HAL_RCC_OscConfig                      0x08001e14   Section        0  stm32f4xx_hal_rcc.o(i.HAL_RCC_OscConfig)
    i.HAL_SRAM_Init                          0x08002104   Section        0  stm32f4xx_hal_sram.o(i.HAL_SRAM_Init)
    i.HAL_SRAM_MspInit                       0x0800215a   Section        0  fsmc.o(i.HAL_SRAM_MspInit)
    i.HAL_SYSTICK_CLKSourceConfig            0x0800215e   Section        0  stm32f4xx_hal_cortex.o(i.HAL_SYSTICK_CLKSourceConfig)
    i.HAL_SYSTICK_Callback                   0x08002176   Section        0  stm32f4xx_hal_cortex.o(i.HAL_SYSTICK_Callback)
    i.HAL_SYSTICK_Config                     0x08002178   Section        0  stm32f4xx_hal_cortex.o(i.HAL_SYSTICK_Config)
    i.HAL_SYSTICK_IRQHandler                 0x080021a0   Section        0  stm32f4xx_hal_cortex.o(i.HAL_SYSTICK_IRQHandler)
    i.HAL_UART_ErrorCallback                 0x080021a8   Section        0  stm32f4xx_hal_uart.o(i.HAL_UART_ErrorCallback)
    i.HAL_UART_IRQHandler                    0x080021ac   Section        0  stm32f4xx_hal_uart.o(i.HAL_UART_IRQHandler)
    i.HAL_UART_Init                          0x080022bc   Section        0  stm32f4xx_hal_uart.o(i.HAL_UART_Init)
    i.HAL_UART_MspInit                       0x08002320   Section        0  usart.o(i.HAL_UART_MspInit)
    i.HAL_UART_RxCpltCallback                0x08002410   Section        0  stm32f4xx_hal_uart.o(i.HAL_UART_RxCpltCallback)
    i.HAL_UART_Transmit                      0x08002412   Section        0  stm32f4xx_hal_uart.o(i.HAL_UART_Transmit)
    i.HAL_UART_TxCpltCallback                0x080024cc   Section        0  stm32f4xx_hal_uart.o(i.HAL_UART_TxCpltCallback)
    i.HardFault_Handler                      0x080024ce   Section        0  stm32f4xx_it.o(i.HardFault_Handler)
    i.LCD_DrawChar                           0x080024d0   Section        0  openx07v_c_lcd.o(i.LCD_DrawChar)
    LCD_DrawChar                             0x080024d1   Thumb Code   216  openx07v_c_lcd.o(i.LCD_DrawChar)
    i.LCD_DrawPixel                          0x080025b0   Section        0  openx07v_c_lcd.o(i.LCD_DrawPixel)
    LCD_DrawPixel                            0x080025b1   Thumb Code    14  openx07v_c_lcd.o(i.LCD_DrawPixel)
    i.LCD_IO_WriteMultipleData               0x080025c4   Section        0  ili9325.o(i.LCD_IO_WriteMultipleData)
    i.LCD_IO_WriteReg                        0x080025dc   Section        0  ili9325.o(i.LCD_IO_WriteReg)
    i.LCD_SetDisplayWindow                   0x080025e4   Section        0  openx07v_c_lcd.o(i.LCD_SetDisplayWindow)
    LCD_SetDisplayWindow                     0x080025e5   Thumb Code    22  openx07v_c_lcd.o(i.LCD_SetDisplayWindow)
    i.MX_DCMI_Init                           0x08002600   Section        0  dcmi.o(i.MX_DCMI_Init)
    i.MX_DMA_Init                            0x0800264c   Section        0  dma.o(i.MX_DMA_Init)
    i.MX_FSMC_Init                           0x08002698   Section        0  fsmc.o(i.MX_FSMC_Init)
    i.MX_GPIO_Init                           0x08002724   Section        0  gpio.o(i.MX_GPIO_Init)
    i.MX_USART1_UART_Init                    0x0800281c   Section        0  usart.o(i.MX_USART1_UART_Init)
    i.MemManage_Handler                      0x08002868   Section        0  stm32f4xx_it.o(i.MemManage_Handler)
    i.NMI_Handler                            0x0800286a   Section        0  stm32f4xx_it.o(i.NMI_Handler)
    i.NVIC_SetPriority                       0x0800286c   Section        0  stm32f4xx_hal_cortex.o(i.NVIC_SetPriority)
    NVIC_SetPriority                         0x0800286d   Thumb Code    32  stm32f4xx_hal_cortex.o(i.NVIC_SetPriority)
    i.OV5640_Brightness                      0x0800288c   Section        0  ov5640.o(i.OV5640_Brightness)
    i.OV5640_Color_Saturation                0x080028dc   Section        0  ov5640.o(i.OV5640_Color_Saturation)
    i.OV5640_Contrast                        0x08002958   Section        0  ov5640.o(i.OV5640_Contrast)
    i.OV5640_Init                            0x080029c0   Section        0  ov5640.o(i.OV5640_Init)
    i.OV5640_JPEG_Mode                       0x08002a50   Section        0  ov5640.o(i.OV5640_JPEG_Mode)
    i.OV5640_Light_Mode                      0x08002a74   Section        0  ov5640.o(i.OV5640_Light_Mode)
    i.OV5640_OutSize_Set                     0x08002ab8   Section        0  ov5640.o(i.OV5640_OutSize_Set)
    i.OV5640_RD_Reg                          0x08002b36   Section        0  ov5640.o(i.OV5640_RD_Reg)
    i.OV5640_RGB565_Mode                     0x08002b70   Section        0  ov5640.o(i.OV5640_RGB565_Mode)
    i.OV5640_Sharpness                       0x08002b94   Section        0  ov5640.o(i.OV5640_Sharpness)
    i.OV5640_WR_Reg                          0x08002c06   Section        0  ov5640.o(i.OV5640_WR_Reg)
    i.PendSV_Handler                         0x08002c42   Section        0  stm32f4xx_it.o(i.PendSV_Handler)
    i.SCCB_No_Ack                            0x08002c44   Section        0  sccb.o(i.SCCB_No_Ack)
    i.SCCB_RD_Byte                           0x08002c8c   Section        0  sccb.o(i.SCCB_RD_Byte)
    i.SCCB_Start                             0x08002cdc   Section        0  sccb.o(i.SCCB_Start)
    i.SCCB_Stop                              0x08002d1c   Section        0  sccb.o(i.SCCB_Stop)
    i.SCCB_WR_Byte                           0x08002d58   Section        0  sccb.o(i.SCCB_WR_Byte)
    i.SVC_Handler                            0x08002dd8   Section        0  stm32f4xx_it.o(i.SVC_Handler)
    i.SysTick_Handler                        0x08002dda   Section        0  stm32f4xx_it.o(i.SysTick_Handler)
    i.SystemClock_Config                     0x08002de8   Section        0  main.o(i.SystemClock_Config)
    i.SystemInit                             0x08002e90   Section        0  system_stm32f4xx.o(i.SystemInit)
    i.UART_DMAAbortOnError                   0x08002ee4   Section        0  stm32f4xx_hal_uart.o(i.UART_DMAAbortOnError)
    UART_DMAAbortOnError                     0x08002ee5   Thumb Code    16  stm32f4xx_hal_uart.o(i.UART_DMAAbortOnError)
    i.UART_EndRxTransfer                     0x08002ef4   Section        0  stm32f4xx_hal_uart.o(i.UART_EndRxTransfer)
    UART_EndRxTransfer                       0x08002ef5   Thumb Code    28  stm32f4xx_hal_uart.o(i.UART_EndRxTransfer)
    i.UART_Receive_IT                        0x08002f10   Section        0  stm32f4xx_hal_uart.o(i.UART_Receive_IT)
    UART_Receive_IT                          0x08002f11   Thumb Code   140  stm32f4xx_hal_uart.o(i.UART_Receive_IT)
    i.UART_SetConfig                         0x08002f9c   Section        0  stm32f4xx_hal_uart.o(i.UART_SetConfig)
    UART_SetConfig                           0x08002f9d   Thumb Code   676  stm32f4xx_hal_uart.o(i.UART_SetConfig)
    i.UART_Transmit_IT                       0x08003248   Section        0  stm32f4xx_hal_uart.o(i.UART_Transmit_IT)
    UART_Transmit_IT                         0x08003249   Thumb Code    98  stm32f4xx_hal_uart.o(i.UART_Transmit_IT)
    i.UART_WaitOnFlagUntilTimeout            0x080032aa   Section        0  stm32f4xx_hal_uart.o(i.UART_WaitOnFlagUntilTimeout)
    UART_WaitOnFlagUntilTimeout              0x080032ab   Thumb Code   100  stm32f4xx_hal_uart.o(i.UART_WaitOnFlagUntilTimeout)
    i.USART1_IRQHandler                      0x08003310   Section        0  stm32f4xx_it.o(i.USART1_IRQHandler)
    i.UsageFault_Handler                     0x0800331c   Section        0  stm32f4xx_it.o(i.UsageFault_Handler)
    i._Error_Handler                         0x0800331e   Section        0  main.o(i._Error_Handler)
    i.__0printf$1                            0x08003320   Section        0  printf1.o(i.__0printf$1)
    i.__scatterload_copy                     0x08003340   Section       14  handlers.o(i.__scatterload_copy)
    i.__scatterload_null                     0x0800334e   Section        2  handlers.o(i.__scatterload_null)
    i.__scatterload_zeroinit                 0x08003350   Section       14  handlers.o(i.__scatterload_zeroinit)
    i._printf_core                           0x08003360   Section        0  printf1.o(i._printf_core)
    _printf_core                             0x08003361   Thumb Code   336  printf1.o(i._printf_core)
    i.delay_6us                              0x080034b4   Section        0  sccb.o(i.delay_6us)
    i.fputc                                  0x080034c0   Section        0  usart.o(i.fputc)
    i.ili9325_Clear                          0x080034d8   Section        0  ili9325.o(i.ili9325_Clear)
    i.ili9325_DisplayOff                     0x08003500   Section        0  ili9325.o(i.ili9325_DisplayOff)
    i.ili9325_DisplayOn                      0x08003536   Section        0  ili9325.o(i.ili9325_DisplayOn)
    i.ili9325_DrawBitmap                     0x08003596   Section        0  ili9325.o(i.ili9325_DrawBitmap)
    i.ili9325_DrawHLine                      0x080035e4   Section        0  ili9325.o(i.ili9325_DrawHLine)
    i.ili9325_DrawRGBImage                   0x08003620   Section        0  ili9325.o(i.ili9325_DrawRGBImage)
    i.ili9325_DrawVLine                      0x08003640   Section        0  ili9325.o(i.ili9325_DrawVLine)
    i.ili9325_GetLcdPixelHeight              0x08003694   Section        0  ili9325.o(i.ili9325_GetLcdPixelHeight)
    i.ili9325_GetLcdPixelWidth               0x08003698   Section        0  ili9325.o(i.ili9325_GetLcdPixelWidth)
    i.ili9325_Init                           0x0800369e   Section        0  ili9325.o(i.ili9325_Init)
    i.ili9325_ReadID                         0x08003886   Section        0  ili9325.o(i.ili9325_ReadID)
    i.ili9325_ReadPixel                      0x0800388c   Section        0  ili9325.o(i.ili9325_ReadPixel)
    i.ili9325_ReadReg                        0x080038a8   Section        0  ili9325.o(i.ili9325_ReadReg)
    i.ili9325_SetCursor                      0x080038b8   Section        0  ili9325.o(i.ili9325_SetCursor)
    i.ili9325_SetDisplayWindow               0x080038d4   Section        0  ili9325.o(i.ili9325_SetDisplayWindow)
    i.ili9325_WritePixel                     0x0800390e   Section        0  ili9325.o(i.ili9325_WritePixel)
    i.ili9325_WriteReg                       0x08003926   Section        0  ili9325.o(i.ili9325_WriteReg)
    i.jpeg_dcmi_frame_callback               0x08003938   Section        0  ov5640.o(i.jpeg_dcmi_frame_callback)
    i.jpeg_test                              0x080039c8   Section        0  ov5640.o(i.jpeg_test)
    i.main                                   0x08003a9c   Section        0  main.o(i.main)
    i.rgb565_test                            0x08003d08   Section        0  ov5640.o(i.rgb565_test)
    .constdata                               0x08003dd4   Section       16  system_stm32f4xx.o(.constdata)
    .constdata                               0x08003de4   Section        8  system_stm32f4xx.o(.constdata)
    .constdata                               0x08003dec   Section        8  stm32f4xx_hal_dma.o(.constdata)
    flagBitshiftOffset                       0x08003dec   Data           8  stm32f4xx_hal_dma.o(.constdata)
    .constdata                               0x08003df4   Section     5426  ov5640.o(.constdata)
    OV5640_EXPOSURE_TBL                      0x0800529a   Data          42  ov5640.o(.constdata)
    OV5640_LIGHTMODE_TBL                     0x080052c4   Data          35  ov5640.o(.constdata)
    OV5640_SATURATION_TBL                    0x080052e7   Data          42  ov5640.o(.constdata)
    OV5640_EFFECTS_TBL                       0x08005311   Data          21  ov5640.o(.constdata)
    .constdata                               0x08005326   Section     6840  openx07v_c_lcd.o(.constdata)
    .constdata                               0x08006dde   Section     3040  openx07v_c_lcd.o(.constdata)
    .data                                    0x20000000   Section        4  system_stm32f4xx.o(.data)
    .data                                    0x20000004   Section        4  stm32f4xx_hal.o(.data)
    .data                                    0x20000008   Section        1  ov5640.o(.data)
    .data                                    0x2000000c   Section       60  ili9325.o(.data)
    .data                                    0x20000048   Section       12  openx07v_c_lcd.o(.data)
    lcd_drv                                  0x20000048   Data           4  openx07v_c_lcd.o(.data)
    .data                                    0x20000054   Section        8  openx07v_c_lcd.o(.data)
    .data                                    0x2000005c   Section        8  fsmc.o(.data)
    FSMC_Initialized                         0x2000005c   Data           4  fsmc.o(.data)
    FSMC_DeInitialized                       0x20000060   Data           4  fsmc.o(.data)
    .data                                    0x20000064   Section        4  stdout.o(.data)
    .bss                                     0x20000068   Section    122880  ov5640.o(.bss)
    .bss                                     0x2001e068   Section      640  ili9325.o(.bss)
    ArrayRGB                                 0x2001e068   Data         640  ili9325.o(.bss)
    .bss                                     0x2001e2e8   Section      884  openx07v_c_lcd.o(.bss)
    bitmap                                   0x2001e2e8   Data         870  openx07v_c_lcd.o(.bss)
    .bss                                     0x2001e65c   Section      160  dcmi.o(.bss)
    .bss                                     0x2001e6fc   Section       80  fsmc.o(.bss)
    .bss                                     0x2001e74c   Section      256  usart.o(.bss)
    STACK                                    0x2001e850   Section     1024  startup_stm32f407xx.o(STACK)

    Global Symbols

    Symbol Name                              Value     Ov Type        Size  Object(Section)

    BuildAttributes$$THM_ISAv4$E$P$D$K$B$S$7EM$VFPi3$EXTD16$VFPS$VFMA$PE$A:L22UL41UL21$X:L11$S22US41US21$IEEE1$IW$USESV6$~STKCKD$USESV7$~SHL$OSPACE$ROPI$EBA8$MICROLIB$REQ8$PRES8$EABIv2 0x00000000   Number         0  anon$$obj.o ABSOLUTE
    __ARM_use_no_argv                        0x00000000   Number         0  main.o ABSOLUTE
    _printf_a                                0x00000000   Number         0  stubs.o ABSOLUTE
    _printf_c                                0x00000000   Number         0  stubs.o ABSOLUTE
    _printf_charcount                        0x00000000   Number         0  stubs.o ABSOLUTE
    _printf_d                                0x00000000   Number         0  stubs.o ABSOLUTE
    _printf_e                                0x00000000   Number         0  stubs.o ABSOLUTE
    _printf_f                                0x00000000   Number         0  stubs.o ABSOLUTE
    _printf_flags                            0x00000000   Number         0  stubs.o ABSOLUTE
    _printf_fp_dec                           0x00000000   Number         0  stubs.o ABSOLUTE
    _printf_fp_hex                           0x00000000   Number         0  stubs.o ABSOLUTE
    _printf_g                                0x00000000   Number         0  stubs.o ABSOLUTE
    _printf_i                                0x00000000   Number         0  stubs.o ABSOLUTE
    _printf_int_dec                          0x00000000   Number         0  stubs.o ABSOLUTE
    _printf_l                                0x00000000   Number         0  stubs.o ABSOLUTE
    _printf_lc                               0x00000000   Number         0  stubs.o ABSOLUTE
    _printf_ll                               0x00000000   Number         0  stubs.o ABSOLUTE
    _printf_lld                              0x00000000   Number         0  stubs.o ABSOLUTE
    _printf_lli                              0x00000000   Number         0  stubs.o ABSOLUTE
    _printf_llo                              0x00000000   Number         0  stubs.o ABSOLUTE
    _printf_llu                              0x00000000   Number         0  stubs.o ABSOLUTE
    _printf_llx                              0x00000000   Number         0  stubs.o ABSOLUTE
    _printf_longlong_dec                     0x00000000   Number         0  stubs.o ABSOLUTE
    _printf_longlong_hex                     0x00000000   Number         0  stubs.o ABSOLUTE
    _printf_longlong_oct                     0x00000000   Number         0  stubs.o ABSOLUTE
    _printf_ls                               0x00000000   Number         0  stubs.o ABSOLUTE
    _printf_mbtowc                           0x00000000   Number         0  stubs.o ABSOLUTE
    _printf_n                                0x00000000   Number         0  stubs.o ABSOLUTE
    _printf_o                                0x00000000   Number         0  stubs.o ABSOLUTE
    _printf_p                                0x00000000   Number         0  stubs.o ABSOLUTE
    _printf_percent                          0x00000000   Number         0  stubs.o ABSOLUTE
    _printf_pre_padding                      0x00000000   Number         0  stubs.o ABSOLUTE
    _printf_return_value                     0x00000000   Number         0  stubs.o ABSOLUTE
    _printf_s                                0x00000000   Number         0  stubs.o ABSOLUTE
    _printf_sizespec                         0x00000000   Number         0  stubs.o ABSOLUTE
    _printf_str                              0x00000000   Number         0  stubs.o ABSOLUTE
    _printf_truncate_signed                  0x00000000   Number         0  stubs.o ABSOLUTE
    _printf_truncate_unsigned                0x00000000   Number         0  stubs.o ABSOLUTE
    _printf_u                                0x00000000   Number         0  stubs.o ABSOLUTE
    _printf_wc                               0x00000000   Number         0  stubs.o ABSOLUTE
    _printf_wctomb                           0x00000000   Number         0  stubs.o ABSOLUTE
    _printf_widthprec                        0x00000000   Number         0  stubs.o ABSOLUTE
    _printf_x                                0x00000000   Number         0  stubs.o ABSOLUTE
    __arm_fini_                               - Undefined Weak Reference
    __cpp_initialize__aeabi_                  - Undefined Weak Reference
    __cxa_finalize                            - Undefined Weak Reference
    __decompress                              - Undefined Weak Reference
    _clock_init                               - Undefined Weak Reference
    _microlib_exit                            - Undefined Weak Reference
    __Vectors_Size                           0x00000188   Number         0  startup_stm32f407xx.o ABSOLUTE
    __Vectors                                0x08000000   Data           4  startup_stm32f407xx.o(RESET)
    __Vectors_End                            0x08000188   Data           0  startup_stm32f407xx.o(RESET)
    __main                                   0x08000189   Thumb Code     0  entry.o(.ARM.Collect$$$$00000000)
    _main_stk                                0x08000189   Thumb Code     0  entry2.o(.ARM.Collect$$$$00000001)
    _main_scatterload                        0x0800018d   Thumb Code     0  entry5.o(.ARM.Collect$$$$00000004)
    __main_after_scatterload                 0x08000191   Thumb Code     0  entry5.o(.ARM.Collect$$$$00000004)
    _main_clock                              0x08000191   Thumb Code     0  entry7b.o(.ARM.Collect$$$$00000008)
    _main_cpp_init                           0x08000191   Thumb Code     0  entry8b.o(.ARM.Collect$$$$0000000A)
    _main_init                               0x08000191   Thumb Code     0  entry9a.o(.ARM.Collect$$$$0000000B)
    __rt_lib_shutdown_fini                   0x08000199   Thumb Code     0  entry12b.o(.ARM.Collect$$$$0000000E)
    __rt_final_cpp                           0x0800019d   Thumb Code     0  entry10a.o(.ARM.Collect$$$$0000000F)
    __rt_final_exit                          0x0800019d   Thumb Code     0  entry11a.o(.ARM.Collect$$$$00000011)
    Reset_Handler                            0x080001a1   Thumb Code     8  startup_stm32f407xx.o(.text)
    ADC_IRQHandler                           0x080001bb   Thumb Code     0  startup_stm32f407xx.o(.text)
    CAN1_RX0_IRQHandler                      0x080001bb   Thumb Code     0  startup_stm32f407xx.o(.text)
    CAN1_RX1_IRQHandler                      0x080001bb   Thumb Code     0  startup_stm32f407xx.o(.text)
    CAN1_SCE_IRQHandler                      0x080001bb   Thumb Code     0  startup_stm32f407xx.o(.text)
    CAN1_TX_IRQHandler                       0x080001bb   Thumb Code     0  startup_stm32f407xx.o(.text)
    CAN2_RX0_IRQHandler                      0x080001bb   Thumb Code     0  startup_stm32f407xx.o(.text)
    CAN2_RX1_IRQHandler                      0x080001bb   Thumb Code     0  startup_stm32f407xx.o(.text)
    CAN2_SCE_IRQHandler                      0x080001bb   Thumb Code     0  startup_stm32f407xx.o(.text)
    CAN2_TX_IRQHandler                       0x080001bb   Thumb Code     0  startup_stm32f407xx.o(.text)
    DMA1_Stream0_IRQHandler                  0x080001bb   Thumb Code     0  startup_stm32f407xx.o(.text)
    DMA1_Stream1_IRQHandler                  0x080001bb   Thumb Code     0  startup_stm32f407xx.o(.text)
    DMA1_Stream2_IRQHandler                  0x080001bb   Thumb Code     0  startup_stm32f407xx.o(.text)
    DMA1_Stream3_IRQHandler                  0x080001bb   Thumb Code     0  startup_stm32f407xx.o(.text)
    DMA1_Stream4_IRQHandler                  0x080001bb   Thumb Code     0  startup_stm32f407xx.o(.text)
    DMA1_Stream5_IRQHandler                  0x080001bb   Thumb Code     0  startup_stm32f407xx.o(.text)
    DMA1_Stream6_IRQHandler                  0x080001bb   Thumb Code     0  startup_stm32f407xx.o(.text)
    DMA1_Stream7_IRQHandler                  0x080001bb   Thumb Code     0  startup_stm32f407xx.o(.text)
    DMA2_Stream0_IRQHandler                  0x080001bb   Thumb Code     0  startup_stm32f407xx.o(.text)
    DMA2_Stream3_IRQHandler                  0x080001bb   Thumb Code     0  startup_stm32f407xx.o(.text)
    DMA2_Stream4_IRQHandler                  0x080001bb   Thumb Code     0  startup_stm32f407xx.o(.text)
    DMA2_Stream5_IRQHandler                  0x080001bb   Thumb Code     0  startup_stm32f407xx.o(.text)
    DMA2_Stream6_IRQHandler                  0x080001bb   Thumb Code     0  startup_stm32f407xx.o(.text)
    ETH_IRQHandler                           0x080001bb   Thumb Code     0  startup_stm32f407xx.o(.text)
    ETH_WKUP_IRQHandler                      0x080001bb   Thumb Code     0  startup_stm32f407xx.o(.text)
    EXTI0_IRQHandler                         0x080001bb   Thumb Code     0  startup_stm32f407xx.o(.text)
    EXTI15_10_IRQHandler                     0x080001bb   Thumb Code     0  startup_stm32f407xx.o(.text)
    EXTI1_IRQHandler                         0x080001bb   Thumb Code     0  startup_stm32f407xx.o(.text)
    EXTI2_IRQHandler                         0x080001bb   Thumb Code     0  startup_stm32f407xx.o(.text)
    EXTI3_IRQHandler                         0x080001bb   Thumb Code     0  startup_stm32f407xx.o(.text)
    EXTI4_IRQHandler                         0x080001bb   Thumb Code     0  startup_stm32f407xx.o(.text)
    EXTI9_5_IRQHandler                       0x080001bb   Thumb Code     0  startup_stm32f407xx.o(.text)
    FLASH_IRQHandler                         0x080001bb   Thumb Code     0  startup_stm32f407xx.o(.text)
    FMC_IRQHandler                           0x080001bb   Thumb Code     0  startup_stm32f407xx.o(.text)
    FPU_IRQHandler                           0x080001bb   Thumb Code     0  startup_stm32f407xx.o(.text)
    HASH_RNG_IRQHandler                      0x080001bb   Thumb Code     0  startup_stm32f407xx.o(.text)
    I2C1_ER_IRQHandler                       0x080001bb   Thumb Code     0  startup_stm32f407xx.o(.text)
    I2C1_EV_IRQHandler                       0x080001bb   Thumb Code     0  startup_stm32f407xx.o(.text)
    I2C2_ER_IRQHandler                       0x080001bb   Thumb Code     0  startup_stm32f407xx.o(.text)
    I2C2_EV_IRQHandler                       0x080001bb   Thumb Code     0  startup_stm32f407xx.o(.text)
    I2C3_ER_IRQHandler                       0x080001bb   Thumb Code     0  startup_stm32f407xx.o(.text)
    I2C3_EV_IRQHandler                       0x080001bb   Thumb Code     0  startup_stm32f407xx.o(.text)
    OTG_FS_IRQHandler                        0x080001bb   Thumb Code     0  startup_stm32f407xx.o(.text)
    OTG_FS_WKUP_IRQHandler                   0x080001bb   Thumb Code     0  startup_stm32f407xx.o(.text)
    OTG_HS_EP1_IN_IRQHandler                 0x080001bb   Thumb Code     0  startup_stm32f407xx.o(.text)
    OTG_HS_EP1_OUT_IRQHandler                0x080001bb   Thumb Code     0  startup_stm32f407xx.o(.text)
    OTG_HS_IRQHandler                        0x080001bb   Thumb Code     0  startup_stm32f407xx.o(.text)
    OTG_HS_WKUP_IRQHandler                   0x080001bb   Thumb Code     0  startup_stm32f407xx.o(.text)
    PVD_IRQHandler                           0x080001bb   Thumb Code     0  startup_stm32f407xx.o(.text)
    RCC_IRQHandler                           0x080001bb   Thumb Code     0  startup_stm32f407xx.o(.text)
    RTC_Alarm_IRQHandler                     0x080001bb   Thumb Code     0  startup_stm32f407xx.o(.text)
    RTC_WKUP_IRQHandler                      0x080001bb   Thumb Code     0  startup_stm32f407xx.o(.text)
    SDIO_IRQHandler                          0x080001bb   Thumb Code     0  startup_stm32f407xx.o(.text)
    SPI1_IRQHandler                          0x080001bb   Thumb Code     0  startup_stm32f407xx.o(.text)
    SPI2_IRQHandler                          0x080001bb   Thumb Code     0  startup_stm32f407xx.o(.text)
    SPI3_IRQHandler                          0x080001bb   Thumb Code     0  startup_stm32f407xx.o(.text)
    TAMP_STAMP_IRQHandler                    0x080001bb   Thumb Code     0  startup_stm32f407xx.o(.text)
    TIM1_BRK_TIM9_IRQHandler                 0x080001bb   Thumb Code     0  startup_stm32f407xx.o(.text)
    TIM1_CC_IRQHandler                       0x080001bb   Thumb Code     0  startup_stm32f407xx.o(.text)
    TIM1_TRG_COM_TIM11_IRQHandler            0x080001bb   Thumb Code     0  startup_stm32f407xx.o(.text)
    TIM1_UP_TIM10_IRQHandler                 0x080001bb   Thumb Code     0  startup_stm32f407xx.o(.text)
    TIM2_IRQHandler                          0x080001bb   Thumb Code     0  startup_stm32f407xx.o(.text)
    TIM3_IRQHandler                          0x080001bb   Thumb Code     0  startup_stm32f407xx.o(.text)
    TIM4_IRQHandler                          0x080001bb   Thumb Code     0  startup_stm32f407xx.o(.text)
    TIM5_IRQHandler                          0x080001bb   Thumb Code     0  startup_stm32f407xx.o(.text)
    TIM6_DAC_IRQHandler                      0x080001bb   Thumb Code     0  startup_stm32f407xx.o(.text)
    TIM7_IRQHandler                          0x080001bb   Thumb Code     0  startup_stm32f407xx.o(.text)
    TIM8_BRK_TIM12_IRQHandler                0x080001bb   Thumb Code     0  startup_stm32f407xx.o(.text)
    TIM8_CC_IRQHandler                       0x080001bb   Thumb Code     0  startup_stm32f407xx.o(.text)
    TIM8_TRG_COM_TIM14_IRQHandler            0x080001bb   Thumb Code     0  startup_stm32f407xx.o(.text)
    TIM8_UP_TIM13_IRQHandler                 0x080001bb   Thumb Code     0  startup_stm32f407xx.o(.text)
    UART4_IRQHandler                         0x080001bb   Thumb Code     0  startup_stm32f407xx.o(.text)
    UART5_IRQHandler                         0x080001bb   Thumb Code     0  startup_stm32f407xx.o(.text)
    USART2_IRQHandler                        0x080001bb   Thumb Code     0  startup_stm32f407xx.o(.text)
    USART3_IRQHandler                        0x080001bb   Thumb Code     0  startup_stm32f407xx.o(.text)
    USART6_IRQHandler                        0x080001bb   Thumb Code     0  startup_stm32f407xx.o(.text)
    WWDG_IRQHandler                          0x080001bb   Thumb Code     0  startup_stm32f407xx.o(.text)
    __aeabi_uldivmod                         0x080001c5   Thumb Code    98  uldiv.o(.text)
    __aeabi_uidiv                            0x08000227   Thumb Code     0  uidiv.o(.text)
    __aeabi_uidivmod                         0x08000227   Thumb Code    44  uidiv.o(.text)
    __aeabi_llsl                             0x08000253   Thumb Code    30  llshl.o(.text)
    _ll_shift_l                              0x08000253   Thumb Code     0  llshl.o(.text)
    __aeabi_llsr                             0x08000271   Thumb Code    32  llushr.o(.text)
    _ll_ushift_r                             0x08000271   Thumb Code     0  llushr.o(.text)
    __scatterload                            0x08000291   Thumb Code    28  init.o(.text)
    __scatterload_rt2                        0x08000291   Thumb Code     0  init.o(.text)
    BSP_LCD_Clear                            0x080002b5   Thumb Code    42  openx07v_c_lcd.o(i.BSP_LCD_Clear)
    BSP_LCD_DisplayChar                      0x080002e5   Thumb Code    32  openx07v_c_lcd.o(i.BSP_LCD_DisplayChar)
    BSP_LCD_DisplayStringAt                  0x08000309   Thumb Code   150  openx07v_c_lcd.o(i.BSP_LCD_DisplayStringAt)
    BSP_LCD_DrawBitmap                       0x080003a5   Thumb Code    78  openx07v_c_lcd.o(i.BSP_LCD_DrawBitmap)
    BSP_LCD_DrawHLine                        0x080003f9   Thumb Code    68  openx07v_c_lcd.o(i.BSP_LCD_DrawHLine)
    BSP_LCD_GetXSize                         0x08000445   Thumb Code     8  openx07v_c_lcd.o(i.BSP_LCD_GetXSize)
    BSP_LCD_GetYSize                         0x08000451   Thumb Code     8  openx07v_c_lcd.o(i.BSP_LCD_GetYSize)
    BSP_LCD_Init                             0x0800045d   Thumb Code    66  openx07v_c_lcd.o(i.BSP_LCD_Init)
    BSP_LCD_SetFont                          0x080004ad   Thumb Code     6  openx07v_c_lcd.o(i.BSP_LCD_SetFont)
    BSP_LCD_SetTextColor                     0x080004b9   Thumb Code     6  openx07v_c_lcd.o(i.BSP_LCD_SetTextColor)
    BusFault_Handler                         0x080004c5   Thumb Code     2  stm32f4xx_it.o(i.BusFault_Handler)
    DCMI_IRQHandler                          0x08000561   Thumb Code     6  stm32f4xx_it.o(i.DCMI_IRQHandler)
    DMA2_Stream1_IRQHandler                  0x0800056d   Thumb Code     6  stm32f4xx_it.o(i.DMA2_Stream1_IRQHandler)
    DMA2_Stream2_IRQHandler                  0x08000579   Thumb Code     6  stm32f4xx_it.o(i.DMA2_Stream2_IRQHandler)
    DMA2_Stream7_IRQHandler                  0x08000585   Thumb Code     6  stm32f4xx_it.o(i.DMA2_Stream7_IRQHandler)
    DebugMon_Handler                         0x08000653   Thumb Code     2  stm32f4xx_it.o(i.DebugMon_Handler)
    FSMC_NORSRAM_Extended_Timing_Init        0x08000655   Thumb Code    60  stm32f4xx_ll_fsmc.o(i.FSMC_NORSRAM_Extended_Timing_Init)
    FSMC_NORSRAM_Init                        0x08000695   Thumb Code    80  stm32f4xx_ll_fsmc.o(i.FSMC_NORSRAM_Init)
    FSMC_NORSRAM_Timing_Init                 0x080006e9   Thumb Code    64  stm32f4xx_ll_fsmc.o(i.FSMC_NORSRAM_Timing_Init)
    HAL_DCMI_ErrorCallback                   0x0800072d   Thumb Code     2  stm32f4xx_hal_dcmi.o(i.HAL_DCMI_ErrorCallback)
    HAL_DCMI_FrameEventCallback              0x08000731   Thumb Code    30  ov5640.o(i.HAL_DCMI_FrameEventCallback)
    HAL_DCMI_IRQHandler                      0x08000759   Thumb Code   148  stm32f4xx_hal_dcmi.o(i.HAL_DCMI_IRQHandler)
    HAL_DCMI_Init                            0x080007f1   Thumb Code   124  stm32f4xx_hal_dcmi_ex.o(i.HAL_DCMI_Init)
    HAL_DCMI_LineEventCallback               0x0800086d   Thumb Code     2  stm32f4xx_hal_dcmi.o(i.HAL_DCMI_LineEventCallback)
    HAL_DCMI_MspInit                         0x08000871   Thumb Code   200  dcmi.o(i.HAL_DCMI_MspInit)
    HAL_DCMI_Start_DMA                       0x08000969   Thumb Code   174  stm32f4xx_hal_dcmi.o(i.HAL_DCMI_Start_DMA)
    HAL_DCMI_Stop                            0x08000a21   Thumb Code   108  stm32f4xx_hal_dcmi.o(i.HAL_DCMI_Stop)
    HAL_DCMI_VsyncEventCallback              0x08000a91   Thumb Code     2  stm32f4xx_hal_dcmi.o(i.HAL_DCMI_VsyncEventCallback)
    HAL_DMAEx_ChangeMemory                   0x08000a93   Thumb Code    14  stm32f4xx_hal_dma_ex.o(i.HAL_DMAEx_ChangeMemory)
    HAL_DMAEx_MultiBufferStart_IT            0x08000aa1   Thumb Code  2422  stm32f4xx_hal_dma_ex.o(i.HAL_DMAEx_MultiBufferStart_IT)
    HAL_DMA_Abort                            0x08001421   Thumb Code   142  stm32f4xx_hal_dma.o(i.HAL_DMA_Abort)
    HAL_DMA_Abort_IT                         0x080014af   Thumb Code    36  stm32f4xx_hal_dma.o(i.HAL_DMA_Abort_IT)
    HAL_DMA_DeInit                           0x080014d3   Thumb Code    86  stm32f4xx_hal_dma.o(i.HAL_DMA_DeInit)
    HAL_DMA_IRQHandler                       0x08001529   Thumb Code   412  stm32f4xx_hal_dma.o(i.HAL_DMA_IRQHandler)
    HAL_DMA_Init                             0x080016c9   Thumb Code   206  stm32f4xx_hal_dma.o(i.HAL_DMA_Init)
    HAL_DMA_Start_IT                         0x0800179d   Thumb Code   120  stm32f4xx_hal_dma.o(i.HAL_DMA_Start_IT)
    HAL_Delay                                0x08001815   Thumb Code    28  stm32f4xx_hal.o(i.HAL_Delay)
    HAL_GPIO_Init                            0x0800189d   Thumb Code   388  stm32f4xx_hal_gpio.o(i.HAL_GPIO_Init)
    HAL_GPIO_ReadPin                         0x08001a4d   Thumb Code    10  stm32f4xx_hal_gpio.o(i.HAL_GPIO_ReadPin)
    HAL_GPIO_WritePin                        0x08001a57   Thumb Code    10  stm32f4xx_hal_gpio.o(i.HAL_GPIO_WritePin)
    HAL_GetTick                              0x08001a61   Thumb Code     6  stm32f4xx_hal.o(i.HAL_GetTick)
    HAL_IncTick                              0x08001a6d   Thumb Code    10  stm32f4xx_hal.o(i.HAL_IncTick)
    HAL_Init                                 0x08001a7d   Thumb Code    48  stm32f4xx_hal.o(i.HAL_Init)
    HAL_InitTick                             0x08001ab1   Thumb Code    34  stm32f4xx_hal.o(i.HAL_InitTick)
    HAL_MspInit                              0x08001ad9   Thumb Code    88  stm32f4xx_hal_msp.o(i.HAL_MspInit)
    HAL_NVIC_EnableIRQ                       0x08001b31   Thumb Code    22  stm32f4xx_hal_cortex.o(i.HAL_NVIC_EnableIRQ)
    HAL_NVIC_SetPriority                     0x08001b49   Thumb Code    60  stm32f4xx_hal_cortex.o(i.HAL_NVIC_SetPriority)
    HAL_NVIC_SetPriorityGrouping             0x08001b89   Thumb Code    26  stm32f4xx_hal_cortex.o(i.HAL_NVIC_SetPriorityGrouping)
    HAL_RCC_ClockConfig                      0x08001bad   Thumb Code   286  stm32f4xx_hal_rcc.o(i.HAL_RCC_ClockConfig)
    HAL_RCC_GetHCLKFreq                      0x08001cdd   Thumb Code     6  stm32f4xx_hal_rcc.o(i.HAL_RCC_GetHCLKFreq)
    HAL_RCC_GetPCLK1Freq                     0x08001ce9   Thumb Code    20  stm32f4xx_hal_rcc.o(i.HAL_RCC_GetPCLK1Freq)
    HAL_RCC_GetPCLK2Freq                     0x08001d09   Thumb Code    20  stm32f4xx_hal_rcc.o(i.HAL_RCC_GetPCLK2Freq)
    HAL_RCC_GetSysClockFreq                  0x08001d29   Thumb Code    88  stm32f4xx_hal_rcc.o(i.HAL_RCC_GetSysClockFreq)
    HAL_RCC_MCOConfig                        0x08001d89   Thumb Code   126  stm32f4xx_hal_rcc.o(i.HAL_RCC_MCOConfig)
    HAL_RCC_OscConfig                        0x08001e15   Thumb Code   730  stm32f4xx_hal_rcc.o(i.HAL_RCC_OscConfig)
    HAL_SRAM_Init                            0x08002105   Thumb Code    86  stm32f4xx_hal_sram.o(i.HAL_SRAM_Init)
    HAL_SRAM_MspInit                         0x0800215b   Thumb Code     4  fsmc.o(i.HAL_SRAM_MspInit)
    HAL_SYSTICK_CLKSourceConfig              0x0800215f   Thumb Code    24  stm32f4xx_hal_cortex.o(i.HAL_SYSTICK_CLKSourceConfig)
    HAL_SYSTICK_Callback                     0x08002177   Thumb Code     2  stm32f4xx_hal_cortex.o(i.HAL_SYSTICK_Callback)
    HAL_SYSTICK_Config                       0x08002179   Thumb Code    40  stm32f4xx_hal_cortex.o(i.HAL_SYSTICK_Config)
    HAL_SYSTICK_IRQHandler                   0x080021a1   Thumb Code     8  stm32f4xx_hal_cortex.o(i.HAL_SYSTICK_IRQHandler)
    HAL_UART_ErrorCallback                   0x080021a9   Thumb Code     2  stm32f4xx_hal_uart.o(i.HAL_UART_ErrorCallback)
    HAL_UART_IRQHandler                      0x080021ad   Thumb Code   266  stm32f4xx_hal_uart.o(i.HAL_UART_IRQHandler)
    HAL_UART_Init                            0x080022bd   Thumb Code    98  stm32f4xx_hal_uart.o(i.HAL_UART_Init)
    HAL_UART_MspInit                         0x08002321   Thumb Code   202  usart.o(i.HAL_UART_MspInit)
    HAL_UART_RxCpltCallback                  0x08002411   Thumb Code     2  stm32f4xx_hal_uart.o(i.HAL_UART_RxCpltCallback)
    HAL_UART_Transmit                        0x08002413   Thumb Code   186  stm32f4xx_hal_uart.o(i.HAL_UART_Transmit)
    HAL_UART_TxCpltCallback                  0x080024cd   Thumb Code     2  stm32f4xx_hal_uart.o(i.HAL_UART_TxCpltCallback)
    HardFault_Handler                        0x080024cf   Thumb Code     2  stm32f4xx_it.o(i.HardFault_Handler)
    LCD_IO_WriteMultipleData                 0x080025c5   Thumb Code    20  ili9325.o(i.LCD_IO_WriteMultipleData)
    LCD_IO_WriteReg                          0x080025dd   Thumb Code     8  ili9325.o(i.LCD_IO_WriteReg)
    MX_DCMI_Init                             0x08002601   Thumb Code    50  dcmi.o(i.MX_DCMI_Init)
    MX_DMA_Init                              0x0800264d   Thumb Code    72  dma.o(i.MX_DMA_Init)
    MX_FSMC_Init                             0x08002699   Thumb Code   114  fsmc.o(i.MX_FSMC_Init)
    MX_GPIO_Init                             0x08002725   Thumb Code   234  gpio.o(i.MX_GPIO_Init)
    MX_USART1_UART_Init                      0x0800281d   Thumb Code    52  usart.o(i.MX_USART1_UART_Init)
    MemManage_Handler                        0x08002869   Thumb Code     2  stm32f4xx_it.o(i.MemManage_Handler)
    NMI_Handler                              0x0800286b   Thumb Code     2  stm32f4xx_it.o(i.NMI_Handler)
    OV5640_Brightness                        0x0800288d   Thumb Code    80  ov5640.o(i.OV5640_Brightness)
    OV5640_Color_Saturation                  0x080028dd   Thumb Code   120  ov5640.o(i.OV5640_Color_Saturation)
    OV5640_Contrast                          0x08002959   Thumb Code   104  ov5640.o(i.OV5640_Contrast)
    OV5640_Init                              0x080029c1   Thumb Code   122  ov5640.o(i.OV5640_Init)
    OV5640_JPEG_Mode                         0x08002a51   Thumb Code    32  ov5640.o(i.OV5640_JPEG_Mode)
    OV5640_Light_Mode                        0x08002a75   Thumb Code    64  ov5640.o(i.OV5640_Light_Mode)
    OV5640_OutSize_Set                       0x08002ab9   Thumb Code   126  ov5640.o(i.OV5640_OutSize_Set)
    OV5640_RD_Reg                            0x08002b37   Thumb Code    58  ov5640.o(i.OV5640_RD_Reg)
    OV5640_RGB565_Mode                       0x08002b71   Thumb Code    32  ov5640.o(i.OV5640_RGB565_Mode)
    OV5640_Sharpness                         0x08002b95   Thumb Code   114  ov5640.o(i.OV5640_Sharpness)
    OV5640_WR_Reg                            0x08002c07   Thumb Code    60  ov5640.o(i.OV5640_WR_Reg)
    PendSV_Handler                           0x08002c43   Thumb Code     2  stm32f4xx_it.o(i.PendSV_Handler)
    SCCB_No_Ack                              0x08002c45   Thumb Code    68  sccb.o(i.SCCB_No_Ack)
    SCCB_RD_Byte                             0x08002c8d   Thumb Code    76  sccb.o(i.SCCB_RD_Byte)
    SCCB_Start                               0x08002cdd   Thumb Code    60  sccb.o(i.SCCB_Start)
    SCCB_Stop                                0x08002d1d   Thumb Code    54  sccb.o(i.SCCB_Stop)
    SCCB_WR_Byte                             0x08002d59   Thumb Code   124  sccb.o(i.SCCB_WR_Byte)
    SVC_Handler                              0x08002dd9   Thumb Code     2  stm32f4xx_it.o(i.SVC_Handler)
    SysTick_Handler                          0x08002ddb   Thumb Code    14  stm32f4xx_it.o(i.SysTick_Handler)
    SystemClock_Config                       0x08002de9   Thumb Code   160  main.o(i.SystemClock_Config)
    SystemInit                               0x08002e91   Thumb Code    66  system_stm32f4xx.o(i.SystemInit)
    USART1_IRQHandler                        0x08003311   Thumb Code     6  stm32f4xx_it.o(i.USART1_IRQHandler)
    UsageFault_Handler                       0x0800331d   Thumb Code     2  stm32f4xx_it.o(i.UsageFault_Handler)
    _Error_Handler                           0x0800331f   Thumb Code     2  main.o(i._Error_Handler)
    __0printf$1                              0x08003321   Thumb Code    22  printf1.o(i.__0printf$1)
    __1printf$1                              0x08003321   Thumb Code     0  printf1.o(i.__0printf$1)
    __2printf                                0x08003321   Thumb Code     0  printf1.o(i.__0printf$1)
    __scatterload_copy                       0x08003341   Thumb Code    14  handlers.o(i.__scatterload_copy)
    __scatterload_null                       0x0800334f   Thumb Code     2  handlers.o(i.__scatterload_null)
    __scatterload_zeroinit                   0x08003351   Thumb Code    14  handlers.o(i.__scatterload_zeroinit)
    delay_6us                                0x080034b5   Thumb Code    12  sccb.o(i.delay_6us)
    fputc                                    0x080034c1   Thumb Code    20  usart.o(i.fputc)
    ili9325_Clear                            0x080034d9   Thumb Code    34  ili9325.o(i.ili9325_Clear)
    ili9325_DisplayOff                       0x08003501   Thumb Code    54  ili9325.o(i.ili9325_DisplayOff)
    ili9325_DisplayOn                        0x08003537   Thumb Code    96  ili9325.o(i.ili9325_DisplayOn)
    ili9325_DrawBitmap                       0x08003597   Thumb Code    76  ili9325.o(i.ili9325_DrawBitmap)
    ili9325_DrawHLine                        0x080035e5   Thumb Code    56  ili9325.o(i.ili9325_DrawHLine)
    ili9325_DrawRGBImage                     0x08003621   Thumb Code    32  ili9325.o(i.ili9325_DrawRGBImage)
    ili9325_DrawVLine                        0x08003641   Thumb Code    78  ili9325.o(i.ili9325_DrawVLine)
    ili9325_GetLcdPixelHeight                0x08003695   Thumb Code     4  ili9325.o(i.ili9325_GetLcdPixelHeight)
    ili9325_GetLcdPixelWidth                 0x08003699   Thumb Code     6  ili9325.o(i.ili9325_GetLcdPixelWidth)
    ili9325_Init                             0x0800369f   Thumb Code   488  ili9325.o(i.ili9325_Init)
    ili9325_ReadID                           0x08003887   Thumb Code     6  ili9325.o(i.ili9325_ReadID)
    ili9325_ReadPixel                        0x0800388d   Thumb Code    22  ili9325.o(i.ili9325_ReadPixel)
    ili9325_ReadReg                          0x080038a9   Thumb Code    12  ili9325.o(i.ili9325_ReadReg)
    ili9325_SetCursor                        0x080038b9   Thumb Code    28  ili9325.o(i.ili9325_SetCursor)
    ili9325_SetDisplayWindow                 0x080038d5   Thumb Code    58  ili9325.o(i.ili9325_SetDisplayWindow)
    ili9325_WritePixel                       0x0800390f   Thumb Code    24  ili9325.o(i.ili9325_WritePixel)
    ili9325_WriteReg                         0x08003927   Thumb Code    18  ili9325.o(i.ili9325_WriteReg)
    jpeg_dcmi_frame_callback                 0x08003939   Thumb Code   110  ov5640.o(i.jpeg_dcmi_frame_callback)
    jpeg_test                                0x080039c9   Thumb Code   166  ov5640.o(i.jpeg_test)
    main                                     0x08003a9d   Thumb Code   334  main.o(i.main)
    rgb565_test                              0x08003d09   Thumb Code   162  ov5640.o(i.rgb565_test)
    AHBPrescTable                            0x08003dd4   Data          16  system_stm32f4xx.o(.constdata)
    APBPrescTable                            0x08003de4   Data           8  system_stm32f4xx.o(.constdata)
    OV5640_jpeg_reg_tbl                      0x08003df4   Data         180  ov5640.o(.constdata)
    ov5640_rgb565_reg_tbl                    0x08003ea8   Data         180  ov5640.o(.constdata)
    ov5640_init_reg_tbl                      0x08003f5c   Data         828  ov5640.o(.constdata)
    OV5640_AF_Config                         0x08004298   Data        4077  ov5640.o(.constdata)
    jpeg_size_tbl                            0x08005286   Data          20  ov5640.o(.constdata)
    Font24_Table                             0x08005326   Data        6840  openx07v_c_lcd.o(.constdata)
    Font16_Table                             0x08006dde   Data        3040  openx07v_c_lcd.o(.constdata)
    Region$$Table$$Base                      0x080079c0   Number         0  anon$$obj.o(Region$$Table)
    Region$$Table$$Limit                     0x080079e0   Number         0  anon$$obj.o(Region$$Table)
    SystemCoreClock                          0x20000000   Data           4  system_stm32f4xx.o(.data)
    uwTick                                   0x20000004   Data           4  stm32f4xx_hal.o(.data)
    jpeg_mode                                0x20000008   Data           1  ov5640.o(.data)
    ili9325_drv                              0x2000000c   Data          60  ili9325.o(.data)
    Font24                                   0x2000004c   Data           8  openx07v_c_lcd.o(.data)
    Font16                                   0x20000054   Data           8  openx07v_c_lcd.o(.data)
    __stdout                                 0x20000064   Data           4  stdout.o(.data)
    jpeg_data_buf                            0x20000068   Data       122880  ov5640.o(.bss)
    DrawProp                                 0x2001e650   Data          12  openx07v_c_lcd.o(.bss)
    hdcmi                                    0x2001e65c   Data          64  dcmi.o(.bss)
    hdma_dcmi                                0x2001e69c   Data          96  dcmi.o(.bss)
    hsram1                                   0x2001e6fc   Data          80  fsmc.o(.bss)
    huart1                                   0x2001e74c   Data          64  usart.o(.bss)
    hdma_usart1_rx                           0x2001e78c   Data          96  usart.o(.bss)
    hdma_usart1_tx                           0x2001e7ec   Data          96  usart.o(.bss)
    __initial_sp                             0x2001ec50   Data           0  startup_stm32f407xx.o(STACK)



==============================================================================

Memory Map of the image

  Image Entry point : 0x08000189

  Load Region LR_IROM1 (Base: 0x08000000, Size: 0x00007a48, Max: 0x00080000, ABSOLUTE)

    Execution Region ER_IROM1 (Exec base: 0x08000000, Load base: 0x08000000, Size: 0x000079e0, Max: 0x00080000, ABSOLUTE)

    Exec Addr    Load Addr    Size         Type   Attr      Idx    E Section Name        Object

    0x08000000   0x08000000   0x00000188   Data   RO          139    RESET               startup_stm32f407xx.o
    0x08000188   0x08000188   0x00000000   Code   RO         2909  * .ARM.Collect$$$$00000000  mc_w.l(entry.o)
    0x08000188   0x08000188   0x00000004   Code   RO         3175    .ARM.Collect$$$$00000001  mc_w.l(entry2.o)
    0x0800018c   0x0800018c   0x00000004   Code   RO         3178    .ARM.Collect$$$$00000004  mc_w.l(entry5.o)
    0x08000190   0x08000190   0x00000000   Code   RO         3180    .ARM.Collect$$$$00000008  mc_w.l(entry7b.o)
    0x08000190   0x08000190   0x00000000   Code   RO         3182    .ARM.Collect$$$$0000000A  mc_w.l(entry8b.o)
    0x08000190   0x08000190   0x00000008   Code   RO         3183    .ARM.Collect$$$$0000000B  mc_w.l(entry9a.o)
    0x08000198   0x08000198   0x00000004   Code   RO         3190    .ARM.Collect$$$$0000000E  mc_w.l(entry12b.o)
    0x0800019c   0x0800019c   0x00000000   Code   RO         3185    .ARM.Collect$$$$0000000F  mc_w.l(entry10a.o)
    0x0800019c   0x0800019c   0x00000000   Code   RO         3187    .ARM.Collect$$$$00000011  mc_w.l(entry11a.o)
    0x0800019c   0x0800019c   0x00000004   Code   RO         3176    .ARM.Collect$$$$00002712  mc_w.l(entry2.o)
    0x080001a0   0x080001a0   0x00000024   Code   RO          140    .text               startup_stm32f407xx.o
    0x080001c4   0x080001c4   0x00000062   Code   RO         2912    .text               mc_w.l(uldiv.o)
    0x08000226   0x08000226   0x0000002c   Code   RO         3192    .text               mc_w.l(uidiv.o)
    0x08000252   0x08000252   0x0000001e   Code   RO         3194    .text               mc_w.l(llshl.o)
    0x08000270   0x08000270   0x00000020   Code   RO         3196    .text               mc_w.l(llushr.o)
    0x08000290   0x08000290   0x00000024   Code   RO         3209    .text               mc_w.l(init.o)
    0x080002b4   0x080002b4   0x00000030   Code   RO         2247    i.BSP_LCD_Clear     openx07v_c_lcd.o
    0x080002e4   0x080002e4   0x00000024   Code   RO         2249    i.BSP_LCD_DisplayChar  openx07v_c_lcd.o
    0x08000308   0x08000308   0x0000009c   Code   RO         2252    i.BSP_LCD_DisplayStringAt  openx07v_c_lcd.o
    0x080003a4   0x080003a4   0x00000054   Code   RO         2254    i.BSP_LCD_DrawBitmap  openx07v_c_lcd.o
    0x080003f8   0x080003f8   0x0000004c   Code   RO         2257    i.BSP_LCD_DrawHLine  openx07v_c_lcd.o
    0x08000444   0x08000444   0x0000000c   Code   RO         2269    i.BSP_LCD_GetXSize  openx07v_c_lcd.o
    0x08000450   0x08000450   0x0000000c   Code   RO         2270    i.BSP_LCD_GetYSize  openx07v_c_lcd.o
    0x0800045c   0x0800045c   0x00000050   Code   RO         2271    i.BSP_LCD_Init      openx07v_c_lcd.o
    0x080004ac   0x080004ac   0x0000000c   Code   RO         2274    i.BSP_LCD_SetFont   openx07v_c_lcd.o
    0x080004b8   0x080004b8   0x0000000c   Code   RO         2275    i.BSP_LCD_SetTextColor  openx07v_c_lcd.o
    0x080004c4   0x080004c4   0x00000002   Code   RO         2662    i.BusFault_Handler  stm32f4xx_it.o
    0x080004c6   0x080004c6   0x00000018   Code   RO         1446    i.DCMI_DMAError     stm32f4xx_hal_dcmi.o
    0x080004de   0x080004de   0x00000082   Code   RO         1447    i.DCMI_DMAXferCplt  stm32f4xx_hal_dcmi.o
    0x08000560   0x08000560   0x0000000c   Code   RO         2663    i.DCMI_IRQHandler   stm32f4xx_it.o
    0x0800056c   0x0800056c   0x0000000c   Code   RO         2664    i.DMA2_Stream1_IRQHandler  stm32f4xx_it.o
    0x08000578   0x08000578   0x0000000c   Code   RO         2665    i.DMA2_Stream2_IRQHandler  stm32f4xx_it.o
    0x08000584   0x08000584   0x0000000c   Code   RO         2666    i.DMA2_Stream7_IRQHandler  stm32f4xx_it.o
    0x08000590   0x08000590   0x00000028   Code   RO         1582    i.DMA_CalcBaseAndBitshift  stm32f4xx_hal_dma.o
    0x080005b8   0x080005b8   0x00000054   Code   RO         1583    i.DMA_CheckFifoParam  stm32f4xx_hal_dma.o
    0x0800060c   0x0800060c   0x0000001e   Code   RO          964    i.DMA_MultiBufferSetConfig  stm32f4xx_hal_dma_ex.o
    0x0800062a   0x0800062a   0x00000028   Code   RO         1584    i.DMA_SetConfig     stm32f4xx_hal_dma.o
    0x08000652   0x08000652   0x00000002   Code   RO         2667    i.DebugMon_Handler  stm32f4xx_it.o
    0x08000654   0x08000654   0x00000040   Code   RO         1696    i.FSMC_NORSRAM_Extended_Timing_Init  stm32f4xx_ll_fsmc.o
    0x08000694   0x08000694   0x00000054   Code   RO         1697    i.FSMC_NORSRAM_Init  stm32f4xx_ll_fsmc.o
    0x080006e8   0x080006e8   0x00000044   Code   RO         1698    i.FSMC_NORSRAM_Timing_Init  stm32f4xx_ll_fsmc.o
    0x0800072c   0x0800072c   0x00000002   Code   RO         1452    i.HAL_DCMI_ErrorCallback  stm32f4xx_hal_dcmi.o
    0x0800072e   0x0800072e   0x00000002   PAD
    0x08000730   0x08000730   0x00000028   Code   RO         1934    i.HAL_DCMI_FrameEventCallback  ov5640.o
    0x08000758   0x08000758   0x00000098   Code   RO         1456    i.HAL_DCMI_IRQHandler  stm32f4xx_hal_dcmi.o
    0x080007f0   0x080007f0   0x0000007c   Code   RO          304    i.HAL_DCMI_Init     stm32f4xx_hal_dcmi_ex.o
    0x0800086c   0x0800086c   0x00000002   Code   RO         1458    i.HAL_DCMI_LineEventCallback  stm32f4xx_hal_dcmi.o
    0x0800086e   0x0800086e   0x00000002   PAD
    0x08000870   0x08000870   0x000000f8   Code   RO         2543    i.HAL_DCMI_MspInit  dcmi.o
    0x08000968   0x08000968   0x000000b8   Code   RO         1462    i.HAL_DCMI_Start_DMA  stm32f4xx_hal_dcmi.o
    0x08000a20   0x08000a20   0x00000070   Code   RO         1463    i.HAL_DCMI_Stop     stm32f4xx_hal_dcmi.o
    0x08000a90   0x08000a90   0x00000002   Code   RO         1465    i.HAL_DCMI_VsyncEventCallback  stm32f4xx_hal_dcmi.o
    0x08000a92   0x08000a92   0x0000000e   Code   RO          965    i.HAL_DMAEx_ChangeMemory  stm32f4xx_hal_dma_ex.o
    0x08000aa0   0x08000aa0   0x00000980   Code   RO          967    i.HAL_DMAEx_MultiBufferStart_IT  stm32f4xx_hal_dma_ex.o
    0x08001420   0x08001420   0x0000008e   Code   RO         1585    i.HAL_DMA_Abort     stm32f4xx_hal_dma.o
    0x080014ae   0x080014ae   0x00000024   Code   RO         1586    i.HAL_DMA_Abort_IT  stm32f4xx_hal_dma.o
    0x080014d2   0x080014d2   0x00000056   Code   RO         1587    i.HAL_DMA_DeInit    stm32f4xx_hal_dma.o
    0x08001528   0x08001528   0x000001a0   Code   RO         1590    i.HAL_DMA_IRQHandler  stm32f4xx_hal_dma.o
    0x080016c8   0x080016c8   0x000000d4   Code   RO         1591    i.HAL_DMA_Init      stm32f4xx_hal_dma.o
    0x0800179c   0x0800179c   0x00000078   Code   RO         1595    i.HAL_DMA_Start_IT  stm32f4xx_hal_dma.o
    0x08001814   0x08001814   0x0000001c   Code   RO          154    i.HAL_Delay         stm32f4xx_hal.o
    0x08001830   0x08001830   0x0000006c   Code   RO         2768    i.HAL_FSMC_MspInit  fsmc.o
    0x0800189c   0x0800189c   0x000001b0   Code   RO         1008    i.HAL_GPIO_Init     stm32f4xx_hal_gpio.o
    0x08001a4c   0x08001a4c   0x0000000a   Code   RO         1010    i.HAL_GPIO_ReadPin  stm32f4xx_hal_gpio.o
    0x08001a56   0x08001a56   0x0000000a   Code   RO         1012    i.HAL_GPIO_WritePin  stm32f4xx_hal_gpio.o
    0x08001a60   0x08001a60   0x0000000c   Code   RO          160    i.HAL_GetTick       stm32f4xx_hal.o
    0x08001a6c   0x08001a6c   0x00000010   Code   RO          162    i.HAL_IncTick       stm32f4xx_hal.o
    0x08001a7c   0x08001a7c   0x00000034   Code   RO          163    i.HAL_Init          stm32f4xx_hal.o
    0x08001ab0   0x08001ab0   0x00000028   Code   RO          164    i.HAL_InitTick      stm32f4xx_hal.o
    0x08001ad8   0x08001ad8   0x00000058   Code   RO         2864    i.HAL_MspInit       stm32f4xx_hal_msp.o
    0x08001b30   0x08001b30   0x00000016   Code   RO         1076    i.HAL_NVIC_EnableIRQ  stm32f4xx_hal_cortex.o
    0x08001b46   0x08001b46   0x00000002   PAD
    0x08001b48   0x08001b48   0x00000040   Code   RO         1082    i.HAL_NVIC_SetPriority  stm32f4xx_hal_cortex.o
    0x08001b88   0x08001b88   0x00000024   Code   RO         1083    i.HAL_NVIC_SetPriorityGrouping  stm32f4xx_hal_cortex.o
    0x08001bac   0x08001bac   0x00000130   Code   RO         1207    i.HAL_RCC_ClockConfig  stm32f4xx_hal_rcc.o
    0x08001cdc   0x08001cdc   0x0000000c   Code   RO         1212    i.HAL_RCC_GetHCLKFreq  stm32f4xx_hal_rcc.o
    0x08001ce8   0x08001ce8   0x00000020   Code   RO         1214    i.HAL_RCC_GetPCLK1Freq  stm32f4xx_hal_rcc.o
    0x08001d08   0x08001d08   0x00000020   Code   RO         1215    i.HAL_RCC_GetPCLK2Freq  stm32f4xx_hal_rcc.o
    0x08001d28   0x08001d28   0x00000060   Code   RO         1216    i.HAL_RCC_GetSysClockFreq  stm32f4xx_hal_rcc.o
    0x08001d88   0x08001d88   0x0000008c   Code   RO         1217    i.HAL_RCC_MCOConfig  stm32f4xx_hal_rcc.o
    0x08001e14   0x08001e14   0x000002f0   Code   RO         1219    i.HAL_RCC_OscConfig  stm32f4xx_hal_rcc.o
    0x08002104   0x08002104   0x00000056   Code   RO         1818    i.HAL_SRAM_Init     stm32f4xx_hal_sram.o
    0x0800215a   0x0800215a   0x00000004   Code   RO         2770    i.HAL_SRAM_MspInit  fsmc.o
    0x0800215e   0x0800215e   0x00000018   Code   RO         1085    i.HAL_SYSTICK_CLKSourceConfig  stm32f4xx_hal_cortex.o
    0x08002176   0x08002176   0x00000002   Code   RO         1086    i.HAL_SYSTICK_Callback  stm32f4xx_hal_cortex.o
    0x08002178   0x08002178   0x00000028   Code   RO         1087    i.HAL_SYSTICK_Config  stm32f4xx_hal_cortex.o
    0x080021a0   0x080021a0   0x00000008   Code   RO         1088    i.HAL_SYSTICK_IRQHandler  stm32f4xx_hal_cortex.o
    0x080021a8   0x080021a8   0x00000002   Code   RO          523    i.HAL_UART_ErrorCallback  stm32f4xx_hal_uart.o
    0x080021aa   0x080021aa   0x00000002   PAD
    0x080021ac   0x080021ac   0x00000110   Code   RO          526    i.HAL_UART_IRQHandler  stm32f4xx_hal_uart.o
    0x080022bc   0x080022bc   0x00000062   Code   RO          527    i.HAL_UART_Init     stm32f4xx_hal_uart.o
    0x0800231e   0x0800231e   0x00000002   PAD
    0x08002320   0x08002320   0x000000f0   Code   RO         2817    i.HAL_UART_MspInit  usart.o
    0x08002410   0x08002410   0x00000002   Code   RO          533    i.HAL_UART_RxCpltCallback  stm32f4xx_hal_uart.o
    0x08002412   0x08002412   0x000000ba   Code   RO          535    i.HAL_UART_Transmit  stm32f4xx_hal_uart.o
    0x080024cc   0x080024cc   0x00000002   Code   RO          538    i.HAL_UART_TxCpltCallback  stm32f4xx_hal_uart.o
    0x080024ce   0x080024ce   0x00000002   Code   RO         2668    i.HardFault_Handler  stm32f4xx_it.o
    0x080024d0   0x080024d0   0x000000e0   Code   RO         2276    i.LCD_DrawChar      openx07v_c_lcd.o
    0x080025b0   0x080025b0   0x00000014   Code   RO         2277    i.LCD_DrawPixel     openx07v_c_lcd.o
    0x080025c4   0x080025c4   0x00000018   Code   RO         2104    i.LCD_IO_WriteMultipleData  ili9325.o
    0x080025dc   0x080025dc   0x00000008   Code   RO         2105    i.LCD_IO_WriteReg   ili9325.o
    0x080025e4   0x080025e4   0x0000001c   Code   RO         2278    i.LCD_SetDisplayWindow  openx07v_c_lcd.o
    0x08002600   0x08002600   0x0000004c   Code   RO         2544    i.MX_DCMI_Init      dcmi.o
    0x0800264c   0x0800264c   0x0000004c   Code   RO         2590    i.MX_DMA_Init       dma.o
    0x08002698   0x08002698   0x0000008c   Code   RO         2771    i.MX_FSMC_Init      fsmc.o
    0x08002724   0x08002724   0x000000f8   Code   RO         2888    i.MX_GPIO_Init      gpio.o
    0x0800281c   0x0800281c   0x0000004c   Code   RO         2818    i.MX_USART1_UART_Init  usart.o
    0x08002868   0x08002868   0x00000002   Code   RO         2669    i.MemManage_Handler  stm32f4xx_it.o
    0x0800286a   0x0800286a   0x00000002   Code   RO         2670    i.NMI_Handler       stm32f4xx_it.o
    0x0800286c   0x0800286c   0x00000020   Code   RO         1089    i.NVIC_SetPriority  stm32f4xx_hal_cortex.o
    0x0800288c   0x0800288c   0x00000050   Code   RO         1936    i.OV5640_Brightness  ov5640.o
    0x080028dc   0x080028dc   0x0000007c   Code   RO         1937    i.OV5640_Color_Saturation  ov5640.o
    0x08002958   0x08002958   0x00000068   Code   RO         1938    i.OV5640_Contrast   ov5640.o
    0x080029c0   0x080029c0   0x00000090   Code   RO         1942    i.OV5640_Init       ov5640.o
    0x08002a50   0x08002a50   0x00000024   Code   RO         1943    i.OV5640_JPEG_Mode  ov5640.o
    0x08002a74   0x08002a74   0x00000044   Code   RO         1944    i.OV5640_Light_Mode  ov5640.o
    0x08002ab8   0x08002ab8   0x0000007e   Code   RO         1945    i.OV5640_OutSize_Set  ov5640.o
    0x08002b36   0x08002b36   0x0000003a   Code   RO         1946    i.OV5640_RD_Reg     ov5640.o
    0x08002b70   0x08002b70   0x00000024   Code   RO         1947    i.OV5640_RGB565_Mode  ov5640.o
    0x08002b94   0x08002b94   0x00000072   Code   RO         1948    i.OV5640_Sharpness  ov5640.o
    0x08002c06   0x08002c06   0x0000003c   Code   RO         1950    i.OV5640_WR_Reg     ov5640.o
    0x08002c42   0x08002c42   0x00000002   Code   RO         2671    i.PendSV_Handler    stm32f4xx_it.o
    0x08002c44   0x08002c44   0x00000048   Code   RO         2484    i.SCCB_No_Ack       sccb.o
    0x08002c8c   0x08002c8c   0x00000050   Code   RO         2485    i.SCCB_RD_Byte      sccb.o
    0x08002cdc   0x08002cdc   0x00000040   Code   RO         2486    i.SCCB_Start        sccb.o
    0x08002d1c   0x08002d1c   0x0000003c   Code   RO         2487    i.SCCB_Stop         sccb.o
    0x08002d58   0x08002d58   0x00000080   Code   RO         2488    i.SCCB_WR_Byte      sccb.o
    0x08002dd8   0x08002dd8   0x00000002   Code   RO         2672    i.SVC_Handler       stm32f4xx_it.o
    0x08002dda   0x08002dda   0x0000000e   Code   RO         2673    i.SysTick_Handler   stm32f4xx_it.o
    0x08002de8   0x08002de8   0x000000a8   Code   RO         2614    i.SystemClock_Config  main.o
    0x08002e90   0x08002e90   0x00000054   Code   RO            5    i.SystemInit        system_stm32f4xx.o
    0x08002ee4   0x08002ee4   0x00000010   Code   RO          540    i.UART_DMAAbortOnError  stm32f4xx_hal_uart.o
    0x08002ef4   0x08002ef4   0x0000001c   Code   RO          550    i.UART_EndRxTransfer  stm32f4xx_hal_uart.o
    0x08002f10   0x08002f10   0x0000008c   Code   RO          552    i.UART_Receive_IT   stm32f4xx_hal_uart.o
    0x08002f9c   0x08002f9c   0x000002ac   Code   RO          553    i.UART_SetConfig    stm32f4xx_hal_uart.o
    0x08003248   0x08003248   0x00000062   Code   RO          554    i.UART_Transmit_IT  stm32f4xx_hal_uart.o
    0x080032aa   0x080032aa   0x00000064   Code   RO          555    i.UART_WaitOnFlagUntilTimeout  stm32f4xx_hal_uart.o
    0x0800330e   0x0800330e   0x00000002   PAD
    0x08003310   0x08003310   0x0000000c   Code   RO         2674    i.USART1_IRQHandler  stm32f4xx_it.o
    0x0800331c   0x0800331c   0x00000002   Code   RO         2675    i.UsageFault_Handler  stm32f4xx_it.o
    0x0800331e   0x0800331e   0x00000002   Code   RO         2615    i._Error_Handler    main.o
    0x08003320   0x08003320   0x00000020   Code   RO         2959    i.__0printf$1       mc_w.l(printf1.o)
    0x08003340   0x08003340   0x0000000e   Code   RO         3217    i.__scatterload_copy  mc_w.l(handlers.o)
    0x0800334e   0x0800334e   0x00000002   Code   RO         3218    i.__scatterload_null  mc_w.l(handlers.o)
    0x08003350   0x08003350   0x0000000e   Code   RO         3219    i.__scatterload_zeroinit  mc_w.l(handlers.o)
    0x0800335e   0x0800335e   0x00000002   PAD
    0x08003360   0x08003360   0x00000154   Code   RO         2966    i._printf_core      mc_w.l(printf1.o)
    0x080034b4   0x080034b4   0x0000000c   Code   RO         2489    i.delay_6us         sccb.o
    0x080034c0   0x080034c0   0x00000018   Code   RO         2819    i.fputc             usart.o
    0x080034d8   0x080034d8   0x00000028   Code   RO         2106    i.ili9325_Clear     ili9325.o
    0x08003500   0x08003500   0x00000036   Code   RO         2107    i.ili9325_DisplayOff  ili9325.o
    0x08003536   0x08003536   0x00000060   Code   RO         2108    i.ili9325_DisplayOn  ili9325.o
    0x08003596   0x08003596   0x0000004c   Code   RO         2109    i.ili9325_DrawBitmap  ili9325.o
    0x080035e2   0x080035e2   0x00000002   PAD
    0x080035e4   0x080035e4   0x0000003c   Code   RO         2110    i.ili9325_DrawHLine  ili9325.o
    0x08003620   0x08003620   0x00000020   Code   RO         2111    i.ili9325_DrawRGBImage  ili9325.o
    0x08003640   0x08003640   0x00000054   Code   RO         2112    i.ili9325_DrawVLine  ili9325.o
    0x08003694   0x08003694   0x00000004   Code   RO         2113    i.ili9325_GetLcdPixelHeight  ili9325.o
    0x08003698   0x08003698   0x00000006   Code   RO         2114    i.ili9325_GetLcdPixelWidth  ili9325.o
    0x0800369e   0x0800369e   0x000001e8   Code   RO         2115    i.ili9325_Init      ili9325.o
    0x08003886   0x08003886   0x00000006   Code   RO         2116    i.ili9325_ReadID    ili9325.o
    0x0800388c   0x0800388c   0x0000001c   Code   RO         2117    i.ili9325_ReadPixel  ili9325.o
    0x080038a8   0x080038a8   0x00000010   Code   RO         2118    i.ili9325_ReadReg   ili9325.o
    0x080038b8   0x080038b8   0x0000001c   Code   RO         2119    i.ili9325_SetCursor  ili9325.o
    0x080038d4   0x080038d4   0x0000003a   Code   RO         2120    i.ili9325_SetDisplayWindow  ili9325.o
    0x0800390e   0x0800390e   0x00000018   Code   RO         2121    i.ili9325_WritePixel  ili9325.o
    0x08003926   0x08003926   0x00000012   Code   RO         2122    i.ili9325_WriteReg  ili9325.o
    0x08003938   0x08003938   0x00000090   Code   RO         1951    i.jpeg_dcmi_frame_callback  ov5640.o
    0x080039c8   0x080039c8   0x000000d4   Code   RO         1952    i.jpeg_test         ov5640.o
    0x08003a9c   0x08003a9c   0x0000026c   Code   RO         2616    i.main              main.o
    0x08003d08   0x08003d08   0x000000cc   Code   RO         1953    i.rgb565_test       ov5640.o
    0x08003dd4   0x08003dd4   0x00000010   Data   RO            6    .constdata          system_stm32f4xx.o
    0x08003de4   0x08003de4   0x00000008   Data   RO            7    .constdata          system_stm32f4xx.o
    0x08003dec   0x08003dec   0x00000008   Data   RO         1597    .constdata          stm32f4xx_hal_dma.o
    0x08003df4   0x08003df4   0x00001532   Data   RO         1955    .constdata          ov5640.o
    0x08005326   0x08005326   0x00001ab8   Data   RO         2280    .constdata          openx07v_c_lcd.o
    0x08006dde   0x08006dde   0x00000be0   Data   RO         2282    .constdata          openx07v_c_lcd.o
    0x080079be   0x080079be   0x00000002   PAD
    0x080079c0   0x080079c0   0x00000020   Data   RO         3215    Region$$Table       anon$$obj.o


    Execution Region RW_IRAM1 (Exec base: 0x20000000, Load base: 0x080079e0, Size: 0x0001ec50, Max: 0x00020000, ABSOLUTE)

    Exec Addr    Load Addr    Size         Type   Attr      Idx    E Section Name        Object

    0x20000000   0x080079e0   0x00000004   Data   RW            8    .data               system_stm32f4xx.o
    0x20000004   0x080079e4   0x00000004   Data   RW          169    .data               stm32f4xx_hal.o
    0x20000008   0x080079e8   0x00000001   Data   RW         1956    .data               ov5640.o
    0x20000009   0x080079e9   0x00000003   PAD
    0x2000000c   0x080079ec   0x0000003c   Data   RW         2124    .data               ili9325.o
    0x20000048   0x08007a28   0x0000000c   Data   RW         2285    .data               openx07v_c_lcd.o
    0x20000054   0x08007a34   0x00000008   Data   RW         2287    .data               openx07v_c_lcd.o
    0x2000005c   0x08007a3c   0x00000008   Data   RW         2773    .data               fsmc.o
    0x20000064   0x08007a44   0x00000004   Data   RW         3191    .data               mc_w.l(stdout.o)
    0x20000068        -       0x0001e000   Zero   RW         1954    .bss                ov5640.o
    0x2001e068        -       0x00000280   Zero   RW         2123    .bss                ili9325.o
    0x2001e2e8        -       0x00000374   Zero   RW         2279    .bss                openx07v_c_lcd.o
    0x2001e65c        -       0x000000a0   Zero   RW         2545    .bss                dcmi.o
    0x2001e6fc        -       0x00000050   Zero   RW         2772    .bss                fsmc.o
    0x2001e74c        -       0x00000100   Zero   RW         2820    .bss                usart.o
    0x2001e84c   0x08007a48   0x00000004   PAD
    0x2001e850        -       0x00000400   Zero   RW          137    STACK               startup_stm32f407xx.o


==============================================================================

Image component sizes


      Code (inc. data)   RO Data    RW Data    ZI Data      Debug   Object Name

       324         74          0          0        160       2080   dcmi.o
        76          4          0          0          0        926   dma.o
       252         44          0          8         80       2607   fsmc.o
       248         14          0          0          0       1207   gpio.o
      1150         30          0         60        640      14052   ili9325.o
       790        294          0          0          0       2697   main.o
       800         84       9880         20        884      15035   openx07v_c_lcd.o
      1550        178       5426          1     122880      13530   ov5640.o
       416         22          0          0          0       4512   sccb.o
        36          8        392          0       1024        868   startup_stm32f407xx.o
       148         22          0          4          0       4943   stm32f4xx_hal.o
       228         14          0          0          0      32845   stm32f4xx_hal_cortex.o
       608         18          0          0          0       6635   stm32f4xx_hal_dcmi.o
       124          0          0          0          0       1268   stm32f4xx_hal_dcmi_ex.o
      1176         16          8          0          0       8871   stm32f4xx_hal_dma.o
      2476         18          0          0          0       3709   stm32f4xx_hal_dma_ex.o
       452         44          0          0          0       3403   stm32f4xx_hal_gpio.o
        88          0          0          0          0        602   stm32f4xx_hal_msp.o
      1368         92          0          0          0       7092   stm32f4xx_hal_rcc.o
        86          0          0          0          0       1368   stm32f4xx_hal_sram.o
      1628         14          0          0          0      10559   stm32f4xx_hal_uart.o
        90         30          0          0          0       7558   stm32f4xx_it.o
       216         12          0          0          0       3023   stm32f4xx_ll_fsmc.o
        84         18         24          4          0     671103   system_stm32f4xx.o
       340         66          0          0        256       2812   usart.o

    ----------------------------------------------------------------------
     14768       1116      15764        100     125928     823305   Object Totals
         0          0         32          0          0          0   (incl. Generated)
        14          0          2          3          4          0   (incl. Padding)

    ----------------------------------------------------------------------

      Code (inc. data)   RO Data    RW Data    ZI Data      Debug   Library Member Name

         0          0          0          0          0          0   entry.o
         0          0          0          0          0          0   entry10a.o
         0          0          0          0          0          0   entry11a.o
         4          0          0          0          0          0   entry12b.o
         8          4          0          0          0          0   entry2.o
         4          0          0          0          0          0   entry5.o
         0          0          0          0          0          0   entry7b.o
         0          0          0          0          0          0   entry8b.o
         8          4          0          0          0          0   entry9a.o
        30          0          0          0          0          0   handlers.o
        36          8          0          0          0         68   init.o
        30          0          0          0          0         68   llshl.o
        32          0          0          0          0         68   llushr.o
       372         14          0          0          0        184   printf1.o
         0          0          0          4          0          0   stdout.o
        44          0          0          0          0         80   uidiv.o
        98          0          0          0          0         92   uldiv.o

    ----------------------------------------------------------------------
       668         30          0          4          0        560   Library Totals
         2          0          0          0          0          0   (incl. Padding)

    ----------------------------------------------------------------------

      Code (inc. data)   RO Data    RW Data    ZI Data      Debug   Library Name

       666         30          0          4          0        560   mc_w.l

    ----------------------------------------------------------------------
       668         30          0          4          0        560   Library Totals

    ----------------------------------------------------------------------

==============================================================================


      Code (inc. data)   RO Data    RW Data    ZI Data      Debug   

     15436       1146      15764        104     125928     810461   Grand Totals
     15436       1146      15764        104     125928     810461   ELF Image Totals
     15436       1146      15764        104          0          0   ROM Totals

==============================================================================

    Total RO  Size (Code + RO Data)                31200 (  30.47kB)
    Total RW  Size (RW Data + ZI Data)            126032 ( 123.08kB)
    Total ROM Size (Code + RO Data + RW Data)      31304 (  30.57kB)

==============================================================================

