Component: ARM Compiler 5.06 update 7 (build 960) Tool: armlink [4d3601]

==============================================================================

Section Cross References

    main.o(.text) refers to delay.o(.text) for delay_init
    main.o(.text) refers to usart.o(.text) for uart_init
    main.o(.text) refers to lcd.o(.text) for LCD_Init
    main.o(.text) refers to test.o(.text) for main_test
    system_stm32f4xx.o(.text) refers to system_stm32f4xx.o(.data) for SystemCoreClock
    gui.o(.text) refers to lcd.o(.text) for LCD_Address_Set
    gui.o(.text) refers to strlen.o(.text) for strlen
    gui.o(.text) refers to lcd.o(.data) for lcddev
    test.o(.text) refers to lcd.o(.text) for LCD_Fill
    test.o(.text) refers to gui.o(.text) for Gui_StrCenter
    test.o(.text) refers to delay.o(.text) for delay_ms
    test.o(.text) refers to lcd.o(.data) for lcddev
    test.o(.text) refers to test.o(.data) for ColorTab
    test.o(.text) refers to touch.o(.text) for TP_Init
    test.o(.text) refers to test.o(.constdata) for gImage_1
    test.o(.text) refers to touch.o(.data) for tp_dev
    lcd.o(.text) refers to lcd.o(.data) for lcddev
    lcd.o(.text) refers to lcd.o(.constdata) for tfont32
    lcd.o(.text) refers to stm32f4xx_rcc.o(.text) for RCC_AHB1PeriphClockCmd
    lcd.o(.text) refers to stm32f4xx_gpio.o(.text) for GPIO_Init
    lcd.o(.text) refers to stm32f4xx_fsmc.o(.text) for FSMC_NORSRAMInit
    lcd.o(.text) refers to delay.o(.text) for delay_ms
    myiic.o(.text) refers to stm32f4xx_rcc.o(.text) for RCC_AHB1PeriphClockCmd
    myiic.o(.text) refers to stm32f4xx_gpio.o(.text) for GPIO_Init
    myiic.o(.text) refers to delay.o(.text) for delay_us
    24cxx.o(.text) refers to myiic.o(.text) for IIC_Init
    24cxx.o(.text) refers to delay.o(.text) for delay_ms
    touch.o(.text) refers to delay.o(.text) for delay_us
    touch.o(.text) refers to lcd.o(.text) for LCD_DrawLine
    touch.o(.text) refers to touch.o(.data) for CMD_RDX
    touch.o(.text) refers to 24cxx.o(.text) for AT24CXX_Write
    touch.o(.text) refers to dflt_clz.o(x$fpl$dfltu) for __aeabi_ui2d
    touch.o(.text) refers to sqrt.o(i.__hardfp_sqrt) for __hardfp_sqrt
    touch.o(.text) refers to dfixu.o(x$fpl$dfixu) for __aeabi_d2uiz
    touch.o(.text) refers to f2d.o(x$fpl$f2d) for __aeabi_f2d
    touch.o(.text) refers to dleqf.o(x$fpl$dleqf) for __aeabi_cdcmple
    touch.o(.text) refers to drleqf.o(x$fpl$drleqf) for __aeabi_cdrcmple
    touch.o(.text) refers to lcd.o(.data) for lcddev
    touch.o(.text) refers to stm32f4xx_rcc.o(.text) for RCC_AHB1PeriphClockCmd
    touch.o(.text) refers to stm32f4xx_gpio.o(.text) for GPIO_Init
    touch.o(.data) refers to touch.o(.text) for TP_Init
    delay.o(.text) refers to misc.o(.text) for SysTick_CLKSourceConfig
    delay.o(.text) refers to delay.o(.data) for fac_us
    usart.o(.rev16_text) refers (Special) to use_no_semi_2.o(.text) for __use_no_semihosting
    usart.o(.revsh_text) refers (Special) to use_no_semi_2.o(.text) for __use_no_semihosting
    usart.o(.text) refers (Special) to use_no_semi_2.o(.text) for __use_no_semihosting
    usart.o(.text) refers to stm32f4xx_rcc.o(.text) for RCC_AHB1PeriphClockCmd
    usart.o(.text) refers to stm32f4xx_gpio.o(.text) for GPIO_PinAFConfig
    usart.o(.text) refers to stm32f4xx_usart.o(.text) for USART_Init
    usart.o(.text) refers to misc.o(.text) for NVIC_Init
    usart.o(.text) refers to usart.o(.data) for USART_RX_STA
    usart.o(.text) refers to usart.o(.bss) for USART_RX_BUF
    usart.o(.bss) refers (Special) to use_no_semi_2.o(.text) for __use_no_semihosting
    usart.o(.data) refers (Special) to use_no_semi_2.o(.text) for __use_no_semihosting
    startup_stm32f40_41xxx.o(STACK) refers (Special) to heapauxi.o(.text) for __use_two_region_memory
    startup_stm32f40_41xxx.o(HEAP) refers (Special) to heapauxi.o(.text) for __use_two_region_memory
    startup_stm32f40_41xxx.o(RESET) refers (Special) to heapauxi.o(.text) for __use_two_region_memory
    startup_stm32f40_41xxx.o(RESET) refers to startup_stm32f40_41xxx.o(STACK) for __initial_sp
    startup_stm32f40_41xxx.o(RESET) refers to startup_stm32f40_41xxx.o(.text) for Reset_Handler
    startup_stm32f40_41xxx.o(RESET) refers to stm32f4xx_it.o(.text) for NMI_Handler
    startup_stm32f40_41xxx.o(RESET) refers to usart.o(.text) for USART1_IRQHandler
    startup_stm32f40_41xxx.o(.text) refers (Special) to heapauxi.o(.text) for __use_two_region_memory
    startup_stm32f40_41xxx.o(.text) refers to system_stm32f4xx.o(.text) for SystemInit
    startup_stm32f40_41xxx.o(.text) refers to __main.o(!!!main) for __main
    startup_stm32f40_41xxx.o(.text) refers to startup_stm32f40_41xxx.o(HEAP) for Heap_Mem
    startup_stm32f40_41xxx.o(.text) refers to startup_stm32f40_41xxx.o(STACK) for Stack_Mem
    stm32f4xx_gpio.o(.text) refers to stm32f4xx_rcc.o(.text) for RCC_AHB1PeriphResetCmd
[...]
    libinit.o(.ARM.Collect$$libinit$$00000000) refers (Special) to libinit2.o(.ARM.Collect$$libinit$$0000001D) for __rt_lib_init_signal_1
    libinit.o(.ARM.Collect$$libinit$$00000000) refers (Special) to libinit2.o(.ARM.Collect$$libinit$$00000025) for __rt_lib_init_stdio_1
    libinit.o(.ARM.Collect$$libinit$$00000000) refers (Special) to libinit2.o(.ARM.Collect$$libinit$$0000000C) for __rt_lib_init_user_alloc_1
    rtexit.o(.ARM.Collect$$rtexit$$00000000) refers (Special) to rtexit2.o(.ARM.Collect$$rtexit$$00000004) for __rt_exit_exit
    rtexit.o(.ARM.Collect$$rtexit$$00000000) refers (Special) to rtexit2.o(.ARM.Collect$$rtexit$$00000003) for __rt_exit_ls
    rtexit.o(.ARM.Collect$$rtexit$$00000000) refers (Special) to rtexit2.o(.ARM.Collect$$rtexit$$00000002) for __rt_exit_prels_1
    rtexit.o(.ARM.exidx) refers (Special) to rtexit2.o(.ARM.Collect$$rtexit$$00000004) for __rt_exit_exit
    rtexit.o(.ARM.exidx) refers (Special) to rtexit2.o(.ARM.Collect$$rtexit$$00000003) for __rt_exit_ls
    rtexit.o(.ARM.exidx) refers (Special) to rtexit2.o(.ARM.Collect$$rtexit$$00000002) for __rt_exit_prels_1
    rtexit.o(.ARM.exidx) refers to rtexit.o(.ARM.Collect$$rtexit$$00000000) for .ARM.Collect$$rtexit$$00000000
    libinit2.o(.ARM.Collect$$libinit$$00000001) refers to fpinit.o(x$fpl$fpinit) for _fp_init
    libinit2.o(.ARM.Collect$$libinit$$00000010) refers to libinit2.o(.ARM.Collect$$libinit$$0000000F) for .ARM.Collect$$libinit$$0000000F
    libinit2.o(.ARM.Collect$$libinit$$00000012) refers to libinit2.o(.ARM.Collect$$libinit$$0000000F) for .ARM.Collect$$libinit$$0000000F
    libinit2.o(.ARM.Collect$$libinit$$00000014) refers to libinit2.o(.ARM.Collect$$libinit$$0000000F) for .ARM.Collect$$libinit$$0000000F
    libinit2.o(.ARM.Collect$$libinit$$00000016) refers to libinit2.o(.ARM.Collect$$libinit$$0000000F) for .ARM.Collect$$libinit$$0000000F
    libinit2.o(.ARM.Collect$$libinit$$00000018) refers to libinit2.o(.ARM.Collect$$libinit$$0000000F) for .ARM.Collect$$libinit$$0000000F
    libinit2.o(.ARM.Collect$$libinit$$00000026) refers to argv_veneer.o(.emb_text) for __ARM_argv_veneer
    libinit2.o(.ARM.Collect$$libinit$$00000027) refers to argv_veneer.o(.emb_text) for __ARM_argv_veneer
    rtexit2.o(.ARM.Collect$$rtexit$$00000003) refers to libshutdown.o(.ARM.Collect$$libshutdown$$00000000) for __rt_lib_shutdown
    rtexit2.o(.ARM.Collect$$rtexit$$00000004) refers to usart.o(.text) for _sys_exit
    rtexit2.o(.ARM.exidx) refers to rtexit2.o(.ARM.Collect$$rtexit$$00000001) for .ARM.Collect$$rtexit$$00000001
    rtexit2.o(.ARM.exidx) refers to rtexit2.o(.ARM.Collect$$rtexit$$00000003) for .ARM.Collect$$rtexit$$00000003
    rtexit2.o(.ARM.exidx) refers to rtexit2.o(.ARM.Collect$$rtexit$$00000004) for .ARM.Collect$$rtexit$$00000004
    argv_veneer.o(.emb_text) refers to no_argv.o(.text) for __ARM_get_argv
    _get_argv_nomalloc.o(.text) refers (Special) to hrguard.o(.text) for __heap_region$guard
    _get_argv_nomalloc.o(.text) refers to defsig_rtmem_outer.o(.text) for __rt_SIGRTMEM
    _get_argv_nomalloc.o(.text) refers to sys_command.o(.text) for _sys_command_string
    libshutdown.o(.ARM.Collect$$libshutdown$$00000000) refers (Special) to libshutdown2.o(.ARM.Collect$$libshutdown$$00000004) for __rt_lib_shutdown_cpp_1
    libshutdown.o(.ARM.Collect$$libshutdown$$00000000) refers (Special) to libshutdown2.o(.ARM.Collect$$libshutdown$$00000002) for __rt_lib_shutdown_fini_1
    libshutdown.o(.ARM.Collect$$libshutdown$$00000000) refers (Special) to libshutdown2.o(.ARM.Collect$$libshutdown$$00000009) for __rt_lib_shutdown_fp_trap_1
    libshutdown.o(.ARM.Collect$$libshutdown$$00000000) refers (Special) to libshutdown2.o(.ARM.Collect$$libshutdown$$00000011) for __rt_lib_shutdown_heap_1
    libshutdown.o(.ARM.Collect$$libshutdown$$00000000) refers (Special) to libshutdown2.o(.ARM.Collect$$libshutdown$$00000012) for __rt_lib_shutdown_return
    libshutdown.o(.ARM.Collect$$libshutdown$$00000000) refers (Special) to libshutdown2.o(.ARM.Collect$$libshutdown$$0000000C) for __rt_lib_shutdown_signal_1
    libshutdown.o(.ARM.Collect$$libshutdown$$00000000) refers (Special) to libshutdown2.o(.ARM.Collect$$libshutdown$$00000006) for __rt_lib_shutdown_stdio_1
    libshutdown.o(.ARM.Collect$$libshutdown$$00000000) refers (Special) to libshutdown2.o(.ARM.Collect$$libshutdown$$0000000E) for __rt_lib_shutdown_user_alloc_1
    sys_command.o(.text) refers (Special) to use_no_semi.o(.text) for __I$use$semihosting
    sys_command.o(.text) refers (Special) to indicate_semi.o(.text) for __semihosting_library_function
    defsig_rtmem_outer.o(.text) refers to defsig_rtmem_inner.o(.text) for __rt_SIGRTMEM_inner
    defsig_rtmem_outer.o(.text) refers to defsig_exit.o(.text) for __sig_exit
    defsig_rtmem_formal.o(.text) refers to rt_raise.o(.text) for __rt_raise
    rt_raise.o(.text) refers to __raise.o(.text) for __raise
    rt_raise.o(.text) refers to usart.o(.text) for _sys_exit
    defsig_exit.o(.text) refers to usart.o(.text) for _sys_exit
    defsig_rtmem_inner.o(.text) refers to defsig_general.o(.text) for __default_signal_display
    __raise.o(.text) refers to defsig.o(CL$$defsig) for __default_signal_handler
    defsig_general.o(.text) refers to sys_wrch.o(.text) for _ttywrch
    sys_wrch.o(.text) refers (Special) to use_no_semi.o(.text) for __I$use$semihosting
    sys_wrch.o(.text) refers (Special) to indicate_semi.o(.text) for __semihosting_library_function
    defsig.o(CL$$defsig) refers to defsig_rtmem_inner.o(.text) for __rt_SIGRTMEM_inner
    defsig_abrt_inner.o(.text) refers to defsig_general.o(.text) for __default_signal_display
    defsig_fpe_inner.o(.text) refers to defsig_general.o(.text) for __default_signal_display
    defsig_rtred_inner.o(.text) refers to defsig_general.o(.text) for __default_signal_display
    defsig_stak_inner.o(.text) refers to defsig_general.o(.text) for __default_signal_display
    defsig_pvfn_inner.o(.text) refers to defsig_general.o(.text) for __default_signal_display
    defsig_cppl_inner.o(.text) refers to defsig_general.o(.text) for __default_signal_display
    defsig_segv_inner.o(.text) refers to defsig_general.o(.text) for __default_signal_display
    defsig_other.o(.text) refers to defsig_general.o(.text) for __default_signal_display


==============================================================================

Removing Unused input sections from the image.

    Removing main.o(.rev16_text), (4 bytes).
    Removing main.o(.revsh_text), (4 bytes).
    Removing stm32f4xx_it.o(.rev16_text), (4 bytes).
    Removing stm32f4xx_it.o(.revsh_text), (4 bytes).
    Removing system_stm32f4xx.o(.rev16_text), (4 bytes).
    Removing system_stm32f4xx.o(.revsh_text), (4 bytes).
    Removing gui.o(.rev16_text), (4 bytes).
    Removing gui.o(.revsh_text), (4 bytes).
    Removing test.o(.rev16_text), (4 bytes).
    Removing test.o(.revsh_text), (4 bytes).
    Removing lcd.o(.rev16_text), (4 bytes).
    Removing lcd.o(.revsh_text), (4 bytes).
    Removing myiic.o(.rev16_text), (4 bytes).
    Removing myiic.o(.revsh_text), (4 bytes).
    Removing 24cxx.o(.rev16_text), (4 bytes).
    Removing 24cxx.o(.revsh_text), (4 bytes).
    Removing touch.o(.rev16_text), (4 bytes).
    Removing touch.o(.revsh_text), (4 bytes).
    Removing delay.o(.rev16_text), (4 bytes).
    Removing delay.o(.revsh_text), (4 bytes).
    Removing sys.o(.rev16_text), (4 bytes).
    Removing sys.o(.revsh_text), (4 bytes).
    Removing sys.o(.emb_text), (16 bytes).
    Removing usart.o(.rev16_text), (4 bytes).
    Removing usart.o(.revsh_text), (4 bytes).
    Removing misc.o(.rev16_text), (4 bytes).
    Removing misc.o(.revsh_text), (4 bytes).
    Removing stm32f4xx_gpio.o(.rev16_text), (4 bytes).
    Removing stm32f4xx_gpio.o(.revsh_text), (4 bytes).
    Removing stm32f4xx_rcc.o(.rev16_text), (4 bytes).
    Removing stm32f4xx_rcc.o(.revsh_text), (4 bytes).
    Removing stm32f4xx_usart.o(.rev16_text), (4 bytes).
    Removing stm32f4xx_usart.o(.revsh_text), (4 bytes).
    Removing stm32f4xx_syscfg.o(.rev16_text), (4 bytes).
    Removing stm32f4xx_syscfg.o(.revsh_text), (4 bytes).
    Removing stm32f4xx_syscfg.o(.text), (148 bytes).
    Removing stm32f4xx_fsmc.o(.rev16_text), (4 bytes).
    Removing stm32f4xx_fsmc.o(.revsh_text), (4 bytes).

38 unused section(s) (total 308 bytes) removed from the image.

==============================================================================

Image Symbol Table

    Local Symbols

    Symbol Name                              Value     Ov Type        Size  Object(Section)

    ../clib/angel/boardlib.s                 0x00000000   Number         0  boardshut.o ABSOLUTE
    ../clib/angel/boardlib.s                 0x00000000   Number         0  boardinit3.o ABSOLUTE
    ../clib/angel/boardlib.s                 0x00000000   Number         0  boardinit2.o ABSOLUTE
    ../clib/angel/boardlib.s                 0x00000000   Number         0  boardinit1.o ABSOLUTE
    ../clib/angel/handlers.s                 0x00000000   Number         0  __scatter_copy.o ABSOLUTE
    ../clib/angel/handlers.s                 0x00000000   Number         0  __scatter_zi.o ABSOLUTE
    ../clib/angel/kernel.s                   0x00000000   Number         0  rtexit2.o ABSOLUTE
    ../clib/angel/kernel.s                   0x00000000   Number         0  __rtentry4.o ABSOLUTE
    ../clib/angel/kernel.s                   0x00000000   Number         0  __rtentry.o ABSOLUTE
    ../clib/angel/kernel.s                   0x00000000   Number         0  __rtentry2.o ABSOLUTE
    ../clib/angel/kernel.s                   0x00000000   Number         0  rtexit.o ABSOLUTE
    ../clib/angel/rt.s                       0x00000000   Number         0  rt_raise.o ABSOLUTE
    ../clib/angel/rt.s                       0x00000000   Number         0  rt_errno_addr_intlibspace.o ABSOLUTE
    ../clib/angel/rt.s                       0x00000000   Number         0  rt_errno_addr.o ABSOLUTE
    ../clib/angel/scatter.s                  0x00000000   Number         0  __scatter.o ABSOLUTE
    ../clib/angel/startup.s                  0x00000000   Number         0  __main.o ABSOLUTE
    ../clib/angel/sys.s                      0x00000000   Number         0  use_no_semi.o ABSOLUTE
    ../clib/angel/sys.s                      0x00000000   Number         0  sys_stackheap_outer.o ABSOLUTE
    ../clib/angel/sys.s                      0x00000000   Number         0  libspace.o ABSOLUTE
    ../clib/angel/sys.s                      0x00000000   Number         0  indicate_semi.o ABSOLUTE
    ../clib/angel/sys.s                      0x00000000   Number         0  use_no_semi_2.o ABSOLUTE
    ../clib/angel/sysapp.c                   0x00000000   Number         0  sys_command.o ABSOLUTE
    ../clib/angel/sysapp.c                   0x00000000   Number         0  sys_wrch.o ABSOLUTE
    ../clib/armsys.c                         0x00000000   Number         0  argv_veneer.o ABSOLUTE
    ../clib/armsys.c                         0x00000000   Number         0  no_argv.o ABSOLUTE
    ../clib/armsys.c                         0x00000000   Number         0  _get_argv_nomalloc.o ABSOLUTE
    ../clib/armsys.c                         0x00000000   Number         0  argv_veneer.o ABSOLUTE
    ../clib/fenv.c                           0x00000000   Number         0  _rserrno.o ABSOLUTE
    ../clib/heapalloc.c                      0x00000000   Number         0  hrguard.o ABSOLUTE
    ../clib/heapaux.c                        0x00000000   Number         0  heapauxi.o ABSOLUTE
    ../clib/libinit.s                        0x00000000   Number         0  libinit.o ABSOLUTE
    ../clib/libinit.s                        0x00000000   Number         0  libshutdown.o ABSOLUTE
    ../clib/libinit.s                        0x00000000   Number         0  libshutdown2.o ABSOLUTE
    ../clib/libinit.s                        0x00000000   Number         0  libinit2.o ABSOLUTE
    ../clib/signal.c                         0x00000000   Number         0  defsig_segv_inner.o ABSOLUTE
    ../clib/signal.c                         0x00000000   Number         0  defsig_general.o ABSOLUTE
    ../clib/signal.c                         0x00000000   Number         0  defsig_cppl_inner.o ABSOLUTE
    ../clib/signal.c                         0x00000000   Number         0  defsig_pvfn_inner.o ABSOLUTE
    ../clib/signal.c                         0x00000000   Number         0  defsig_stak_inner.o ABSOLUTE
    ../clib/signal.c                         0x00000000   Number         0  defsig_rtred_inner.o ABSOLUTE
    ../clib/signal.c                         0x00000000   Number         0  __raise.o ABSOLUTE
    ../clib/signal.c                         0x00000000   Number         0  defsig_rtmem_inner.o ABSOLUTE
    ../clib/signal.c                         0x00000000   Number         0  defsig_fpe_inner.o ABSOLUTE
    ../clib/signal.c                         0x00000000   Number         0  defsig_other.o ABSOLUTE
    ../clib/signal.c                         0x00000000   Number         0  defsig_exit.o ABSOLUTE
    ../clib/signal.c                         0x00000000   Number         0  defsig_abrt_inner.o ABSOLUTE
    ../clib/signal.c                         0x00000000   Number         0  defsig_rtmem_outer.o ABSOLUTE
    ../clib/signal.c                         0x00000000   Number         0  defsig_rtmem_formal.o ABSOLUTE
    ../clib/signal.s                         0x00000000   Number         0  defsig.o ABSOLUTE
    ../clib/stdlib.c                         0x00000000   Number         0  exit.o ABSOLUTE
    ../clib/string.c                         0x00000000   Number         0  strlen.o ABSOLUTE
    ../fplib/dcmpi.s                         0x00000000   Number         0  dcmpi.o ABSOLUTE
    ../fplib/dfixu.s                         0x00000000   Number         0  dfixu.o ABSOLUTE
    ../fplib/dflt.s                          0x00000000   Number         0  dflt_clz.o ABSOLUTE
    ../fplib/dleqf.s                         0x00000000   Number         0  dleqf.o ABSOLUTE
    ../fplib/dnaninf.s                       0x00000000   Number         0  dnaninf.o ABSOLUTE
    ../fplib/dretinf.s                       0x00000000   Number         0  dretinf.o ABSOLUTE
    ../fplib/drleqf.s                        0x00000000   Number         0  drleqf.o ABSOLUTE
    ../fplib/dsqrt.s                         0x00000000   Number         0  dsqrt_umaal.o ABSOLUTE
    ../fplib/f2d.s                           0x00000000   Number         0  f2d.o ABSOLUTE
    ../fplib/fnaninf.s                       0x00000000   Number         0  fnaninf.o ABSOLUTE
    ../fplib/fpinit.s                        0x00000000   Number         0  fpinit.o ABSOLUTE
    ../fplib/usenofp.s                       0x00000000   Number         0  usenofp.o ABSOLUTE
    ../mathlib/sqrt.c                        0x00000000   Number         0  sqrt_x.o ABSOLUTE
    ../mathlib/sqrt.c                        0x00000000   Number         0  sqrt.o ABSOLUTE
    ..\CORE\startup_stm32f40_41xxx.s         0x00000000   Number         0  startup_stm32f40_41xxx.o ABSOLUTE
    ..\FWLIB\src\misc.c                      0x00000000   Number         0  misc.o ABSOLUTE
    ..\FWLIB\src\stm32f4xx_fsmc.c            0x00000000   Number         0  stm32f4xx_fsmc.o ABSOLUTE
    ..\FWLIB\src\stm32f4xx_gpio.c            0x00000000   Number         0  stm32f4xx_gpio.o ABSOLUTE
    ..\FWLIB\src\stm32f4xx_rcc.c             0x00000000   Number         0  stm32f4xx_rcc.o ABSOLUTE
    ..\FWLIB\src\stm32f4xx_syscfg.c          0x00000000   Number         0  stm32f4xx_syscfg.o ABSOLUTE
    ..\FWLIB\src\stm32f4xx_usart.c           0x00000000   Number         0  stm32f4xx_usart.o ABSOLUTE
    ..\HANDWARE\24CXX\24cxx.c                0x00000000   Number         0  24cxx.o ABSOLUTE
    ..\HANDWARE\IIC\myiic.c                  0x00000000   Number         0  myiic.o ABSOLUTE
    ..\HANDWARE\LCD\lcd.c                    0x00000000   Number         0  lcd.o ABSOLUTE
    ..\HANDWARE\TOUCH\touch.c                0x00000000   Number         0  touch.o ABSOLUTE
    ..\SYSTEM\delay\delay.c                  0x00000000   Number         0  delay.o ABSOLUTE
    ..\SYSTEM\sys\sys.c                      0x00000000   Number         0  sys.o ABSOLUTE
    ..\SYSTEM\usart\usart.c                  0x00000000   Number         0  usart.o ABSOLUTE
    ..\\FWLIB\\src\\misc.c                   0x00000000   Number         0  misc.o ABSOLUTE
    ..\\FWLIB\\src\\stm32f4xx_fsmc.c         0x00000000   Number         0  stm32f4xx_fsmc.o ABSOLUTE
    ..\\FWLIB\\src\\stm32f4xx_gpio.c         0x00000000   Number         0  stm32f4xx_gpio.o ABSOLUTE
    ..\\FWLIB\\src\\stm32f4xx_rcc.c          0x00000000   Number         0  stm32f4xx_rcc.o ABSOLUTE
    ..\\FWLIB\\src\\stm32f4xx_syscfg.c       0x00000000   Number         0  stm32f4xx_syscfg.o ABSOLUTE
    ..\\FWLIB\\src\\stm32f4xx_usart.c        0x00000000   Number         0  stm32f4xx_usart.o ABSOLUTE
    ..\\HANDWARE\\24CXX\\24cxx.c             0x00000000   Number         0  24cxx.o ABSOLUTE
    ..\\HANDWARE\\IIC\\myiic.c               0x00000000   Number         0  myiic.o ABSOLUTE
    ..\\HANDWARE\\LCD\\lcd.c                 0x00000000   Number         0  lcd.o ABSOLUTE
    ..\\HANDWARE\\TOUCH\\touch.c             0x00000000   Number         0  touch.o ABSOLUTE
    ..\\SYSTEM\\delay\\delay.c               0x00000000   Number         0  delay.o ABSOLUTE
    ..\\SYSTEM\\sys\\sys.c                   0x00000000   Number         0  sys.o ABSOLUTE
    ..\\SYSTEM\\usart\\usart.c               0x00000000   Number         0  usart.o ABSOLUTE
    dc.s                                     0x00000000   Number         0  dc.o ABSOLUTE
    gui.c                                    0x00000000   Number         0  gui.o ABSOLUTE
    gui.c                                    0x00000000   Number         0  gui.o ABSOLUTE
    main.c                                   0x00000000   Number         0  main.o ABSOLUTE
    main.c                                   0x00000000   Number         0  main.o ABSOLUTE
    stm32f4xx_it.c                           0x00000000   Number         0  stm32f4xx_it.o ABSOLUTE
    stm32f4xx_it.c                           0x00000000   Number         0  stm32f4xx_it.o ABSOLUTE
    system_stm32f4xx.c                       0x00000000   Number         0  system_stm32f4xx.o ABSOLUTE
    system_stm32f4xx.c                       0x00000000   Number         0  system_stm32f4xx.o ABSOLUTE
    test.c                                   0x00000000   Number         0  test.o ABSOLUTE
    test.c                                   0x00000000   Number         0  test.o ABSOLUTE
    RESET                                    0x08000000   Section      392  startup_stm32f40_41xxx.o(RESET)
    !!!main                                  0x08000188   Section        8  __main.o(!!!main)
    !!!scatter                               0x08000190   Section       52  __scatter.o(!!!scatter)
    !!handler_copy                           0x080001c4   Section       26  __scatter_copy.o(!!handler_copy)
    !!handler_zi                             0x080001e0   Section       28  __scatter_zi.o(!!handler_zi)
    .ARM.Collect$$libinit$$00000000          0x080001fc   Section        2  libinit.o(.ARM.Collect$$libinit$$00000000)
    .ARM.Collect$$libinit$$00000001          0x080001fe   Section        4  libinit2.o(.ARM.Collect$$libinit$$00000001)
    .ARM.Collect$$libinit$$00000004          0x08000202   Section        0  libinit2.o(.ARM.Collect$$libinit$$00000004)
    .ARM.Collect$$libinit$$0000000A          0x08000202   Section        0  libinit2.o(.ARM.Collect$$libinit$$0000000A)
    .ARM.Collect$$libinit$$0000000C          0x08000202   Section        0  libinit2.o(.ARM.Collect$$libinit$$0000000C)
    .ARM.Collect$$libinit$$0000000E          0x08000202   Section        0  libinit2.o(.ARM.Collect$$libinit$$0000000E)
    .ARM.Collect$$libinit$$00000011          0x08000202   Section        0  libinit2.o(.ARM.Collect$$libinit$$00000011)
    .ARM.Collect$$libinit$$00000013          0x08000202   Section        0  libinit2.o(.ARM.Collect$$libinit$$00000013)
    .ARM.Collect$$libinit$$00000015          0x08000202   Section        0  libinit2.o(.ARM.Collect$$libinit$$00000015)
    .ARM.Collect$$libinit$$00000017          0x08000202   Section        0  libinit2.o(.ARM.Collect$$libinit$$00000017)
    .ARM.Collect$$libinit$$00000019          0x08000202   Section        0  libinit2.o(.ARM.Collect$$libinit$$00000019)
    .ARM.Collect$$libinit$$0000001B          0x08000202   Section        0  libinit2.o(.ARM.Collect$$libinit$$0000001B)
    .ARM.Collect$$libinit$$0000001D          0x08000202   Section        0  libinit2.o(.ARM.Collect$$libinit$$0000001D)
    .ARM.Collect$$libinit$$0000001F          0x08000202   Section        0  libinit2.o(.ARM.Collect$$libinit$$0000001F)
    .ARM.Collect$$libinit$$00000021          0x08000202   Section        0  libinit2.o(.ARM.Collect$$libinit$$00000021)
    .ARM.Collect$$libinit$$00000023          0x08000202   Section        0  libinit2.o(.ARM.Collect$$libinit$$00000023)
    .ARM.Collect$$libinit$$00000025          0x08000202   Section        0  libinit2.o(.ARM.Collect$$libinit$$00000025)
    .ARM.Collect$$libinit$$0000002C          0x08000202   Section        0  libinit2.o(.ARM.Collect$$libinit$$0000002C)
    .ARM.Collect$$libinit$$0000002E          0x08000202   Section        0  libinit2.o(.ARM.Collect$$libinit$$0000002E)
    .ARM.Collect$$libinit$$00000030          0x08000202   Section        0  libinit2.o(.ARM.Collect$$libinit$$00000030)
    .ARM.Collect$$libinit$$00000032          0x08000202   Section        0  libinit2.o(.ARM.Collect$$libinit$$00000032)
    .ARM.Collect$$libinit$$00000033          0x08000202   Section        2  libinit2.o(.ARM.Collect$$libinit$$00000033)
    .ARM.Collect$$libshutdown$$00000000      0x08000204   Section        2  libshutdown.o(.ARM.Collect$$libshutdown$$00000000)
    .ARM.Collect$$libshutdown$$00000002      0x08000206   Section        0  libshutdown2.o(.ARM.Collect$$libshutdown$$00000002)
    .ARM.Collect$$libshutdown$$00000004      0x08000206   Section        0  libshutdown2.o(.ARM.Collect$$libshutdown$$00000004)
    .ARM.Collect$$libshutdown$$00000006      0x08000206   Section        0  libshutdown2.o(.ARM.Collect$$libshutdown$$00000006)
    .ARM.Collect$$libshutdown$$00000009      0x08000206   Section        0  libshutdown2.o(.ARM.Collect$$libshutdown$$00000009)
    .ARM.Collect$$libshutdown$$0000000C      0x08000206   Section        0  libshutdown2.o(.ARM.Collect$$libshutdown$$0000000C)
    .ARM.Collect$$libshutdown$$0000000E      0x08000206   Section        0  libshutdown2.o(.ARM.Collect$$libshutdown$$0000000E)
    .ARM.Collect$$libshutdown$$00000011      0x08000206   Section        0  libshutdown2.o(.ARM.Collect$$libshutdown$$00000011)
    .ARM.Collect$$libshutdown$$00000012      0x08000206   Section        2  libshutdown2.o(.ARM.Collect$$libshutdown$$00000012)
    .ARM.Collect$$rtentry$$00000000          0x08000208   Section        0  __rtentry.o(.ARM.Collect$$rtentry$$00000000)
    .ARM.Collect$$rtentry$$00000002          0x08000208   Section        0  __rtentry2.o(.ARM.Collect$$rtentry$$00000002)
    .ARM.Collect$$rtentry$$00000004          0x08000208   Section        6  __rtentry4.o(.ARM.Collect$$rtentry$$00000004)
    .ARM.Collect$$rtentry$$00000009          0x0800020e   Section        0  __rtentry2.o(.ARM.Collect$$rtentry$$00000009)
    .ARM.Collect$$rtentry$$0000000A          0x0800020e   Section        4  __rtentry2.o(.ARM.Collect$$rtentry$$0000000A)
    .ARM.Collect$$rtentry$$0000000C          0x08000212   Section        0  __rtentry2.o(.ARM.Collect$$rtentry$$0000000C)
    .ARM.Collect$$rtentry$$0000000D          0x08000212   Section        8  __rtentry2.o(.ARM.Collect$$rtentry$$0000000D)
    .ARM.Collect$$rtexit$$00000000           0x0800021a   Section        2  rtexit.o(.ARM.Collect$$rtexit$$00000000)
    .ARM.Collect$$rtexit$$00000002           0x0800021c   Section        0  rtexit2.o(.ARM.Collect$$rtexit$$00000002)
    .ARM.Collect$$rtexit$$00000003           0x0800021c   Section        4  rtexit2.o(.ARM.Collect$$rtexit$$00000003)
    .ARM.Collect$$rtexit$$00000004           0x08000220   Section        6  rtexit2.o(.ARM.Collect$$rtexit$$00000004)
    .text                                    0x08000226   Section        0  main.o(.text)
    .text                                    0x08000264   Section        0  stm32f4xx_it.o(.text)
    .text                                    0x08000280   Section        0  system_stm32f4xx.o(.text)
    SetSysClock                              0x08000281   Thumb Code   220  system_stm32f4xx.o(.text)
    .text                                    0x08000490   Section        0  gui.o(.text)
    .text                                    0x0800071c   Section        0  test.o(.text)
    .text                                    0x08001080   Section        0  lcd.o(.text)
    .text                                    0x08002188   Section        0  myiic.o(.text)
    .text                                    0x080023f0   Section        0  24cxx.o(.text)
    .text                                    0x0800256c   Section        0  touch.o(.text)
    .text                                    0x080032b4   Section        0  delay.o(.text)
    .text                                    0x080033b8   Section        0  usart.o(.text)
    .text                                    0x08003504   Section       64  startup_stm32f40_41xxx.o(.text)
    $v0                                      0x08003504   Number         0  startup_stm32f40_41xxx.o(.text)
    .text                                    0x08003544   Section        0  misc.o(.text)
    .text                                    0x08003624   Section        0  stm32f4xx_gpio.o(.text)
    .text                                    0x080038b8   Section        0  stm32f4xx_rcc.o(.text)
    .text                                    0x08003f14   Section        0  stm32f4xx_usart.o(.text)
    .text                                    0x08004368   Section        0  stm32f4xx_fsmc.o(.text)
    .text                                    0x08004930   Section        2  use_no_semi_2.o(.text)
    .text                                    0x08004932   Section        0  strlen.o(.text)
    .text                                    0x08004970   Section        0  heapauxi.o(.text)
    .text                                    0x08004976   Section        2  use_no_semi.o(.text)
    .text                                    0x08004978   Section        0  _rserrno.o(.text)
    .text                                    0x08004990   Section        8  rt_errno_addr_intlibspace.o(.text)
    .text                                    0x08004998   Section        8  libspace.o(.text)
    .text                                    0x080049a0   Section       74  sys_stackheap_outer.o(.text)
    .text                                    0x080049ea   Section        0  exit.o(.text)
    i.__hardfp_sqrt                          0x080049fc   Section        0  sqrt.o(i.__hardfp_sqrt)
    x$fpl$dcmpinf                            0x08004a76   Section       24  dcmpi.o(x$fpl$dcmpinf)
    $v0                                      0x08004a76   Number         0  dcmpi.o(x$fpl$dcmpinf)
    x$fpl$dfixu                              0x08004a90   Section       90  dfixu.o(x$fpl$dfixu)
    $v0                                      0x08004a90   Number         0  dfixu.o(x$fpl$dfixu)
    x$fpl$dfltu                              0x08004aea   Section       38  dflt_clz.o(x$fpl$dfltu)
    $v0                                      0x08004aea   Number         0  dflt_clz.o(x$fpl$dfltu)
    x$fpl$dleqf                              0x08004b10   Section      120  dleqf.o(x$fpl$dleqf)
    $v0                                      0x08004b10   Number         0  dleqf.o(x$fpl$dleqf)
    x$fpl$dnaninf                            0x08004b88   Section      156  dnaninf.o(x$fpl$dnaninf)
    $v0                                      0x08004b88   Number         0  dnaninf.o(x$fpl$dnaninf)
    x$fpl$dretinf                            0x08004c24   Section       12  dretinf.o(x$fpl$dretinf)
    $v0                                      0x08004c24   Number         0  dretinf.o(x$fpl$dretinf)
    x$fpl$drleqf                             0x08004c30   Section      108  drleqf.o(x$fpl$drleqf)
    $v0                                      0x08004c30   Number         0  drleqf.o(x$fpl$drleqf)
    x$fpl$dsqrt                              0x08004c9c   Section      408  dsqrt_umaal.o(x$fpl$dsqrt)
    $v0                                      0x08004c9c   Number         0  dsqrt_umaal.o(x$fpl$dsqrt)
    x$fpl$f2d                                0x08004e34   Section       86  f2d.o(x$fpl$f2d)
    $v0                                      0x08004e34   Number         0  f2d.o(x$fpl$f2d)
    x$fpl$fnaninf                            0x08004e8a   Section      140  fnaninf.o(x$fpl$fnaninf)
    $v0                                      0x08004e8a   Number         0  fnaninf.o(x$fpl$fnaninf)
    x$fpl$fpinit                             0x08004f16   Section       10  fpinit.o(x$fpl$fpinit)
    $v0                                      0x08004f16   Number         0  fpinit.o(x$fpl$fpinit)
    .constdata                               0x08004f20   Section     3200  test.o(.constdata)
    x$fpl$usenofp                            0x08004f20   Section        0  usenofp.o(x$fpl$usenofp)
    .constdata                               0x08005ba0   Section    15912  lcd.o(.constdata)
    .constdata                               0x080099c8   Section       28  stm32f4xx_fsmc.o(.constdata)
    .data                                    0x20000000   Section       20  system_stm32f4xx.o(.data)
    .data                                    0x20000014   Section       10  test.o(.data)
    .data                                    0x2000001e   Section        6  lcd.o(.data)
    .data                                    0x20000024   Section       54  touch.o(.data)
    .data                                    0x2000005a   Section        4  delay.o(.data)
    fac_us                                   0x2000005a   Data           1  delay.o(.data)
    fac_ms                                   0x2000005c   Data           2  delay.o(.data)
    .data                                    0x20000060   Section        6  usart.o(.data)
    .data                                    0x20000066   Section       16  stm32f4xx_rcc.o(.data)
    APBAHBPrescTable                         0x20000066   Data          16  stm32f4xx_rcc.o(.data)
    .bss                                     0x20000078   Section      200  usart.o(.bss)
    .bss                                     0x20000140   Section       96  libspace.o(.bss)
    HEAP                                     0x200001a0   Section      512  startup_stm32f40_41xxx.o(HEAP)
    Heap_Mem                                 0x200001a0   Data         512  startup_stm32f40_41xxx.o(HEAP)
    STACK                                    0x200003a0   Section     1024  startup_stm32f40_41xxx.o(STACK)
    Stack_Mem                                0x200003a0   Data        1024  startup_stm32f40_41xxx.o(STACK)
    __initial_sp                             0x200007a0   Data           0  startup_stm32f40_41xxx.o(STACK)

    Global Symbols

    Symbol Name                              Value     Ov Type        Size  Object(Section)

    BuildAttributes$$THM_ISAv4$E$P$D$K$B$S$7EM$VFPi3$EXTD16$VFPS$VFMA$PE$A:L22UL41UL21$X:L11$S22US41US21$IEEE1$IW$USESV6$~STKCKD$USESV7$~SHL$OTIME$ROPI$IEEEJ$EBA8$UX$STANDARDLIB$REQ8$PRES8$EABIv2 0x00000000   Number         0  anon$$obj.o ABSOLUTE
    __ARM_use_no_argv                        0x00000000   Number         0  main.o ABSOLUTE
    __ARM_exceptions_init                     - Undefined Weak Reference
    __alloca_initialize                       - Undefined Weak Reference
    __arm_fini_                               - Undefined Weak Reference
    __arm_preinit_                            - Undefined Weak Reference
    __cpp_initialize__aeabi_                  - Undefined Weak Reference
    __cxa_finalize                            - Undefined Weak Reference
    __rt_locale                               - Undefined Weak Reference
    __sigvec_lookup                           - Undefined Weak Reference
    _atexit_init                              - Undefined Weak Reference
    _call_atexit_fns                          - Undefined Weak Reference
    _clock_init                               - Undefined Weak Reference
    _fp_trap_init                             - Undefined Weak Reference
    _fp_trap_shutdown                         - Undefined Weak Reference
    _get_lc_collate                           - Undefined Weak Reference
    _get_lc_ctype                             - Undefined Weak Reference
    _get_lc_monetary                          - Undefined Weak Reference
    _get_lc_numeric                           - Undefined Weak Reference
    _get_lc_time                              - Undefined Weak Reference
    _getenv_init                              - Undefined Weak Reference
    _handle_redirection                       - Undefined Weak Reference
    _init_alloc                               - Undefined Weak Reference
    _init_user_alloc                          - Undefined Weak Reference
    _initio                                   - Undefined Weak Reference
    _rand_init                                - Undefined Weak Reference
    _signal_finish                            - Undefined Weak Reference
    _signal_init                              - Undefined Weak Reference
    _terminate_alloc                          - Undefined Weak Reference
    _terminate_user_alloc                     - Undefined Weak Reference
    _terminateio                              - Undefined Weak Reference
    __Vectors_Size                           0x00000188   Number         0  startup_stm32f40_41xxx.o ABSOLUTE
    __Vectors                                0x08000000   Data           4  startup_stm32f40_41xxx.o(RESET)
    __Vectors_End                            0x08000188   Data           0  startup_stm32f40_41xxx.o(RESET)
    __main                                   0x08000189   Thumb Code     8  __main.o(!!!main)
    __scatterload                            0x08000191   Thumb Code     0  __scatter.o(!!!scatter)
    __scatterload_rt2                        0x08000191   Thumb Code    44  __scatter.o(!!!scatter)
    __scatterload_rt2_thumb_only             0x08000191   Thumb Code     0  __scatter.o(!!!scatter)
    __scatterload_null                       0x0800019f   Thumb Code     0  __scatter.o(!!!scatter)
    __scatterload_copy                       0x080001c5   Thumb Code    26  __scatter_copy.o(!!handler_copy)
    __scatterload_zeroinit                   0x080001e1   Thumb Code    28  __scatter_zi.o(!!handler_zi)
    __rt_lib_init                            0x080001fd   Thumb Code     0  libinit.o(.ARM.Collect$$libinit$$00000000)
    __rt_lib_init_fp_1                       0x080001ff   Thumb Code     0  libinit2.o(.ARM.Collect$$libinit$$00000001)
    __rt_lib_init_alloca_1                   0x08000203   Thumb Code     0  libinit2.o(.ARM.Collect$$libinit$$0000002E)
    __rt_lib_init_argv_1                     0x08000203   Thumb Code     0  libinit2.o(.ARM.Collect$$libinit$$0000002C)
    __rt_lib_init_atexit_1                   0x08000203   Thumb Code     0  libinit2.o(.ARM.Collect$$libinit$$0000001B)
    __rt_lib_init_clock_1                    0x08000203   Thumb Code     0  libinit2.o(.ARM.Collect$$libinit$$00000021)
    __rt_lib_init_cpp_1                      0x08000203   Thumb Code     0  libinit2.o(.ARM.Collect$$libinit$$00000032)
    __rt_lib_init_exceptions_1               0x08000203   Thumb Code     0  libinit2.o(.ARM.Collect$$libinit$$00000030)
    __rt_lib_init_fp_trap_1                  0x08000203   Thumb Code     0  libinit2.o(.ARM.Collect$$libinit$$0000001F)
    __rt_lib_init_getenv_1                   0x08000203   Thumb Code     0  libinit2.o(.ARM.Collect$$libinit$$00000023)
    __rt_lib_init_heap_1                     0x08000203   Thumb Code     0  libinit2.o(.ARM.Collect$$libinit$$0000000A)
    __rt_lib_init_lc_collate_1               0x08000203   Thumb Code     0  libinit2.o(.ARM.Collect$$libinit$$00000011)
    __rt_lib_init_lc_ctype_1                 0x08000203   Thumb Code     0  libinit2.o(.ARM.Collect$$libinit$$00000013)
    __rt_lib_init_lc_monetary_1              0x08000203   Thumb Code     0  libinit2.o(.ARM.Collect$$libinit$$00000015)
    __rt_lib_init_lc_numeric_1               0x08000203   Thumb Code     0  libinit2.o(.ARM.Collect$$libinit$$00000017)
    __rt_lib_init_lc_time_1                  0x08000203   Thumb Code     0  libinit2.o(.ARM.Collect$$libinit$$00000019)
    __rt_lib_init_preinit_1                  0x08000203   Thumb Code     0  libinit2.o(.ARM.Collect$$libinit$$00000004)
    __rt_lib_init_rand_1                     0x08000203   Thumb Code     0  libinit2.o(.ARM.Collect$$libinit$$0000000E)
    __rt_lib_init_return                     0x08000203   Thumb Code     0  libinit2.o(.ARM.Collect$$libinit$$00000033)
    __rt_lib_init_signal_1                   0x08000203   Thumb Code     0  libinit2.o(.ARM.Collect$$libinit$$0000001D)
    __rt_lib_init_stdio_1                    0x08000203   Thumb Code     0  libinit2.o(.ARM.Collect$$libinit$$00000025)
    __rt_lib_init_user_alloc_1               0x08000203   Thumb Code     0  libinit2.o(.ARM.Collect$$libinit$$0000000C)
    __rt_lib_shutdown                        0x08000205   Thumb Code     0  libshutdown.o(.ARM.Collect$$libshutdown$$00000000)
    __rt_lib_shutdown_cpp_1                  0x08000207   Thumb Code     0  libshutdown2.o(.ARM.Collect$$libshutdown$$00000004)
    __rt_lib_shutdown_fini_1                 0x08000207   Thumb Code     0  libshutdown2.o(.ARM.Collect$$libshutdown$$00000002)
    __rt_lib_shutdown_fp_trap_1              0x08000207   Thumb Code     0  libshutdown2.o(.ARM.Collect$$libshutdown$$00000009)
    __rt_lib_shutdown_heap_1                 0x08000207   Thumb Code     0  libshutdown2.o(.ARM.Collect$$libshutdown$$00000011)
    __rt_lib_shutdown_return                 0x08000207   Thumb Code     0  libshutdown2.o(.ARM.Collect$$libshutdown$$00000012)
    __rt_lib_shutdown_signal_1               0x08000207   Thumb Code     0  libshutdown2.o(.ARM.Collect$$libshutdown$$0000000C)
    __rt_lib_shutdown_stdio_1                0x08000207   Thumb Code     0  libshutdown2.o(.ARM.Collect$$libshutdown$$00000006)
    __rt_lib_shutdown_user_alloc_1           0x08000207   Thumb Code     0  libshutdown2.o(.ARM.Collect$$libshutdown$$0000000E)
    __rt_entry                               0x08000209   Thumb Code     0  __rtentry.o(.ARM.Collect$$rtentry$$00000000)
    __rt_entry_presh_1                       0x08000209   Thumb Code     0  __rtentry2.o(.ARM.Collect$$rtentry$$00000002)
    __rt_entry_sh                            0x08000209   Thumb Code     0  __rtentry4.o(.ARM.Collect$$rtentry$$00000004)
    __rt_entry_li                            0x0800020f   Thumb Code     0  __rtentry2.o(.ARM.Collect$$rtentry$$0000000A)
    __rt_entry_postsh_1                      0x0800020f   Thumb Code     0  __rtentry2.o(.ARM.Collect$$rtentry$$00000009)
    __rt_entry_main                          0x08000213   Thumb Code     0  __rtentry2.o(.ARM.Collect$$rtentry$$0000000D)
    __rt_entry_postli_1                      0x08000213   Thumb Code     0  __rtentry2.o(.ARM.Collect$$rtentry$$0000000C)
    __rt_exit                                0x0800021b   Thumb Code     0  rtexit.o(.ARM.Collect$$rtexit$$00000000)
    __rt_exit_ls                             0x0800021d   Thumb Code     0  rtexit2.o(.ARM.Collect$$rtexit$$00000003)
    __rt_exit_prels_1                        0x0800021d   Thumb Code     0  rtexit2.o(.ARM.Collect$$rtexit$$00000002)
    __rt_exit_exit                           0x08000221   Thumb Code     0  rtexit2.o(.ARM.Collect$$rtexit$$00000004)
    main                                     0x08000227   Thumb Code    62  main.o(.text)
    NMI_Handler                              0x08000265   Thumb Code     2  stm32f4xx_it.o(.text)
    HardFault_Handler                        0x08000267   Thumb Code     4  stm32f4xx_it.o(.text)
    MemManage_Handler                        0x0800026b   Thumb Code     4  stm32f4xx_it.o(.text)
    BusFault_Handler                         0x0800026f   Thumb Code     4  stm32f4xx_it.o(.text)
    UsageFault_Handler                       0x08000273   Thumb Code     4  stm32f4xx_it.o(.text)
    SVC_Handler                              0x08000277   Thumb Code     2  stm32f4xx_it.o(.text)
    DebugMon_Handler                         0x08000279   Thumb Code     2  stm32f4xx_it.o(.text)
    PendSV_Handler                           0x0800027b   Thumb Code     2  stm32f4xx_it.o(.text)
    SysTick_Handler                          0x0800027d   Thumb Code     2  stm32f4xx_it.o(.text)
    SystemInit                               0x0800035d   Thumb Code    88  system_stm32f4xx.o(.text)
    SystemCoreClockUpdate                    0x080003b5   Thumb Code   174  system_stm32f4xx.o(.text)
    GUI_DrawPoint                            0x08000491   Thumb Code    28  gui.o(.text)
    _draw_circle_8                           0x080004ad   Thumb Code   132  gui.o(.text)
    gui_circle                               0x08000531   Thumb Code   154  gui.o(.text)
    Show_Str                                 0x080005cb   Thumb Code   262  gui.o(.text)
    Gui_StrCenter                            0x080006d1   Thumb Code    70  gui.o(.text)
    DrawTestPage                             0x0800071d   Thumb Code   128  test.o(.text)
    main_test                                0x0800079d   Thumb Code   122  test.o(.text)
    Test_Color                               0x08000817   Thumb Code   336  test.o(.text)
    Test_FillRec                             0x08000967   Thumb Code   388  test.o(.text)
    Test_Circle                              0x08000aeb   Thumb Code   446  test.o(.text)
    English_Font_test                        0x08000ca9   Thumb Code    90  test.o(.text)
    Chinese_Font_test                        0x08000d03   Thumb Code   122  test.o(.text)
    Pic_test                                 0x08000d7d   Thumb Code   170  test.o(.text)
    Touch_Test                               0x08000e27   Thumb Code   280  test.o(.text)
    LCD_WR_REG                               0x08001081   Thumb Code     6  lcd.o(.text)
    LCD_WR_DATA                              0x08001087   Thumb Code     8  lcd.o(.text)
    LCD_RD_DATA                              0x0800108f   Thumb Code    16  lcd.o(.text)
    LCD_Address_Set                          0x0800109f   Thumb Code    74  lcd.o(.text)
    LCD_SetCursor                            0x080010e9   Thumb Code    44  lcd.o(.text)
    LCD_DisplayOn                            0x08001115   Thumb Code    10  lcd.o(.text)
    LCD_DisplayOff                           0x0800111f   Thumb Code    10  lcd.o(.text)
    LCD_ReadPoint                            0x08001129   Thumb Code    74  lcd.o(.text)
    LCD_Clear                                0x08001173   Thumb Code    68  lcd.o(.text)
    LCD_Fill                                 0x080011b7   Thumb Code    74  lcd.o(.text)
    LCD_DrawPoint                            0x08001201   Thumb Code    28  lcd.o(.text)
    LCD_DrawLine                             0x0800121d   Thumb Code   172  lcd.o(.text)
    LCD_DrawRectangle                        0x080012c9   Thumb Code    74  lcd.o(.text)
    Draw_Circle                              0x08001313   Thumb Code   158  lcd.o(.text)
    LCD_ShowChinese32x32                     0x080013b1   Thumb Code   320  lcd.o(.text)
    LCD_ShowChinese24x24                     0x080014f1   Thumb Code   322  lcd.o(.text)
    LCD_ShowChinese16x16                     0x08001633   Thumb Code   306  lcd.o(.text)
    LCD_ShowChinese12x12                     0x08001765   Thumb Code   344  lcd.o(.text)
    LCD_ShowChinese                          0x080018bd   Thumb Code   140  lcd.o(.text)
    LCD_ShowChar                             0x08001949   Thumb Code   328  lcd.o(.text)
    LCD_ShowString                           0x08001a91   Thumb Code    66  lcd.o(.text)
    mypow                                    0x08001ad3   Thumb Code    22  lcd.o(.text)
    LCD_ShowIntNum                           0x08001ae9   Thumb Code   150  lcd.o(.text)
    LCD_ShowFloatNum1                        0x08001b7f   Thumb Code   160  lcd.o(.text)
    LCD_ShowPicture                          0x08001c1f   Thumb Code   110  lcd.o(.text)
    Set_Dir                                  0x08001c8d   Thumb Code    46  lcd.o(.text)
    LCD_Init                                 0x08001cbb   Thumb Code  1204  lcd.o(.text)
    IIC_Init                                 0x08002189   Thumb Code    50  myiic.o(.text)
    IIC_Start                                0x080021bb   Thumb Code    64  myiic.o(.text)
    IIC_Stop                                 0x080021fb   Thumb Code    66  myiic.o(.text)
    IIC_Wait_Ack                             0x0800223d   Thumb Code    82  myiic.o(.text)
    IIC_Ack                                  0x0800228f   Thumb Code    70  myiic.o(.text)
    IIC_NAck                                 0x080022d5   Thumb Code    70  myiic.o(.text)
    IIC_Send_Byte                            0x0800231b   Thumb Code   104  myiic.o(.text)
    IIC_Read_Byte                            0x08002383   Thumb Code    96  myiic.o(.text)
    AT24CXX_Init                             0x080023f1   Thumb Code     8  24cxx.o(.text)
    AT24CXX_ReadOneByte                      0x080023f9   Thumb Code    88  24cxx.o(.text)
    AT24CXX_WriteOneByte                     0x08002451   Thumb Code    80  24cxx.o(.text)
    AT24CXX_WriteLenByte                     0x080024a1   Thumb Code    42  24cxx.o(.text)
    AT24CXX_ReadLenByte                      0x080024cb   Thumb Code    44  24cxx.o(.text)
    AT24CXX_Check                            0x080024f7   Thumb Code    46  24cxx.o(.text)
    AT24CXX_Read                             0x08002525   Thumb Code    34  24cxx.o(.text)
    AT24CXX_Write                            0x08002547   Thumb Code    36  24cxx.o(.text)
    TP_Write_Byte                            0x0800256d   Thumb Code    64  touch.o(.text)
    TP_Read_AD                               0x080025ad   Thumb Code   132  touch.o(.text)
    TP_Read_XOY                              0x08002631   Thumb Code   120  touch.o(.text)
    TP_Read_XY                               0x080026a9   Thumb Code    38  touch.o(.text)
    TP_Read_XY2                              0x080026cf   Thumb Code   192  touch.o(.text)
    TP_Drow_Touch_Point                      0x0800278f   Thumb Code   118  touch.o(.text)
    TP_Draw_Big_Point                        0x08002805   Thumb Code    58  touch.o(.text)
    LCD_DrawRoughLine                        0x0800283f   Thumb Code   172  touch.o(.text)
    TP_Scan                                  0x080028eb   Thumb Code   264  touch.o(.text)
    TP_Save_Adjdata                          0x080029f3   Thumb Code    24  touch.o(.text)
    TP_Get_Adjdata                           0x08002a0b   Thumb Code    34  touch.o(.text)
    TP_Adjust                                0x08002a2d   Thumb Code  1846  touch.o(.text)
    TP_Init                                  0x08003163   Thumb Code   336  touch.o(.text)
    delay_init                               0x080032b5   Thumb Code    52  delay.o(.text)
    delay_us                                 0x080032e9   Thumb Code    72  delay.o(.text)
    delay_xms                                0x08003331   Thumb Code    72  delay.o(.text)
    delay_ms                                 0x08003379   Thumb Code    56  delay.o(.text)
    _sys_exit                                0x080033b9   Thumb Code     6  usart.o(.text)
    fputc                                    0x080033bf   Thumb Code    22  usart.o(.text)
    uart_init                                0x080033d5   Thumb Code   164  usart.o(.text)
    USART1_IRQHandler                        0x08003479   Thumb Code   122  usart.o(.text)
    Reset_Handler                            0x08003505   Thumb Code     8  startup_stm32f40_41xxx.o(.text)
    ADC_IRQHandler                           0x0800351f   Thumb Code     0  startup_stm32f40_41xxx.o(.text)
    CAN1_RX0_IRQHandler                      0x0800351f   Thumb Code     0  startup_stm32f40_41xxx.o(.text)
    CAN1_RX1_IRQHandler                      0x0800351f   Thumb Code     0  startup_stm32f40_41xxx.o(.text)
    CAN1_SCE_IRQHandler                      0x0800351f   Thumb Code     0  startup_stm32f40_41xxx.o(.text)
    CAN1_TX_IRQHandler                       0x0800351f   Thumb Code     0  startup_stm32f40_41xxx.o(.text)
    CAN2_RX0_IRQHandler                      0x0800351f   Thumb Code     0  startup_stm32f40_41xxx.o(.text)
    CAN2_RX1_IRQHandler                      0x0800351f   Thumb Code     0  startup_stm32f40_41xxx.o(.text)
    CAN2_SCE_IRQHandler                      0x0800351f   Thumb Code     0  startup_stm32f40_41xxx.o(.text)
    CAN2_TX_IRQHandler                       0x0800351f   Thumb Code     0  startup_stm32f40_41xxx.o(.text)
    CRYP_IRQHandler                          0x0800351f   Thumb Code     0  startup_stm32f40_41xxx.o(.text)
    DCMI_IRQHandler                          0x0800351f   Thumb Code     0  startup_stm32f40_41xxx.o(.text)
    DMA1_Stream0_IRQHandler                  0x0800351f   Thumb Code     0  startup_stm32f40_41xxx.o(.text)
    DMA1_Stream1_IRQHandler                  0x0800351f   Thumb Code     0  startup_stm32f40_41xxx.o(.text)
    DMA1_Stream2_IRQHandler                  0x0800351f   Thumb Code     0  startup_stm32f40_41xxx.o(.text)
    DMA1_Stream3_IRQHandler                  0x0800351f   Thumb Code     0  startup_stm32f40_41xxx.o(.text)
    DMA1_Stream4_IRQHandler                  0x0800351f   Thumb Code     0  startup_stm32f40_41xxx.o(.text)
    DMA1_Stream5_IRQHandler                  0x0800351f   Thumb Code     0  startup_stm32f40_41xxx.o(.text)
    DMA1_Stream6_IRQHandler                  0x0800351f   Thumb Code     0  startup_stm32f40_41xxx.o(.text)
    DMA1_Stream7_IRQHandler                  0x0800351f   Thumb Code     0  startup_stm32f40_41xxx.o(.text)
    DMA2_Stream0_IRQHandler                  0x0800351f   Thumb Code     0  startup_stm32f40_41xxx.o(.text)
    DMA2_Stream1_IRQHandler                  0x0800351f   Thumb Code     0  startup_stm32f40_41xxx.o(.text)
    DMA2_Stream2_IRQHandler                  0x0800351f   Thumb Code     0  startup_stm32f40_41xxx.o(.text)
    DMA2_Stream3_IRQHandler                  0x0800351f   Thumb Code     0  startup_stm32f40_41xxx.o(.text)
    DMA2_Stream4_IRQHandler                  0x0800351f   Thumb Code     0  startup_stm32f40_41xxx.o(.text)
    DMA2_Stream5_IRQHandler                  0x0800351f   Thumb Code     0  startup_stm32f40_41xxx.o(.text)
    DMA2_Stream6_IRQHandler                  0x0800351f   Thumb Code     0  startup_stm32f40_41xxx.o(.text)
    DMA2_Stream7_IRQHandler                  0x0800351f   Thumb Code     0  startup_stm32f40_41xxx.o(.text)
    ETH_IRQHandler                           0x0800351f   Thumb Code     0  startup_stm32f40_41xxx.o(.text)
    ETH_WKUP_IRQHandler                      0x0800351f   Thumb Code     0  startup_stm32f40_41xxx.o(.text)
    EXTI0_IRQHandler                         0x0800351f   Thumb Code     0  startup_stm32f40_41xxx.o(.text)
    EXTI15_10_IRQHandler                     0x0800351f   Thumb Code     0  startup_stm32f40_41xxx.o(.text)
    EXTI1_IRQHandler                         0x0800351f   Thumb Code     0  startup_stm32f40_41xxx.o(.text)
    EXTI2_IRQHandler                         0x0800351f   Thumb Code     0  startup_stm32f40_41xxx.o(.text)
    EXTI3_IRQHandler                         0x0800351f   Thumb Code     0  startup_stm32f40_41xxx.o(.text)
    EXTI4_IRQHandler                         0x0800351f   Thumb Code     0  startup_stm32f40_41xxx.o(.text)
    EXTI9_5_IRQHandler                       0x0800351f   Thumb Code     0  startup_stm32f40_41xxx.o(.text)
    FLASH_IRQHandler                         0x0800351f   Thumb Code     0  startup_stm32f40_41xxx.o(.text)
    FPU_IRQHandler                           0x0800351f   Thumb Code     0  startup_stm32f40_41xxx.o(.text)
    FSMC_IRQHandler                          0x0800351f   Thumb Code     0  startup_stm32f40_41xxx.o(.text)
    HASH_RNG_IRQHandler                      0x0800351f   Thumb Code     0  startup_stm32f40_41xxx.o(.text)
    I2C1_ER_IRQHandler                       0x0800351f   Thumb Code     0  startup_stm32f40_41xxx.o(.text)
    I2C1_EV_IRQHandler                       0x0800351f   Thumb Code     0  startup_stm32f40_41xxx.o(.text)
    I2C2_ER_IRQHandler                       0x0800351f   Thumb Code     0  startup_stm32f40_41xxx.o(.text)
    I2C2_EV_IRQHandler                       0x0800351f   Thumb Code     0  startup_stm32f40_41xxx.o(.text)
    I2C3_ER_IRQHandler                       0x0800351f   Thumb Code     0  startup_stm32f40_41xxx.o(.text)
    I2C3_EV_IRQHandler                       0x0800351f   Thumb Code     0  startup_stm32f40_41xxx.o(.text)
    OTG_FS_IRQHandler                        0x0800351f   Thumb Code     0  startup_stm32f40_41xxx.o(.text)
    OTG_FS_WKUP_IRQHandler                   0x0800351f   Thumb Code     0  startup_stm32f40_41xxx.o(.text)
    OTG_HS_EP1_IN_IRQHandler                 0x0800351f   Thumb Code     0  startup_stm32f40_41xxx.o(.text)
    OTG_HS_EP1_OUT_IRQHandler                0x0800351f   Thumb Code     0  startup_stm32f40_41xxx.o(.text)
    OTG_HS_IRQHandler                        0x0800351f   Thumb Code     0  startup_stm32f40_41xxx.o(.text)
    OTG_HS_WKUP_IRQHandler                   0x0800351f   Thumb Code     0  startup_stm32f40_41xxx.o(.text)
    PVD_IRQHandler                           0x0800351f   Thumb Code     0  startup_stm32f40_41xxx.o(.text)
    RCC_IRQHandler                           0x0800351f   Thumb Code     0  startup_stm32f40_41xxx.o(.text)
    RTC_Alarm_IRQHandler                     0x0800351f   Thumb Code     0  startup_stm32f40_41xxx.o(.text)
    RTC_WKUP_IRQHandler                      0x0800351f   Thumb Code     0  startup_stm32f40_41xxx.o(.text)
    SDIO_IRQHandler                          0x0800351f   Thumb Code     0  startup_stm32f40_41xxx.o(.text)
    SPI1_IRQHandler                          0x0800351f   Thumb Code     0  startup_stm32f40_41xxx.o(.text)
    SPI2_IRQHandler                          0x0800351f   Thumb Code     0  startup_stm32f40_41xxx.o(.text)
    SPI3_IRQHandler                          0x0800351f   Thumb Code     0  startup_stm32f40_41xxx.o(.text)
    TAMP_STAMP_IRQHandler                    0x0800351f   Thumb Code     0  startup_stm32f40_41xxx.o(.text)
    TIM1_BRK_TIM9_IRQHandler                 0x0800351f   Thumb Code     0  startup_stm32f40_41xxx.o(.text)
    TIM1_CC_IRQHandler                       0x0800351f   Thumb Code     0  startup_stm32f40_41xxx.o(.text)
    TIM1_TRG_COM_TIM11_IRQHandler            0x0800351f   Thumb Code     0  startup_stm32f40_41xxx.o(.text)
    TIM1_UP_TIM10_IRQHandler                 0x0800351f   Thumb Code     0  startup_stm32f40_41xxx.o(.text)
    TIM2_IRQHandler                          0x0800351f   Thumb Code     0  startup_stm32f40_41xxx.o(.text)
    TIM3_IRQHandler                          0x0800351f   Thumb Code     0  startup_stm32f40_41xxx.o(.text)
    TIM4_IRQHandler                          0x0800351f   Thumb Code     0  startup_stm32f40_41xxx.o(.text)
    TIM5_IRQHandler                          0x0800351f   Thumb Code     0  startup_stm32f40_41xxx.o(.text)
    TIM6_DAC_IRQHandler                      0x0800351f   Thumb Code     0  startup_stm32f40_41xxx.o(.text)
    TIM7_IRQHandler                          0x0800351f   Thumb Code     0  startup_stm32f40_41xxx.o(.text)
    TIM8_BRK_TIM12_IRQHandler                0x0800351f   Thumb Code     0  startup_stm32f40_41xxx.o(.text)
    TIM8_CC_IRQHandler                       0x0800351f   Thumb Code     0  startup_stm32f40_41xxx.o(.text)
    TIM8_TRG_COM_TIM14_IRQHandler            0x0800351f   Thumb Code     0  startup_stm32f40_41xxx.o(.text)
    TIM8_UP_TIM13_IRQHandler                 0x0800351f   Thumb Code     0  startup_stm32f40_41xxx.o(.text)
    UART4_IRQHandler                         0x0800351f   Thumb Code     0  startup_stm32f40_41xxx.o(.text)
    UART5_IRQHandler                         0x0800351f   Thumb Code     0  startup_stm32f40_41xxx.o(.text)
    USART2_IRQHandler                        0x0800351f   Thumb Code     0  startup_stm32f40_41xxx.o(.text)
    USART3_IRQHandler                        0x0800351f   Thumb Code     0  startup_stm32f40_41xxx.o(.text)
    USART6_IRQHandler                        0x0800351f   Thumb Code     0  startup_stm32f40_41xxx.o(.text)
    WWDG_IRQHandler                          0x0800351f   Thumb Code     0  startup_stm32f40_41xxx.o(.text)
    __user_initial_stackheap                 0x08003521   Thumb Code     0  startup_stm32f40_41xxx.o(.text)
    NVIC_PriorityGroupConfig                 0x08003545   Thumb Code    10  misc.o(.text)
    NVIC_Init                                0x0800354f   Thumb Code   106  misc.o(.text)
    NVIC_SetVectorTable                      0x080035b9   Thumb Code    14  misc.o(.text)
    NVIC_SystemLPConfig                      0x080035c7   Thumb Code    34  misc.o(.text)
    SysTick_CLKSourceConfig                  0x080035e9   Thumb Code    40  misc.o(.text)
    GPIO_DeInit                              0x08003625   Thumb Code   268  stm32f4xx_gpio.o(.text)
    GPIO_Init                                0x08003731   Thumb Code   144  stm32f4xx_gpio.o(.text)
    GPIO_StructInit                          0x080037c1   Thumb Code    18  stm32f4xx_gpio.o(.text)
    GPIO_PinLockConfig                       0x080037d3   Thumb Code    34  stm32f4xx_gpio.o(.text)
    GPIO_ReadInputDataBit                    0x080037f5   Thumb Code    18  stm32f4xx_gpio.o(.text)
    GPIO_ReadInputData                       0x08003807   Thumb Code     8  stm32f4xx_gpio.o(.text)
    GPIO_ReadOutputDataBit                   0x0800380f   Thumb Code    18  stm32f4xx_gpio.o(.text)
    GPIO_ReadOutputData                      0x08003821   Thumb Code     8  stm32f4xx_gpio.o(.text)
    GPIO_SetBits                             0x08003829   Thumb Code     4  stm32f4xx_gpio.o(.text)
    GPIO_ResetBits                           0x0800382d   Thumb Code     4  stm32f4xx_gpio.o(.text)
    GPIO_WriteBit                            0x08003831   Thumb Code    10  stm32f4xx_gpio.o(.text)
    GPIO_Write                               0x0800383b   Thumb Code     4  stm32f4xx_gpio.o(.text)
    GPIO_ToggleBits                          0x0800383f   Thumb Code     8  stm32f4xx_gpio.o(.text)
    GPIO_PinAFConfig                         0x08003847   Thumb Code    70  stm32f4xx_gpio.o(.text)
    RCC_DeInit                               0x080038b9   Thumb Code    82  stm32f4xx_rcc.o(.text)
    RCC_HSEConfig                            0x0800390b   Thumb Code    14  stm32f4xx_rcc.o(.text)
    RCC_GetFlagStatus                        0x08003919   Thumb Code    60  stm32f4xx_rcc.o(.text)
    RCC_WaitForHSEStartUp                    0x08003955   Thumb Code    56  stm32f4xx_rcc.o(.text)
    RCC_AdjustHSICalibrationValue            0x0800398d   Thumb Code    20  stm32f4xx_rcc.o(.text)
    RCC_HSICmd                               0x080039a1   Thumb Code     6  stm32f4xx_rcc.o(.text)
    RCC_LSEConfig                            0x080039a7   Thumb Code    46  stm32f4xx_rcc.o(.text)
    RCC_LSICmd                               0x080039d5   Thumb Code     6  stm32f4xx_rcc.o(.text)
    RCC_PLLConfig                            0x080039db   Thumb Code    32  stm32f4xx_rcc.o(.text)
    RCC_PLLCmd                               0x080039fb   Thumb Code     6  stm32f4xx_rcc.o(.text)
    RCC_PLLI2SConfig                         0x08003a01   Thumb Code    14  stm32f4xx_rcc.o(.text)
    RCC_PLLI2SCmd                            0x08003a0f   Thumb Code     6  stm32f4xx_rcc.o(.text)
    RCC_PLLSAIConfig                         0x08003a15   Thumb Code    20  stm32f4xx_rcc.o(.text)
    RCC_PLLSAICmd                            0x08003a29   Thumb Code     6  stm32f4xx_rcc.o(.text)
    RCC_ClockSecuritySystemCmd               0x08003a2f   Thumb Code     6  stm32f4xx_rcc.o(.text)
    RCC_MCO1Config                           0x08003a35   Thumb Code    28  stm32f4xx_rcc.o(.text)
    RCC_MCO2Config                           0x08003a51   Thumb Code    28  stm32f4xx_rcc.o(.text)
    RCC_SYSCLKConfig                         0x08003a6d   Thumb Code    20  stm32f4xx_rcc.o(.text)
    RCC_GetSYSCLKSource                      0x08003a81   Thumb Code    12  stm32f4xx_rcc.o(.text)
    RCC_HCLKConfig                           0x08003a8d   Thumb Code    20  stm32f4xx_rcc.o(.text)
    RCC_PCLK1Config                          0x08003aa1   Thumb Code    20  stm32f4xx_rcc.o(.text)
    RCC_PCLK2Config                          0x08003ab5   Thumb Code    22  stm32f4xx_rcc.o(.text)
    RCC_GetClocksFreq                        0x08003acb   Thumb Code   222  stm32f4xx_rcc.o(.text)
    RCC_RTCCLKConfig                         0x08003ba9   Thumb Code    54  stm32f4xx_rcc.o(.text)
    RCC_RTCCLKCmd                            0x08003bdf   Thumb Code     8  stm32f4xx_rcc.o(.text)
    RCC_BackupResetCmd                       0x08003be7   Thumb Code     8  stm32f4xx_rcc.o(.text)
    RCC_I2SCLKConfig                         0x08003bef   Thumb Code     6  stm32f4xx_rcc.o(.text)
    RCC_SAIPLLI2SClkDivConfig                0x08003bf5   Thumb Code    26  stm32f4xx_rcc.o(.text)
    RCC_SAIPLLSAIClkDivConfig                0x08003c0f   Thumb Code    28  stm32f4xx_rcc.o(.text)
    RCC_SAIBlockACLKConfig                   0x08003c2b   Thumb Code    20  stm32f4xx_rcc.o(.text)
    RCC_SAIBlockBCLKConfig                   0x08003c3f   Thumb Code    20  stm32f4xx_rcc.o(.text)
    RCC_LTDCCLKDivConfig                     0x08003c53   Thumb Code    20  stm32f4xx_rcc.o(.text)
    RCC_TIMCLKPresConfig                     0x08003c67   Thumb Code     6  stm32f4xx_rcc.o(.text)
    RCC_AHB1PeriphClockCmd                   0x08003c6d   Thumb Code    34  stm32f4xx_rcc.o(.text)
    RCC_AHB2PeriphClockCmd                   0x08003c8f   Thumb Code    78  stm32f4xx_rcc.o(.text)
    RCC_AHB3PeriphClockCmd                   0x08003cdd   Thumb Code    34  stm32f4xx_rcc.o(.text)
    RCC_APB1PeriphClockCmd                   0x08003cff   Thumb Code    34  stm32f4xx_rcc.o(.text)
    RCC_APB2PeriphClockCmd                   0x08003d21   Thumb Code    34  stm32f4xx_rcc.o(.text)
    RCC_AHB1PeriphResetCmd                   0x08003d43   Thumb Code    34  stm32f4xx_rcc.o(.text)
    RCC_AHB2PeriphResetCmd                   0x08003d65   Thumb Code    34  stm32f4xx_rcc.o(.text)
    RCC_AHB3PeriphResetCmd                   0x08003d87   Thumb Code    34  stm32f4xx_rcc.o(.text)
    RCC_APB1PeriphResetCmd                   0x08003da9   Thumb Code    34  stm32f4xx_rcc.o(.text)
    RCC_APB2PeriphResetCmd                   0x08003dcb   Thumb Code    34  stm32f4xx_rcc.o(.text)
    RCC_AHB1PeriphClockLPModeCmd             0x08003ded   Thumb Code    34  stm32f4xx_rcc.o(.text)
    RCC_AHB2PeriphClockLPModeCmd             0x08003e0f   Thumb Code    34  stm32f4xx_rcc.o(.text)
    RCC_AHB3PeriphClockLPModeCmd             0x08003e31   Thumb Code    34  stm32f4xx_rcc.o(.text)
    RCC_APB1PeriphClockLPModeCmd             0x08003e53   Thumb Code    34  stm32f4xx_rcc.o(.text)
    RCC_APB2PeriphClockLPModeCmd             0x08003e75   Thumb Code    34  stm32f4xx_rcc.o(.text)
    RCC_LSEModeConfig                        0x08003e97   Thumb Code    40  stm32f4xx_rcc.o(.text)
    RCC_ITConfig                             0x08003ebf   Thumb Code    34  stm32f4xx_rcc.o(.text)
    RCC_ClearFlag                            0x08003ee1   Thumb Code    18  stm32f4xx_rcc.o(.text)
    RCC_GetITStatus                          0x08003ef3   Thumb Code    22  stm32f4xx_rcc.o(.text)
    RCC_ClearITPendingBit                    0x08003f09   Thumb Code     8  stm32f4xx_rcc.o(.text)
    USART_DeInit                             0x08003f15   Thumb Code   206  stm32f4xx_usart.o(.text)
    USART_Init                               0x08003fe3   Thumb Code   204  stm32f4xx_usart.o(.text)
    USART_StructInit                         0x080040af   Thumb Code    24  stm32f4xx_usart.o(.text)
    USART_ClockInit                          0x080040c7   Thumb Code    32  stm32f4xx_usart.o(.text)
    USART_ClockStructInit                    0x080040e7   Thumb Code    12  stm32f4xx_usart.o(.text)
    USART_Cmd                                0x080040f3   Thumb Code    24  stm32f4xx_usart.o(.text)
    USART_SetPrescaler                       0x0800410b   Thumb Code    16  stm32f4xx_usart.o(.text)
    USART_OverSampling8Cmd                   0x0800411b   Thumb Code    22  stm32f4xx_usart.o(.text)
    USART_OneBitMethodCmd                    0x08004131   Thumb Code    24  stm32f4xx_usart.o(.text)
    USART_SendData                           0x08004149   Thumb Code     8  stm32f4xx_usart.o(.text)
    USART_ReceiveData                        0x08004151   Thumb Code    10  stm32f4xx_usart.o(.text)
    USART_SetAddress                         0x0800415b   Thumb Code    18  stm32f4xx_usart.o(.text)
    USART_ReceiverWakeUpCmd                  0x0800416d   Thumb Code    24  stm32f4xx_usart.o(.text)
    USART_WakeUpConfig                       0x08004185   Thumb Code    18  stm32f4xx_usart.o(.text)
    USART_LINBreakDetectLengthConfig         0x08004197   Thumb Code    18  stm32f4xx_usart.o(.text)
    USART_LINCmd                             0x080041a9   Thumb Code    24  stm32f4xx_usart.o(.text)
    USART_SendBreak                          0x080041c1   Thumb Code    10  stm32f4xx_usart.o(.text)
    USART_HalfDuplexCmd                      0x080041cb   Thumb Code    24  stm32f4xx_usart.o(.text)
    USART_SetGuardTime                       0x080041e3   Thumb Code    16  stm32f4xx_usart.o(.text)
    USART_SmartCardCmd                       0x080041f3   Thumb Code    24  stm32f4xx_usart.o(.text)
    USART_SmartCardNACKCmd                   0x0800420b   Thumb Code    24  stm32f4xx_usart.o(.text)
    USART_IrDAConfig                         0x08004223   Thumb Code    18  stm32f4xx_usart.o(.text)
    USART_IrDACmd                            0x08004235   Thumb Code    24  stm32f4xx_usart.o(.text)
    USART_DMACmd                             0x0800424d   Thumb Code    18  stm32f4xx_usart.o(.text)
    USART_ITConfig                           0x0800425f   Thumb Code    74  stm32f4xx_usart.o(.text)
    USART_GetFlagStatus                      0x080042a9   Thumb Code    26  stm32f4xx_usart.o(.text)
    USART_ClearFlag                          0x080042c3   Thumb Code    18  stm32f4xx_usart.o(.text)
    USART_GetITStatus                        0x080042d5   Thumb Code   118  stm32f4xx_usart.o(.text)
    USART_ClearITPendingBit                  0x0800434b   Thumb Code    30  stm32f4xx_usart.o(.text)
    FSMC_NORSRAMDeInit                       0x08004369   Thumb Code    54  stm32f4xx_fsmc.o(.text)
    FSMC_NORSRAMInit                         0x0800439f   Thumb Code   230  stm32f4xx_fsmc.o(.text)
    FSMC_NORSRAMStructInit                   0x08004485   Thumb Code    48  stm32f4xx_fsmc.o(.text)
    FSMC_NORSRAMCmd                          0x080044b5   Thumb Code    46  stm32f4xx_fsmc.o(.text)
    FSMC_NANDDeInit                          0x080044e3   Thumb Code    62  stm32f4xx_fsmc.o(.text)
    FSMC_NANDInit                            0x08004521   Thumb Code   132  stm32f4xx_fsmc.o(.text)
    FSMC_NANDStructInit                      0x080045a5   Thumb Code    54  stm32f4xx_fsmc.o(.text)
    FSMC_NANDCmd                             0x080045db   Thumb Code    86  stm32f4xx_fsmc.o(.text)
    FSMC_NANDECCCmd                          0x08004631   Thumb Code    86  stm32f4xx_fsmc.o(.text)
    FSMC_GetECC                              0x08004687   Thumb Code    24  stm32f4xx_fsmc.o(.text)
    FSMC_PCCARDDeInit                        0x0800469f   Thumb Code    36  stm32f4xx_fsmc.o(.text)
    FSMC_PCCARDInit                          0x080046c3   Thumb Code   130  stm32f4xx_fsmc.o(.text)
    FSMC_PCCARDStructInit                    0x08004745   Thumb Code    60  stm32f4xx_fsmc.o(.text)
    FSMC_PCCARDCmd                           0x08004781   Thumb Code    44  stm32f4xx_fsmc.o(.text)
    FSMC_ITConfig                            0x080047ad   Thumb Code   128  stm32f4xx_fsmc.o(.text)
    FSMC_GetFlagStatus                       0x0800482d   Thumb Code    54  stm32f4xx_fsmc.o(.text)
    FSMC_ClearFlag                           0x08004863   Thumb Code    74  stm32f4xx_fsmc.o(.text)
    FSMC_GetITStatus                         0x080048ad   Thumb Code    62  stm32f4xx_fsmc.o(.text)
    FSMC_ClearITPendingBit                   0x080048eb   Thumb Code    66  stm32f4xx_fsmc.o(.text)
    __use_no_semihosting                     0x08004931   Thumb Code     2  use_no_semi_2.o(.text)
    strlen                                   0x08004933   Thumb Code    62  strlen.o(.text)
    __use_two_region_memory                  0x08004971   Thumb Code     2  heapauxi.o(.text)
    __rt_heap_escrow$2region                 0x08004973   Thumb Code     2  heapauxi.o(.text)
    __rt_heap_expand$2region                 0x08004975   Thumb Code     2  heapauxi.o(.text)
    __I$use$semihosting                      0x08004977   Thumb Code     0  use_no_semi.o(.text)
    __use_no_semihosting_swi                 0x08004977   Thumb Code     2  use_no_semi.o(.text)
    __read_errno                             0x08004979   Thumb Code    10  _rserrno.o(.text)
    __set_errno                              0x08004983   Thumb Code    12  _rserrno.o(.text)
    __aeabi_errno_addr                       0x08004991   Thumb Code     8  rt_errno_addr_intlibspace.o(.text)
    __errno$intlibspace                      0x08004991   Thumb Code     0  rt_errno_addr_intlibspace.o(.text)
    __rt_errno_addr$intlibspace              0x08004991   Thumb Code     0  rt_errno_addr_intlibspace.o(.text)
    __user_libspace                          0x08004999   Thumb Code     8  libspace.o(.text)
    __user_perproc_libspace                  0x08004999   Thumb Code     0  libspace.o(.text)
    __user_perthread_libspace                0x08004999   Thumb Code     0  libspace.o(.text)
    __user_setup_stackheap                   0x080049a1   Thumb Code    74  sys_stackheap_outer.o(.text)
    exit                                     0x080049eb   Thumb Code    18  exit.o(.text)
    __hardfp_sqrt                            0x080049fd   Thumb Code   122  sqrt.o(i.__hardfp_sqrt)
    __fpl_dcmp_Inf                           0x08004a77   Thumb Code    24  dcmpi.o(x$fpl$dcmpinf)
    __aeabi_d2uiz                            0x08004a91   Thumb Code     0  dfixu.o(x$fpl$dfixu)
    _dfixu                                   0x08004a91   Thumb Code    90  dfixu.o(x$fpl$dfixu)
    __aeabi_ui2d                             0x08004aeb   Thumb Code     0  dflt_clz.o(x$fpl$dfltu)
    _dfltu                                   0x08004aeb   Thumb Code    38  dflt_clz.o(x$fpl$dfltu)
    __aeabi_cdcmple                          0x08004b11   Thumb Code     0  dleqf.o(x$fpl$dleqf)
    _dcmple                                  0x08004b11   Thumb Code   120  dleqf.o(x$fpl$dleqf)
    __fpl_dcmple_InfNaN                      0x08004b73   Thumb Code     0  dleqf.o(x$fpl$dleqf)
    __fpl_dnaninf                            0x08004b89   Thumb Code   156  dnaninf.o(x$fpl$dnaninf)
    __fpl_dretinf                            0x08004c25   Thumb Code    12  dretinf.o(x$fpl$dretinf)
    __aeabi_cdrcmple                         0x08004c31   Thumb Code     0  drleqf.o(x$fpl$drleqf)
    _drcmple                                 0x08004c31   Thumb Code   108  drleqf.o(x$fpl$drleqf)
    _dsqrt                                   0x08004c9d   Thumb Code   404  dsqrt_umaal.o(x$fpl$dsqrt)
    __aeabi_f2d                              0x08004e35   Thumb Code     0  f2d.o(x$fpl$f2d)
    _f2d                                     0x08004e35   Thumb Code    86  f2d.o(x$fpl$f2d)
    __fpl_fnaninf                            0x08004e8b   Thumb Code   140  fnaninf.o(x$fpl$fnaninf)
    _fp_init                                 0x08004f17   Thumb Code    10  fpinit.o(x$fpl$fpinit)
    __fplib_config_fpu_vfp                   0x08004f1f   Thumb Code     0  fpinit.o(x$fpl$fpinit)
    __fplib_config_pureend_doubles           0x08004f1f   Thumb Code     0  fpinit.o(x$fpl$fpinit)
    __I$use$fp                               0x08004f20   Number         0  usenofp.o(x$fpl$usenofp)
    gImage_1                                 0x08004f20   Data        3200  test.o(.constdata)
    ascii_1206                               0x08005ba0   Data        1140  lcd.o(.constdata)
    ascii_1608                               0x08006014   Data        1520  lcd.o(.constdata)
    ascii_2412                               0x08006604   Data        4560  lcd.o(.constdata)
    ascii_3216                               0x080077d4   Data        6080  lcd.o(.constdata)
    tfont12                                  0x08008f94   Data         130  lcd.o(.constdata)
    tfont16                                  0x08009016   Data        1462  lcd.o(.constdata)
    tfont24                                  0x080095cc   Data         370  lcd.o(.constdata)
    tfont32                                  0x0800973e   Data         650  lcd.o(.constdata)
    FSMC_DefaultTimingStruct                 0x080099c8   Data          28  stm32f4xx_fsmc.o(.constdata)
    Region$$Table$$Base                      0x080099e4   Number         0  anon$$obj.o(Region$$Table)
    Region$$Table$$Limit                     0x08009a04   Number         0  anon$$obj.o(Region$$Table)
    SystemCoreClock                          0x20000000   Data           4  system_stm32f4xx.o(.data)
    AHBPrescTable                            0x20000004   Data          16  system_stm32f4xx.o(.data)
    ColorTab                                 0x20000014   Data          10  test.o(.data)
    lcddev                                   0x2000001e   Data           6  lcd.o(.data)
    tp_dev                                   0x20000024   Data          52  touch.o(.data)
    CMD_RDX                                  0x20000058   Data           1  touch.o(.data)
    CMD_RDY                                  0x20000059   Data           1  touch.o(.data)
    __stdout                                 0x20000060   Data           4  usart.o(.data)
    USART_RX_STA                             0x20000064   Data           2  usart.o(.data)
    USART_RX_BUF                             0x20000078   Data         200  usart.o(.bss)
    __libspace_start                         0x20000140   Data          96  libspace.o(.bss)
    __temporary_stack_top$libspace           0x200001a0   Data           0  libspace.o(.bss)



==============================================================================

Memory Map of the image

  Image Entry point : 0x08000189

  Load Region LR_IROM1 (Base: 0x08000000, Size: 0x00009a7c, Max: 0x00100000, ABSOLUTE)

    Execution Region ER_IROM1 (Exec base: 0x08000000, Load base: 0x08000000, Size: 0x00009a04, Max: 0x00100000, ABSOLUTE)

    Exec Addr    Load Addr    Size         Type   Attr      Idx    E Section Name        Object

    0x08000000   0x08000000   0x00000188   Data   RO          470    RESET               startup_stm32f40_41xxx.o
    0x08000188   0x08000188   0x00000008   Code   RO          608  * !!!main             c_w.l(__main.o)
    0x08000190   0x08000190   0x00000034   Code   RO          811    !!!scatter          c_w.l(__scatter.o)
    0x080001c4   0x080001c4   0x0000001a   Code   RO          813    !!handler_copy      c_w.l(__scatter_copy.o)
    0x080001de   0x080001de   0x00000002   PAD
    0x080001e0   0x080001e0   0x0000001c   Code   RO          815    !!handler_zi        c_w.l(__scatter_zi.o)
    0x080001fc   0x080001fc   0x00000002   Code   RO          686    .ARM.Collect$$libinit$$00000000  c_w.l(libinit.o)
    0x080001fe   0x080001fe   0x00000004   Code   RO          689    .ARM.Collect$$libinit$$00000001  c_w.l(libinit2.o)
    0x08000202   0x08000202   0x00000000   Code   RO          692    .ARM.Collect$$libinit$$00000004  c_w.l(libinit2.o)
    0x08000202   0x08000202   0x00000000   Code   RO          695    .ARM.Collect$$libinit$$0000000A  c_w.l(libinit2.o)
    0x08000202   0x08000202   0x00000000   Code   RO          697    .ARM.Collect$$libinit$$0000000C  c_w.l(libinit2.o)
    0x08000202   0x08000202   0x00000000   Code   RO          699    .ARM.Collect$$libinit$$0000000E  c_w.l(libinit2.o)
    0x08000202   0x08000202   0x00000000   Code   RO          702    .ARM.Collect$$libinit$$00000011  c_w.l(libinit2.o)
    0x08000202   0x08000202   0x00000000   Code   RO          704    .ARM.Collect$$libinit$$00000013  c_w.l(libinit2.o)
    0x08000202   0x08000202   0x00000000   Code   RO          706    .ARM.Collect$$libinit$$00000015  c_w.l(libinit2.o)
    0x08000202   0x08000202   0x00000000   Code   RO          708    .ARM.Collect$$libinit$$00000017  c_w.l(libinit2.o)
    0x08000202   0x08000202   0x00000000   Code   RO          710    .ARM.Collect$$libinit$$00000019  c_w.l(libinit2.o)
    0x08000202   0x08000202   0x00000000   Code   RO          712    .ARM.Collect$$libinit$$0000001B  c_w.l(libinit2.o)
    0x08000202   0x08000202   0x00000000   Code   RO          714    .ARM.Collect$$libinit$$0000001D  c_w.l(libinit2.o)
    0x08000202   0x08000202   0x00000000   Code   RO          716    .ARM.Collect$$libinit$$0000001F  c_w.l(libinit2.o)
    0x08000202   0x08000202   0x00000000   Code   RO          718    .ARM.Collect$$libinit$$00000021  c_w.l(libinit2.o)
    0x08000202   0x08000202   0x00000000   Code   RO          720    .ARM.Collect$$libinit$$00000023  c_w.l(libinit2.o)
    0x08000202   0x08000202   0x00000000   Code   RO          722    .ARM.Collect$$libinit$$00000025  c_w.l(libinit2.o)
    0x08000202   0x08000202   0x00000000   Code   RO          726    .ARM.Collect$$libinit$$0000002C  c_w.l(libinit2.o)
    0x08000202   0x08000202   0x00000000   Code   RO          728    .ARM.Collect$$libinit$$0000002E  c_w.l(libinit2.o)
    0x08000202   0x08000202   0x00000000   Code   RO          730    .ARM.Collect$$libinit$$00000030  c_w.l(libinit2.o)
    0x08000202   0x08000202   0x00000000   Code   RO          732    .ARM.Collect$$libinit$$00000032  c_w.l(libinit2.o)
    0x08000202   0x08000202   0x00000002   Code   RO          733    .ARM.Collect$$libinit$$00000033  c_w.l(libinit2.o)
    0x08000204   0x08000204   0x00000002   Code   RO          751    .ARM.Collect$$libshutdown$$00000000  c_w.l(libshutdown.o)
    0x08000206   0x08000206   0x00000000   Code   RO          761    .ARM.Collect$$libshutdown$$00000002  c_w.l(libshutdown2.o)
    0x08000206   0x08000206   0x00000000   Code   RO          763    .ARM.Collect$$libshutdown$$00000004  c_w.l(libshutdown2.o)
    0x08000206   0x08000206   0x00000000   Code   RO          765    .ARM.Collect$$libshutdown$$00000006  c_w.l(libshutdown2.o)
    0x08000206   0x08000206   0x00000000   Code   RO          768    .ARM.Collect$$libshutdown$$00000009  c_w.l(libshutdown2.o)
    0x08000206   0x08000206   0x00000000   Code   RO          771    .ARM.Collect$$libshutdown$$0000000C  c_w.l(libshutdown2.o)
    0x08000206   0x08000206   0x00000000   Code   RO          773    .ARM.Collect$$libshutdown$$0000000E  c_w.l(libshutdown2.o)
    0x08000206   0x08000206   0x00000000   Code   RO          776    .ARM.Collect$$libshutdown$$00000011  c_w.l(libshutdown2.o)
    0x08000206   0x08000206   0x00000002   Code   RO          777    .ARM.Collect$$libshutdown$$00000012  c_w.l(libshutdown2.o)
    0x08000208   0x08000208   0x00000000   Code   RO          640    .ARM.Collect$$rtentry$$00000000  c_w.l(__rtentry.o)
    0x08000208   0x08000208   0x00000000   Code   RO          655    .ARM.Collect$$rtentry$$00000002  c_w.l(__rtentry2.o)
    0x08000208   0x08000208   0x00000006   Code   RO          667    .ARM.Collect$$rtentry$$00000004  c_w.l(__rtentry4.o)
    0x0800020e   0x0800020e   0x00000000   Code   RO          657    .ARM.Collect$$rtentry$$00000009  c_w.l(__rtentry2.o)
    0x0800020e   0x0800020e   0x00000004   Code   RO          658    .ARM.Collect$$rtentry$$0000000A  c_w.l(__rtentry2.o)
    0x08000212   0x08000212   0x00000000   Code   RO          660    .ARM.Collect$$rtentry$$0000000C  c_w.l(__rtentry2.o)
    0x08000212   0x08000212   0x00000008   Code   RO          661    .ARM.Collect$$rtentry$$0000000D  c_w.l(__rtentry2.o)
    0x0800021a   0x0800021a   0x00000002   Code   RO          687    .ARM.Collect$$rtexit$$00000000  c_w.l(rtexit.o)
    0x0800021c   0x0800021c   0x00000000   Code   RO          735    .ARM.Collect$$rtexit$$00000002  c_w.l(rtexit2.o)
    0x0800021c   0x0800021c   0x00000004   Code   RO          736    .ARM.Collect$$rtexit$$00000003  c_w.l(rtexit2.o)
    0x08000220   0x08000220   0x00000006   Code   RO          737    .ARM.Collect$$rtexit$$00000004  c_w.l(rtexit2.o)
    0x08000226   0x08000226   0x0000003e   Code   RO            3    .text               main.o
    0x08000264   0x08000264   0x0000001a   Code   RO          164    .text               stm32f4xx_it.o
    0x0800027e   0x0800027e   0x00000002   PAD
    0x08000280   0x08000280   0x00000210   Code   RO          213    .text               system_stm32f4xx.o
    0x08000490   0x08000490   0x0000028c   Code   RO          239    .text               gui.o
    0x0800071c   0x0800071c   0x00000964   Code   RO          268    .text               test.o
    0x08001080   0x08001080   0x00001108   Code   RO          295    .text               lcd.o
    0x08002188   0x08002188   0x00000268   Code   RO          329    .text               myiic.o
    0x080023f0   0x080023f0   0x0000017a   Code   RO          349    .text               24cxx.o
    0x0800256a   0x0800256a   0x00000002   PAD
    0x0800256c   0x0800256c   0x00000d46   Code   RO          369    .text               touch.o
    0x080032b2   0x080032b2   0x00000002   PAD
    0x080032b4   0x080032b4   0x00000104   Code   RO          399    .text               delay.o
    0x080033b8   0x080033b8   0x0000014c   Code   RO          439    .text               usart.o
    0x08003504   0x08003504   0x00000040   Code   RO          471    .text               startup_stm32f40_41xxx.o
    0x08003544   0x08003544   0x000000e0   Code   RO          477    .text               misc.o
    0x08003624   0x08003624   0x00000294   Code   RO          497    .text               stm32f4xx_gpio.o
    0x080038b8   0x080038b8   0x0000065c   Code   RO          517    .text               stm32f4xx_rcc.o
    0x08003f14   0x08003f14   0x00000454   Code   RO          539    .text               stm32f4xx_usart.o
    0x08004368   0x08004368   0x000005c8   Code   RO          579    .text               stm32f4xx_fsmc.o
    0x08004930   0x08004930   0x00000002   Code   RO          602    .text               c_w.l(use_no_semi_2.o)
    0x08004932   0x08004932   0x0000003e   Code   RO          604    .text               c_w.l(strlen.o)
    0x08004970   0x08004970   0x00000006   Code   RO          606    .text               c_w.l(heapauxi.o)
    0x08004976   0x08004976   0x00000002   Code   RO          638    .text               c_w.l(use_no_semi.o)
    0x08004978   0x08004978   0x00000016   Code   RO          641    .text               c_w.l(_rserrno.o)
    0x0800498e   0x0800498e   0x00000002   PAD
    0x08004990   0x08004990   0x00000008   Code   RO          672    .text               c_w.l(rt_errno_addr_intlibspace.o)
    0x08004998   0x08004998   0x00000008   Code   RO          674    .text               c_w.l(libspace.o)
    0x080049a0   0x080049a0   0x0000004a   Code   RO          677    .text               c_w.l(sys_stackheap_outer.o)
    0x080049ea   0x080049ea   0x00000012   Code   RO          679    .text               c_w.l(exit.o)
    0x080049fc   0x080049fc   0x0000007a   Code   RO          626    i.__hardfp_sqrt     m_wm.l(sqrt.o)
    0x08004a76   0x08004a76   0x00000018   Code   RO          643    x$fpl$dcmpinf       fz_wm.l(dcmpi.o)
    0x08004a8e   0x08004a8e   0x00000002   PAD
    0x08004a90   0x08004a90   0x0000005a   Code   RO          610    x$fpl$dfixu         fz_wm.l(dfixu.o)
    0x08004aea   0x08004aea   0x00000026   Code   RO          614    x$fpl$dfltu         fz_wm.l(dflt_clz.o)
    0x08004b10   0x08004b10   0x00000078   Code   RO          620    x$fpl$dleqf         fz_wm.l(dleqf.o)
    0x08004b88   0x08004b88   0x0000009c   Code   RO          645    x$fpl$dnaninf       fz_wm.l(dnaninf.o)
    0x08004c24   0x08004c24   0x0000000c   Code   RO          647    x$fpl$dretinf       fz_wm.l(dretinf.o)
    0x08004c30   0x08004c30   0x0000006c   Code   RO          622    x$fpl$drleqf        fz_wm.l(drleqf.o)
    0x08004c9c   0x08004c9c   0x00000198   Code   RO          649    x$fpl$dsqrt         fz_wm.l(dsqrt_umaal.o)
    0x08004e34   0x08004e34   0x00000056   Code   RO          624    x$fpl$f2d           fz_wm.l(f2d.o)
    0x08004e8a   0x08004e8a   0x0000008c   Code   RO          651    x$fpl$fnaninf       fz_wm.l(fnaninf.o)
    0x08004f16   0x08004f16   0x0000000a   Code   RO          743    x$fpl$fpinit        fz_wm.l(fpinit.o)
    0x08004f20   0x08004f20   0x00000000   Code   RO          653    x$fpl$usenofp       fz_wm.l(usenofp.o)
    0x08004f20   0x08004f20   0x00000c80   Data   RO          269    .constdata          test.o
    0x08005ba0   0x08005ba0   0x00003e28   Data   RO          296    .constdata          lcd.o
    0x080099c8   0x080099c8   0x0000001c   Data   RO          580    .constdata          stm32f4xx_fsmc.o
    0x080099e4   0x080099e4   0x00000020   Data   RO          809    Region$$Table       anon$$obj.o


    Execution Region RW_IRAM1 (Exec base: 0x20000000, Load base: 0x08009a04, Size: 0x000007a0, Max: 0x00020000, ABSOLUTE)

    Exec Addr    Load Addr    Size         Type   Attr      Idx    E Section Name        Object

    0x20000000   0x08009a04   0x00000014   Data   RW          214    .data               system_stm32f4xx.o
    0x20000014   0x08009a18   0x0000000a   Data   RW          270    .data               test.o
    0x2000001e   0x08009a22   0x00000006   Data   RW          297    .data               lcd.o
    0x20000024   0x08009a28   0x00000036   Data   RW          370    .data               touch.o
    0x2000005a   0x08009a5e   0x00000004   Data   RW          400    .data               delay.o
    0x2000005e   0x08009a62   0x00000002   PAD
    0x20000060   0x08009a64   0x00000006   Data   RW          441    .data               usart.o
    0x20000066   0x08009a6a   0x00000010   Data   RW          518    .data               stm32f4xx_rcc.o
    0x20000076   0x08009a7a   0x00000002   PAD
    0x20000078        -       0x000000c8   Zero   RW          440    .bss                usart.o
    0x20000140        -       0x00000060   Zero   RW          675    .bss                c_w.l(libspace.o)
    0x200001a0        -       0x00000200   Zero   RW          469    HEAP                startup_stm32f40_41xxx.o
    0x200003a0        -       0x00000400   Zero   RW          468    STACK               startup_stm32f40_41xxx.o


==============================================================================

Image component sizes


      Code (inc. data)   RO Data    RW Data    ZI Data      Debug   Object Name

       378          0          0          0          0       3066   24cxx.o
       260          8          0          4          0       1729   delay.o
       652          6          0          0          0       3289   gui.o
      4360        102      15912          6          0      15659   lcd.o
        62          0          0          0          0     271095   main.o
       224         20          0          0          0       2065   misc.o
       616         14          0          0          0       2044   myiic.o
        64         26        392          0       1536        932   startup_stm32f40_41xxx.o
      1480         18         28          0          0       6018   stm32f4xx_fsmc.o
       660         44          0          0          0       4409   stm32f4xx_gpio.o
        26          0          0          0          0       1346   stm32f4xx_it.o
      1628         52          0         16          0      13404   stm32f4xx_rcc.o
      1108         34          0          0          0       8132   stm32f4xx_usart.o
       528         46          0         20          0       2151   system_stm32f4xx.o
      2404        544       3200         10          0       3309   test.o
      3398        266          0         54          0       7064   touch.o
       332         18          0          6        200       3718   usart.o

    ----------------------------------------------------------------------
     18186       1198      19564        120       1736     349430   Object Totals
         0          0         32          0          0          0   (incl. Generated)
         6          0          0          4          0          0   (incl. Padding)

    ----------------------------------------------------------------------

      Code (inc. data)   RO Data    RW Data    ZI Data      Debug   Library Member Name

         8          0          0          0          0         68   __main.o
         0          0          0          0          0          0   __rtentry.o
        12          0          0          0          0          0   __rtentry2.o
         6          0          0          0          0          0   __rtentry4.o
        52          8          0          0          0          0   __scatter.o
        26          0          0          0          0          0   __scatter_copy.o
        28          0          0          0          0          0   __scatter_zi.o
        22          0          0          0          0        100   _rserrno.o
        18          0          0          0          0         80   exit.o
         6          0          0          0          0        152   heapauxi.o
         2          0          0          0          0          0   libinit.o
         6          0          0          0          0          0   libinit2.o
         2          0          0          0          0          0   libshutdown.o
         2          0          0          0          0          0   libshutdown2.o
         8          4          0          0         96         68   libspace.o
         8          4          0          0          0         68   rt_errno_addr_intlibspace.o
         2          0          0          0          0          0   rtexit.o
        10          0          0          0          0          0   rtexit2.o
        62          0          0          0          0         76   strlen.o
        74          0          0          0          0         80   sys_stackheap_outer.o
         2          0          0          0          0         68   use_no_semi.o
         2          0          0          0          0         68   use_no_semi_2.o
        24          0          0          0          0        116   dcmpi.o
        90          4          0          0          0        140   dfixu.o
        38          0          0          0          0        116   dflt_clz.o
       120          4          0          0          0        140   dleqf.o
       156          4          0          0          0        140   dnaninf.o
        12          0          0          0          0        116   dretinf.o
       108          0          0          0          0        128   drleqf.o
       408         56          0          0          0        168   dsqrt_umaal.o
        86          4          0          0          0        132   f2d.o
       140          4          0          0          0        132   fnaninf.o
        10          0          0          0          0        116   fpinit.o
         0          0          0          0          0          0   usenofp.o
       122          0          0          0          0        148   sqrt.o

    ----------------------------------------------------------------------
      1678         92          0          0         96       2420   Library Totals
         6          0          0          0          0          0   (incl. Padding)

    ----------------------------------------------------------------------

      Code (inc. data)   RO Data    RW Data    ZI Data      Debug   Library Name

       358         16          0          0         96        828   c_w.l
      1192         76          0          0          0       1444   fz_wm.l
       122          0          0          0          0        148   m_wm.l

    ----------------------------------------------------------------------
      1678         92          0          0         96       2420   Library Totals

    ----------------------------------------------------------------------

==============================================================================


      Code (inc. data)   RO Data    RW Data    ZI Data      Debug   

     19864       1290      19564        120       1832     347538   Grand Totals
     19864       1290      19564        120       1832     347538   ELF Image Totals
     19864       1290      19564        120          0          0   ROM Totals

==============================================================================

    Total RO  Size (Code + RO Data)                39428 (  38.50kB)
    Total RW  Size (RW Data + ZI Data)              1952 (   1.91kB)
    Total ROM Size (Code + RO Data + RW Data)      39548 (  38.62kB)

==============================================================================

