<html>
<body>
<pre>
<h1>礦ision Build Log</h1>
<h2>Tool Versions:</h2>
IDE-Version: μVision V5.38.0.0
Copyright (C) 2022 ARM Ltd and ARM Germany GmbH. All rights reserved.
License Information: y sc, ysc, LIC=CUUUD-SH80D-Y0JN7-S5CD3-21WVS-ZCPY5
 
Tool Versions:
Toolchain:       MDK-ARM Community  Version: 5.38.0.0
Toolchain Path:  D:\work\keil5\ARM\ARMCC\Bin
C Compiler:      Armcc.exe V5.06 update 7 (build 960)
Assembler:       Armasm.exe V5.06 update 7 (build 960)
Linker/Locator:  ArmLink.exe V5.06 update 7 (build 960)
Library Manager: ArmAr.exe V5.06 update 7 (build 960)
Hex Converter:   FromElf.exe V5.06 update 7 (build 960)
CPU DLL:         SARMCM3.DLL V5.38.0.0
Dialog DLL:      DCM.DLL V1.17.5.0
Target DLL:      STLink\ST-LINKIII-KEIL_SWO.dll V3.1.0.0
Dialog DLL:      TCM.DLL V1.56.4.0
 
<h2>Project:</h2>
C:\Users\yanshchang\OneDrive\桌面\DigitalCamera_STM32-master\数据手册\摄像头手册\OV5640-Camera-Board-(B)-Code\OV5640_F746I-C (7 inch)\MDK-ARM\STM32F746I.uvprojx
Project File Date:  04/06/2024

<h2>Output:</h2>
*** Using Compiler 'V5.06 update 7 (build 960)', folder: 'D:\work\keil5\ARM\ARMCC\Bin'
Build target 'STM32F746I'
compiling main.c...
compiling ltdc.c...
compiling stm32f7xx_hal_msp.c...
compiling dma2d.c...
compiling stm32f7xx_it.c...
assembling startup_stm32f746xx.s...
compiling gpio.c...
compiling usart.c...
compiling fmc.c...
compiling stm32f7xx_hal_gpio.c...
compiling stm32f7xx_hal_tim.c...
compiling stm32f7xx_hal_dma2d.c...
compiling stm32f7xx_hal_tim_ex.c...
compiling dcmi.c...
compiling stm32f7xx_ll_fmc.c...
compiling dma.c...
compiling stm32f7xx_hal_i2c.c...
compiling stm32f7xx_hal_pwr_ex.c...
compiling stm32f7xx_hal_pwr.c...
compiling stm32f7xx_hal_dma_ex.c...
compiling stm32f7xx_hal_rcc_ex.c...
compiling stm32f7xx_hal_ltdc.c...
compiling stm32f7xx_hal_sdram.c...
compiling stm32f7xx_hal_ltdc_ex.c...
compiling stm32f7xx_hal.c...
compiling stm32f7xx_hal_i2c_ex.c...
compiling stm32f7xx_hal_cortex.c...
compiling stm32f7xx_hal_dma.c...
compiling stm32f7xx_hal_dsi.c...
compiling stm32f7xx_hal_uart.c...
compiling stm32f7xx_hal_rcc.c...
compiling stm32f7xx_hal_dcmi_ex.c...
compiling stm32746g_sdram.c...
compiling ov5640.c...
compiling system_stm32f7xx.c...
compiling stm32f7xx_hal_dcmi.c...
compiling stm32f7xx_hal_flash.c...
compiling stm32746g_lcd.c...
compiling stm32f7xx_hal_flash_ex.c...
compiling sccb.c...
linking...
Program Size: Code=18596 RO-data=12796 RW-data=44 ZI-data=415804  
"STM32F746I\STM32F746I.axf" - 0 Error(s), 0 Warning(s).

<h2>Software Packages used:</h2>

Package Vendor: ARM
                http://www.keil.com/pack/ARM.CMSIS.5.9.0.pack
                ARM.CMSIS.5.9.0
                CMSIS (Common Microcontroller Software Interface Standard)
   * Component: CORE Version: 5.6.0

Package Vendor: Keil
                https://www.keil.com/pack/Keil.STM32F7xx_DFP.2.15.2.pack
                Keil.STM32F7xx_DFP.2.15.2
                STMicroelectronics STM32F7 Series Device Support, Drivers and Examples

<h2>Collection of Component include folders:</h2>
  ./RTE/_STM32F746I
  D:/work/keil5/ARM/CMSIS/5.9.0/CMSIS/Core/Include
  D:/work/keil5/Keil/STM32F7xx_DFP/2.15.2/Drivers/CMSIS/Device/ST/STM32F7xx/Include

<h2>Collection of Component Files used:</h2>

   * Component: ARM::CMSIS:CORE:5.6.0
Build Time Elapsed:  00:00:40
</pre>
</body>
</html>
